###############################################################################
#
# IAR ELF Linker V9.10.1.308/W64 for ARM                  04/Sep/2024  12:06:03
# Copyright 2007-2021 IAR Systems AB.
#
#    Output file  =
#        D:\Firmware\Olimpia Firmware original\Peripheral
#        BLE\examples\ble_peripheral\ble_app_uart_v2\pca10040\s132\iar\_build\ble_app_uart_pca10040_s132.out
#    Map file     =
#        D:\Firmware\Olimpia Firmware original\Peripheral
#        BLE\examples\ble_peripheral\ble_app_uart_v2\pca10040\s132\iar\_build\ble_app_uart_pca10040_s132.map
#    Command line =
#        -f "D:\Firmware\Olimpia Firmware original\Peripheral
#        BLE\examples\ble_peripheral\ble_app_uart_v2\pca10040\s132\iar\_build\ble_app_uart_pca10040_s132.out.rsp"
#        ("D:\Firmware\Olimpia Firmware original\Peripheral
#        BLE\examples\ble_peripheral\ble_app_uart_v2\pca10040\s132\iar\_build\nRF_Libraries\app_button.o"
#        "D:\Firmware\Olimpia Firmware original\Peripheral
#        BLE\examples\ble_peripheral\ble_app_uart_v2\pca10040\s132\iar\_build\nRF_Libraries\app_error.o"
#        "D:\Firmware\Olimpia Firmware original\Peripheral
#        BLE\examples\ble_peripheral\ble_app_uart_v2\pca10040\s132\iar\_build\nRF_Libraries\app_error_handler_iar.o"
#        "D:\Firmware\Olimpia Firmware original\Peripheral
#        BLE\examples\ble_peripheral\ble_app_uart_v2\pca10040\s132\iar\_build\nRF_Libraries\app_error_weak.o"
#        "D:\Firmware\Olimpia Firmware original\Peripheral
#        BLE\examples\ble_peripheral\ble_app_uart_v2\pca10040\s132\iar\_build\nRF_Libraries\app_fifo.o"
#        "D:\Firmware\Olimpia Firmware original\Peripheral
#        BLE\examples\ble_peripheral\ble_app_uart_v2\pca10040\s132\iar\_build\nRF_Libraries\app_scheduler.o"
#        "D:\Firmware\Olimpia Firmware original\Peripheral
#        BLE\examples\ble_peripheral\ble_app_uart_v2\pca10040\s132\iar\_build\nRF_Libraries\app_timer2.o"
#        "D:\Firmware\Olimpia Firmware original\Peripheral
#        BLE\examples\ble_peripheral\ble_app_uart_v2\pca10040\s132\iar\_build\nRF_Libraries\app_uart_fifo.o"
#        "D:\Firmware\Olimpia Firmware original\Peripheral
#        BLE\examples\ble_peripheral\ble_app_uart_v2\pca10040\s132\iar\_build\nRF_Libraries\app_util_platform.o"
#        "D:\Firmware\Olimpia Firmware original\Peripheral
#        BLE\examples\ble_peripheral\ble_app_uart_v2\pca10040\s132\iar\_build\nRF_BLE\ble_advdata.o"
#        "D:\Firmware\Olimpia Firmware original\Peripheral
#        BLE\examples\ble_peripheral\ble_app_uart_v2\pca10040\s132\iar\_build\nRF_BLE\ble_advertising.o"
#        "D:\Firmware\Olimpia Firmware original\Peripheral
#        BLE\examples\ble_peripheral\ble_app_uart_v2\pca10040\s132\iar\_build\nRF_BLE\ble_conn_params.o"
#        "D:\Firmware\Olimpia Firmware original\Peripheral
#        BLE\examples\ble_peripheral\ble_app_uart_v2\pca10040\s132\iar\_build\nRF_BLE\ble_conn_state.o"
#        "D:\Firmware\Olimpia Firmware original\Peripheral
#        BLE\examples\ble_peripheral\ble_app_uart_v2\pca10040\s132\iar\_build\nRF_BLE\ble_link_ctx_manager.o"
#        "D:\Firmware\Olimpia Firmware original\Peripheral
#        BLE\examples\ble_peripheral\ble_app_uart_v2\pca10040\s132\iar\_build\nRF_BLE_Services\ble_mic.o"
#        "D:\Firmware\Olimpia Firmware original\Peripheral
#        BLE\examples\ble_peripheral\ble_app_uart_v2\pca10040\s132\iar\_build\nRF_BLE\ble_srv_common.o"
#        "D:\Firmware\Olimpia Firmware original\Peripheral
#        BLE\examples\ble_peripheral\ble_app_uart_v2\pca10040\s132\iar\_build\Board
#        Definition\boards.o" "D:\Firmware\Olimpia Firmware original\Peripheral
#        BLE\examples\ble_peripheral\ble_app_uart_v2\pca10040\s132\iar\_build\Board
#        Support\bsp.o" "D:\Firmware\Olimpia Firmware original\Peripheral
#        BLE\examples\ble_peripheral\ble_app_uart_v2\pca10040\s132\iar\_build\Board
#        Support\bsp_btn_ble.o" "D:\Firmware\Olimpia Firmware
#        original\Peripheral
#        BLE\examples\ble_peripheral\ble_app_uart_v2\pca10040\s132\iar\_build\nRF_Libraries\drv_rtc.o"
#        "D:\Firmware\Olimpia Firmware original\Peripheral
#        BLE\examples\ble_peripheral\ble_app_uart_v2\pca10040\s132\iar\_build\nRF_Libraries\hardfault_implementation.o"
#        "D:\Firmware\Olimpia Firmware original\Peripheral
#        BLE\examples\ble_peripheral\ble_app_uart_v2\pca10040\s132\iar\_build\nRF_BLE\iar_startup_nrf52.o"
#        "D:\Firmware\Olimpia Firmware original\Peripheral
#        BLE\examples\ble_peripheral\ble_app_uart_v2\pca10040\s132\iar\_build\Application\main.o"
#        "D:\Firmware\Olimpia Firmware original\Peripheral
#        BLE\examples\ble_peripheral\ble_app_uart_v2\pca10040\s132\iar\_build\nRF_Libraries\nrf_assert.o"
#        "D:\Firmware\Olimpia Firmware original\Peripheral
#        BLE\examples\ble_peripheral\ble_app_uart_v2\pca10040\s132\iar\_build\nRF_Libraries\nrf_atfifo.o"
#        "D:\Firmware\Olimpia Firmware original\Peripheral
#        BLE\examples\ble_peripheral\ble_app_uart_v2\pca10040\s132\iar\_build\nRF_Libraries\nrf_atflags.o"
#        "D:\Firmware\Olimpia Firmware original\Peripheral
#        BLE\examples\ble_peripheral\ble_app_uart_v2\pca10040\s132\iar\_build\nRF_Libraries\nrf_atomic.o"
#        "D:\Firmware\Olimpia Firmware original\Peripheral
#        BLE\examples\ble_peripheral\ble_app_uart_v2\pca10040\s132\iar\_build\nRF_Libraries\nrf_balloc.o"
#        "D:\Firmware\Olimpia Firmware original\Peripheral
#        BLE\examples\ble_peripheral\ble_app_uart_v2\pca10040\s132\iar\_build\nRF_BLE\nrf_ble_gatt.o"
#        "D:\Firmware\Olimpia Firmware original\Peripheral
#        BLE\examples\ble_peripheral\ble_app_uart_v2\pca10040\s132\iar\_build\nRF_BLE\nrf_ble_qwr.o"
#        "D:\Firmware\Olimpia Firmware original\Peripheral
#        BLE\examples\ble_peripheral\ble_app_uart_v2\pca10040\s132\iar\_build\nRF_Drivers\nrf_drv_clock.o"
#        "D:\Firmware\Olimpia Firmware original\Peripheral
#        BLE\examples\ble_peripheral\ble_app_uart_v2\pca10040\s132\iar\_build\nRF_Drivers\nrf_drv_twi.o"
#        "D:\Firmware\Olimpia Firmware original\Peripheral
#        BLE\examples\ble_peripheral\ble_app_uart_v2\pca10040\s132\iar\_build\nRF_Drivers\nrf_drv_uart.o"
#        "D:\Firmware\Olimpia Firmware original\Peripheral
#        BLE\examples\ble_peripheral\ble_app_uart_v2\pca10040\s132\iar\_build\nRF_Libraries\nrf_fprintf.o"
#        "D:\Firmware\Olimpia Firmware original\Peripheral
#        BLE\examples\ble_peripheral\ble_app_uart_v2\pca10040\s132\iar\_build\nRF_Libraries\nrf_fprintf_format.o"
#        "D:\Firmware\Olimpia Firmware original\Peripheral
#        BLE\examples\ble_peripheral\ble_app_uart_v2\pca10040\s132\iar\_build\nRF_Log\nrf_log_backend_rtt.o"
#        "D:\Firmware\Olimpia Firmware original\Peripheral
#        BLE\examples\ble_peripheral\ble_app_uart_v2\pca10040\s132\iar\_build\nRF_Log\nrf_log_backend_serial.o"
#        "D:\Firmware\Olimpia Firmware original\Peripheral
#        BLE\examples\ble_peripheral\ble_app_uart_v2\pca10040\s132\iar\_build\nRF_Log\nrf_log_default_backends.o"
#        "D:\Firmware\Olimpia Firmware original\Peripheral
#        BLE\examples\ble_peripheral\ble_app_uart_v2\pca10040\s132\iar\_build\nRF_Log\nrf_log_frontend.o"
#        "D:\Firmware\Olimpia Firmware original\Peripheral
#        BLE\examples\ble_peripheral\ble_app_uart_v2\pca10040\s132\iar\_build\nRF_Log\nrf_log_str_formatter.o"
#        "D:\Firmware\Olimpia Firmware original\Peripheral
#        BLE\examples\ble_peripheral\ble_app_uart_v2\pca10040\s132\iar\_build\nRF_Libraries\nrf_memobj.o"
#        "D:\Firmware\Olimpia Firmware original\Peripheral
#        BLE\examples\ble_peripheral\ble_app_uart_v2\pca10040\s132\iar\_build\nRF_Libraries\nrf_pwr_mgmt.o"
#        "D:\Firmware\Olimpia Firmware original\Peripheral
#        BLE\examples\ble_peripheral\ble_app_uart_v2\pca10040\s132\iar\_build\nRF_Libraries\nrf_ringbuf.o"
#        "D:\Firmware\Olimpia Firmware original\Peripheral
#        BLE\examples\ble_peripheral\ble_app_uart_v2\pca10040\s132\iar\_build\nRF_SoftDevice\nrf_sdh.o"
#        "D:\Firmware\Olimpia Firmware original\Peripheral
#        BLE\examples\ble_peripheral\ble_app_uart_v2\pca10040\s132\iar\_build\nRF_SoftDevice\nrf_sdh_ble.o"
#        "D:\Firmware\Olimpia Firmware original\Peripheral
#        BLE\examples\ble_peripheral\ble_app_uart_v2\pca10040\s132\iar\_build\nRF_SoftDevice\nrf_sdh_soc.o"
#        "D:\Firmware\Olimpia Firmware original\Peripheral
#        BLE\examples\ble_peripheral\ble_app_uart_v2\pca10040\s132\iar\_build\nRF_Libraries\nrf_section_iter.o"
#        "D:\Firmware\Olimpia Firmware original\Peripheral
#        BLE\examples\ble_peripheral\ble_app_uart_v2\pca10040\s132\iar\_build\nRF_Libraries\nrf_sortlist.o"
#        "D:\Firmware\Olimpia Firmware original\Peripheral
#        BLE\examples\ble_peripheral\ble_app_uart_v2\pca10040\s132\iar\_build\nRF_Libraries\nrf_strerror.o"
#        "D:\Firmware\Olimpia Firmware original\Peripheral
#        BLE\examples\ble_peripheral\ble_app_uart_v2\pca10040\s132\iar\_build\nRF_Drivers\nrfx_atomic.o"
#        "D:\Firmware\Olimpia Firmware original\Peripheral
#        BLE\examples\ble_peripheral\ble_app_uart_v2\pca10040\s132\iar\_build\nRF_Drivers\nrfx_clock.o"
#        "D:\Firmware\Olimpia Firmware original\Peripheral
#        BLE\examples\ble_peripheral\ble_app_uart_v2\pca10040\s132\iar\_build\nRF_Drivers\nrfx_gpiote.o"
#        "D:\Firmware\Olimpia Firmware original\Peripheral
#        BLE\examples\ble_peripheral\ble_app_uart_v2\pca10040\s132\iar\_build\nRF_Drivers\nrfx_prs.o"
#        "D:\Firmware\Olimpia Firmware original\Peripheral
#        BLE\examples\ble_peripheral\ble_app_uart_v2\pca10040\s132\iar\_build\nRF_Drivers\nrfx_twi.o"
#        "D:\Firmware\Olimpia Firmware original\Peripheral
#        BLE\examples\ble_peripheral\ble_app_uart_v2\pca10040\s132\iar\_build\nRF_Drivers\nrfx_twim.o"
#        "D:\Firmware\Olimpia Firmware original\Peripheral
#        BLE\examples\ble_peripheral\ble_app_uart_v2\pca10040\s132\iar\_build\nRF_Drivers\nrfx_uart.o"
#        "D:\Firmware\Olimpia Firmware original\Peripheral
#        BLE\examples\ble_peripheral\ble_app_uart_v2\pca10040\s132\iar\_build\nRF_Drivers\nrfx_uarte.o"
#        "D:\Firmware\Olimpia Firmware original\Peripheral
#        BLE\examples\ble_peripheral\ble_app_uart_v2\pca10040\s132\iar\_build\nRF_BLE\pm_buffer.o"
#        "D:\Firmware\Olimpia Firmware original\Peripheral
#        BLE\examples\ble_peripheral\ble_app_uart_v2\pca10040\s132\iar\_build\nRF_Libraries\retarget.o"
#        "D:\Firmware\Olimpia Firmware original\Peripheral
#        BLE\examples\ble_peripheral\ble_app_uart_v2\pca10040\s132\iar\_build\nRF_Segger_RTT\SEGGER_RTT.o"
#        "D:\Firmware\Olimpia Firmware original\Peripheral
#        BLE\examples\ble_peripheral\ble_app_uart_v2\pca10040\s132\iar\_build\nRF_Segger_RTT\SEGGER_RTT_printf.o"
#        "D:\Firmware\Olimpia Firmware original\Peripheral
#        BLE\examples\ble_peripheral\ble_app_uart_v2\pca10040\s132\iar\_build\nRF_Segger_RTT\SEGGER_RTT_Syscalls_IAR.o"
#        "D:\Firmware\Olimpia Firmware original\Peripheral
#        BLE\examples\ble_peripheral\ble_app_uart_v2\pca10040\s132\iar\_build\None\system_nrf52.o"
#        "D:\Firmware\Olimpia Firmware original\Peripheral
#        BLE\examples\ble_peripheral\ble_app_uart_v2\pca10040\s132\iar\_build\UTF8\UTF16
#        converter\utf.o" --redirect _Printf=_PrintfFull --redirect
#        _Scanf=_ScanfFull --no_out_extension -o "D:\Firmware\Olimpia Firmware
#        original\Peripheral
#        BLE\examples\ble_peripheral\ble_app_uart_v2\pca10040\s132\iar\_build\ble_app_uart_pca10040_s132.out"
#        --map "D:\Firmware\Olimpia Firmware original\Peripheral
#        BLE\examples\ble_peripheral\ble_app_uart_v2\pca10040\s132\iar\_build\ble_app_uart_pca10040_s132.map"
#        --config "D:\Firmware\Olimpia Firmware original\Peripheral
#        BLE\examples\ble_peripheral\ble_app_uart_v2\pca10040\s132\iar\ble_app_uart_iar_nRF5x.icf"
#        --warnings_are_errors --semihosting --entry __iar_program_start
#        --inline --vfe --text_out locale)
#
###############################################################################

*******************************************************************************
*** RUNTIME MODEL ATTRIBUTES
***

CppFlavor       = *
__SystemLibrary = DLib
__dlib_version  = 6


*******************************************************************************
*** HEAP SELECTION
***

The basic heap was selected because no calls to memory allocation
functions were found in the application outside of system library
functions, and there are calls to deallocation functions in the
application.


*******************************************************************************
*** PLACEMENT SUMMARY
***

"A0":  place at address 0x2'6000 { ro section .intvec };
define block RO_END with size = 0, alignment = 8 { };
"P1":  place in [from 0x2'6000 to 0x7'ffff] { ro, block RO_END };
define block CSTACK with size = 8K, alignment = 8 { };
define block HEAP with size = 8K, alignment = 8 { };
"P2":  place in [from 0x2000'2ad8 to 0x2000'ffff] {
          rw, block CSTACK, block HEAP };
initialize by copy { rw };
keep { section .intvec };

  Section                 Kind         Address    Size  Object
  -------                 ----         -------    ----  ------
"A0":                                            0x200
  .intvec                 ro code     0x2'6000   0x200  iar_startup_nrf52.o [6]
                                    - 0x2'6200   0x200

"P1":                                           0x6b3a
  .text                   ro code     0x2'6200   0x550  main.o [1]
  .text                   ro code     0x2'6750    0x1e  app_error.o [9]
  .text                   ro code     0x2'676e    0x76  lz77_init_single.o [15]
  .text                   ro code     0x2'67e4   0x220  app_uart_fifo.o [9]
  .text                   ro code     0x2'6a04   0x3e4  bsp.o [3]
  .text                   ro code     0x2'6de8    0xd4  bsp_btn_ble.o [3]
  .text                   ro code     0x2'6ebc   0x100  nrf_ble_qwr.o [6]
  .text                   ro code     0x2'6fbc   0x2a4  nrf_ble_gatt.o [6]
  .text                   ro code     0x2'7260   0x40c  ble_advertising.o [6]
  .text                   ro code     0x2'766c    0x18  ABImemcpy_small.o [15]
  .text                   ro code     0x2'7684   0x2ac  ble_mic.o [7]
  .text                   ro code     0x2'7930   0x13c  boards.o [2]
  .text                   ro code     0x2'7a6c   0x17c  nrf_drv_clock.o [8]
  .text                   ro code     0x2'7be8   0x3cc  app_timer2.o [9]
  .text                   ro code     0x2'7fb4    0x6c  nrf_pwr_mgmt.o [9]
  .text                   ro code     0x2'8020   0x1ac  nrf_sdh.o [12]
  .text                   ro code     0x2'81cc   0x228  nrf_sdh_ble.o [12]
  .text                   ro code     0x2'83f4     0x6  ABImemclr4.o [15]
  .rodata                 const       0x2'83fa     0x2  xlocale_c.o [13]
  .text                   ro code     0x2'83fc   0x24c  ble_conn_params.o [6]
  .text                   ro code     0x2'8648   0x518  nrf_log_frontend.o [10]
  .text                   ro code     0x2'8b60    0x68  app_error_weak.o [9]
  .text                   ro code     0x2'8bc8   0x4a8  nrfx_uarte.o [8]
  .text                   ro code     0x2'9070   0x534  nrfx_uart.o [8]
  .text                   ro code     0x2'95a4    0x90  app_fifo.o [9]
  .text                   ro code     0x2'9634    0x8c  nrf_drv_uart.o [8]
  .text                   ro code     0x2'96c0   0x106  I64DivMod_small.o [15]
  .text                   ro code     0x2'97c6     0x2  iar_startup_nrf52.o [6]
  .text                   ro code     0x2'97c8   0x254  app_button.o [9]
  .text                   ro code     0x2'9a1c    0x5c  nrf_strerror.o [9]
  .text                   ro code     0x2'9a78   0x47c  ble_advdata.o [6]
  .text                   ro code     0x2'9ef4     0x6  ABImemclr.o [15]
  .text                   ro code     0x2'9efa    0x56  ble_link_ctx_manager.o [6]
  .text                   ro code     0x2'9f50   0x1f8  ble_srv_common.o [6]
  .text                   ro code     0x2'a148   0x100  nrfx_clock.o [8]
  .text                   ro code     0x2'a248    0x70  app_util_platform.o [9]
  .text                   ro code     0x2'a2c0   0x2c8  drv_rtc.o [9]
  .text                   ro code     0x2'a588    0x4a  nrf_sortlist.o [9]
  .text                   ro code     0x2'a5d2     0x2  iar_startup_nrf52.o [6]
  .text                   ro code     0x2'a5d4   0x104  nrf_atfifo.o [9]
  .text                   ro code     0x2'a6d8    0x46  nrf_section_iter.o [9]
  .text                   ro code     0x2'a71e     0x2  iar_startup_nrf52.o [6]
  .text                   ro code     0x2'a720    0x32  ABImemset48.o [15]
  .text                   ro code     0x2'a752     0x2  iar_startup_nrf52.o [6]
  .text                   ro code     0x2'a754    0x98  nrf_atomic.o [9]
  .text                   ro code     0x2'a7ec   0x154  nrf_memobj.o [9]
  .text                   ro code     0x2'a940    0x48  nrfx_prs.o [8]
  .text                   ro code     0x2'a988     0x2  I64DivZer.o [15]
  .text                   ro code     0x2'a98a     0x2  iar_startup_nrf52.o [6]
  .text                   ro code     0x2'a98c    0x22  I64Shl.o [15]
  .text                   ro code     0x2'a9ae     0x2  iar_startup_nrf52.o [6]
  .text                   ro code     0x2'a9b0   0x4c0  nrfx_gpiote.o [8]
  .text                   ro code     0x2'ae70    0x5e  ABImemset.o [15]
  .text                   ro code     0x2'aece     0x2  iar_startup_nrf52.o [6]
  .text                   ro code     0x2'aed0   0x168  ble_conn_state.o [6]
  .text                   ro code     0x2'b038    0x76  nrf_balloc.o [9]
  .text                   ro code     0x2'b0ae    0x3c  nrf_atflags.o [9]
  .text                   ro code     0x2'b0ea     0x2  iar_startup_nrf52.o [6]
  .text                   ro code     0x2'b0ec   0x39c  nrfx_twi.o [8]
  .text                   ro code     0x2'b488   0x31c  nrf_fprintf_format.o [9]
  .text                   ro code     0x2'b7a4    0x40  nrf_fprintf.o [9]
  .text                   ro code     0x2'b7e4    0x14  strlen_small.o [15]
  .text                   ro code     0x2'b7f8   0x24c  system_nrf52.o [4]
  .text                   ro code     0x2'ba44   0x224  nrf_log_str_formatter.o [10]
  .text                   ro code     0x2'bc68    0x14  isalpha.o [13]
  .text                   ro code     0x2'bc7c    0x14  ispunct.o [13]
  .text                   ro code     0x2'bc90    0x48  xlocale_c.o [13]
  .rodata                 const       0x2'bcd8   0x1d0  nrf_sdh_ble.o [12]
  .rodata                 const       0x2'bea8   0x128  nrf_strerror.o [9]
  .text                   ro code     0x2'bfd0   0x10c  SEGGER_RTT.o [11]
  .rodata                 const       0x2'c0dc    0xe4  nrf_ble_gatt.o [6]
  .text                   ro code     0x2'c1c0    0xcc  nrf_log_backend_serial.o [10]
  .text                   ro code     0x2'c290    0x88  nrf_log_backend_rtt.o [10]
  log_const_data                      0x2'c318    0x88  <Block>
    log_const_data        const       0x2'c318     0x8  app_button.o [9]
    log_const_data        const       0x2'c320     0x8  app_timer2.o [9]
    log_const_data        const       0x2'c328     0x8  ble_mic.o [7]
    log_const_data        const       0x2'c330     0x8  nrf_ble_gatt.o [6]
    log_const_data        const       0x2'c338     0x8  nrf_drv_clock.o [8]
    log_const_data        const       0x2'c340     0x8  nrf_log_frontend.o [10]
    log_const_data        const       0x2'c348     0x8  nrf_pwr_mgmt.o [9]
    log_const_data        const       0x2'c350     0x8  nrf_sdh.o [12]
    log_const_data        const       0x2'c358     0x8  nrf_sdh_ble.o [12]
    log_const_data        const       0x2'c360     0x8  nrf_sdh_soc.o [12]
    log_const_data        const       0x2'c368     0x8  nrf_sortlist.o [9]
    log_const_data        const       0x2'c370     0x8  nrfx_clock.o [8]
    log_const_data        const       0x2'c378     0x8  nrfx_gpiote.o [8]
    log_const_data        const       0x2'c380     0x8  nrfx_prs.o [8]
    log_const_data        const       0x2'c388     0x8  nrfx_twi.o [8]
    log_const_data        const       0x2'c390     0x8  nrfx_uart.o [8]
    log_const_data        const       0x2'c398     0x8  nrfx_uarte.o [8]
  .rodata                 const       0x2'c3a0    0x64  nrf_ble_gatt.o [6]
  .rodata                 const       0x2'c404    0x60  nrf_sdh_ble.o [12]
  .text                   ro code     0x2'c464    0x44  nrf_sdh_soc.o [12]
  .text                   ro code     0x2'c4a8    0x38  zero_init3.o [15]
  .rodata                 const       0x2'c4e0    0x2c  nrf_strerror.o [9]
  .rodata                 const       0x2'c50c    0x28  nrf_strerror.o [9]
  .rodata                 const       0x2'c534    0x28  nrf_strerror.o [9]
  .text                   ro code     0x2'c55c    0x28  data_init.o [15]
  .rodata                 const       0x2'c584    0x24  drv_rtc.o [9]
  .rodata                 const       0x2'c5a8    0x24  nrf_strerror.o [9]
  .rodata                 const       0x2'c5cc    0x24  nrf_strerror.o [9]
  .rodata                 const       0x2'c5f0    0x24  nrf_strerror.o [9]
  .rodata                 const       0x2'c614    0x24  nrf_strerror.o [9]
  .rodata                 const       0x2'c638    0x24  nrf_strerror.o [9]
  .text                   ro code     0x2'c65c    0x22  fpinit_M.o [14]
  .iar.init_table         const       0x2'c680    0x20  - Linker created -
  .text                   ro code     0x2'c6a0     0x2  iar_startup_nrf52.o [6]
  .rodata                 const       0x2'c6a4    0x20  nrf_sdh_ble.o [12]
  .rodata                 const       0x2'c6c4    0x20  nrf_strerror.o [9]
  .rodata                 const       0x2'c6e4    0x20  nrf_strerror.o [9]
  .rodata                 const       0x2'c704    0x20  nrf_strerror.o [9]
  .rodata                 const       0x2'c724    0x20  nrf_strerror.o [9]
  .rodata                 const       0x2'c744    0x20  nrf_strerror.o [9]
  sdh_ble_observers1                  0x2'c764    0x20  <Block>
    sdh_ble_observers1    const       0x2'c764     0x8  ble_conn_params.o [6]
    sdh_ble_observers1    const       0x2'c76c     0x8  bsp_btn_ble.o [3]
    sdh_ble_observers1    const       0x2'c774     0x8  main.o [1]
    sdh_ble_observers1    const       0x2'c77c     0x8  main.o [1]
  .text                   ro code     0x2'c784    0x1e  cmain.o [15]
  .text                   ro code     0x2'c7a2     0x4  exit.o [13]
  .text                   ro code     0x2'c7a6     0x2  iar_startup_nrf52.o [6]
  .text                   ro code     0x2'c7a8     0xa  cexit.o [15]
  .text                   ro code     0x2'c7b2     0x2  iar_startup_nrf52.o [6]
  .text                   ro code     0x2'c7b4    0x14  exit.o [16]
  .rodata                 const       0x2'c7c8    0x1c  app_error_weak.o [9]
  .rodata                 const       0x2'c7e4    0x1c  nrf_strerror.o [9]
  .rodata                 const       0x2'c800    0x1c  nrf_strerror.o [9]
  .rodata                 const       0x2'c81c    0x1c  nrf_strerror.o [9]
  .rodata                 const       0x2'c838    0x1c  nrf_strerror.o [9]
  .rodata                 const       0x2'c854    0x1c  nrf_strerror.o [9]
  .text                   ro code     0x2'c870    0x1c  cstartup_M.o [15]
  .rodata                 const       0x2'c88c    0x18  nrf_pwr_mgmt.o [9]
  .rodata                 const       0x2'c8a4    0x18  nrf_strerror.o [9]
  .rodata                 const       0x2'c8bc    0x18  nrf_strerror.o [9]
  .rodata                 const       0x2'c8d4    0x18  nrf_strerror.o [9]
  .rodata                 const       0x2'c8ec    0x18  nrf_strerror.o [9]
  .rodata                 const       0x2'c904    0x18  nrf_strerror.o [9]
  .rodata                 const       0x2'c91c    0x18  nrf_strerror.o [9]
  .rodata                 const       0x2'c934    0x18  nrf_strerror.o [9]
  .rodata                 const       0x2'c94c    0x18  nrf_strerror.o [9]
  .rodata                 const       0x2'c964    0x18  nrf_strerror.o [9]
  .rodata                 const       0x2'c97c    0x14  nrf_strerror.o [9]
  .rodata                 const       0x2'c990    0x14  nrf_strerror.o [9]
  .rodata                 const       0x2'c9a4    0x14  nrf_strerror.o [9]
  .rodata                 const       0x2'c9b8    0x14  nrf_strerror.o [9]
  .rodata                 const       0x2'c9cc    0x14  nrf_strerror.o [9]
  .rodata                 const       0x2'c9e0    0x14  nrf_strerror.o [9]
  .rodata                 const       0x2'c9f4    0x14  nrf_strerror.o [9]
  nrf_balloc              const       0x2'ca08    0x14  nrf_log_frontend.o [10]
  .rodata                 const       0x2'ca1c    0x10  nrf_ble_gatt.o [6]
  .rodata                 const       0x2'ca2c    0x10  nrf_log_default_backends.o [10]
  .rodata                 const       0x2'ca3c    0x10  nrf_sdh.o [12]
  .rodata                 const       0x2'ca4c    0x10  nrf_sdh.o [12]
  .rodata                 const       0x2'ca5c    0x10  nrf_sdh.o [12]
  .rodata                 const       0x2'ca6c    0x10  nrf_sdh_soc.o [12]
  .rodata                 const       0x2'ca7c    0x10  nrf_strerror.o [9]
  .rodata                 const       0x2'ca8c    0x10  nrf_strerror.o [9]
  .text                   ro code     0x2'ca9c    0x10  iar_startup_nrf52.o [6]
  log_backends            const       0x2'caac    0x10  nrf_log_default_backends.o [10]
  sdh_ble_observers2                  0x2'cabc    0x10  <Block>
    sdh_ble_observers2    const       0x2'cabc     0x8  main.o [1]
    sdh_ble_observers2    const       0x2'cac4     0x8  main.o [1]
  sdh_stack_observers0                0x2'cacc    0x10  <Block>
    sdh_stack_observers0  const       0x2'cacc     0x8  nrf_sdh_ble.o [12]
    sdh_stack_observers0  const       0x2'cad4     0x8  nrf_sdh_soc.o [12]
  .rodata                 const       0x2'cadc     0xc  app_button.o [9]
  .rodata                 const       0x2'cae8     0xc  app_timer2.o [9]
  .rodata                 const       0x2'caf4     0xc  nrf_log_backend_rtt.o [10]
  .rodata                 const       0x2'cb00     0xc  nrf_pwr_mgmt.o [9]
  .rodata                 const       0x2'cb0c     0xc  nrf_sdh_ble.o [12]
  .rodata                 const       0x2'cb18     0xc  nrf_sdh_soc.o [12]
  .rodata                 const       0x2'cb24     0xc  nrf_sortlist.o [9]
  .rodata                 const       0x2'cb30     0xc  nrf_strerror.o [9]
  .rodata                 const       0x2'cb3c     0x8  ble_mic.o [7]
  .rodata                 const       0x2'cb44     0x8  nrf_drv_clock.o [8]
  .rodata                 const       0x2'cb4c     0x8  nrf_log_str_formatter.o [10]
  .rodata                 const       0x2'cb54     0x8  nrf_log_str_formatter.o [10]
  .rodata                 const       0x2'cb5c     0x8  nrf_log_str_formatter.o [10]
  .rodata                 const       0x2'cb64     0x8  nrf_log_str_formatter.o [10]
  .rodata                 const       0x2'cb6c     0x8  nrf_log_str_formatter.o [10]
  .rodata                 const       0x2'cb74     0x8  nrf_log_str_formatter.o [10]
  .rodata                 const       0x2'cb7c     0x8  nrf_log_str_formatter.o [10]
  .rodata                 const       0x2'cb84     0x8  nrf_log_str_formatter.o [10]
  .rodata                 const       0x2'cb8c     0x8  nrf_log_str_formatter.o [10]
  .rodata                 const       0x2'cb94     0x8  nrf_log_str_formatter.o [10]
  .rodata                 const       0x2'cb9c     0x8  nrf_log_str_formatter.o [10]
  .rodata                 const       0x2'cba4     0x8  nrf_sdh.o [12]
  .rodata                 const       0x2'cbac     0x8  nrfx_clock.o [8]
  .rodata                 const       0x2'cbb4     0x8  nrfx_gpiote.o [8]
  .rodata                 const       0x2'cbbc     0x8  nrfx_uart.o [8]
  .rodata                 const       0x2'cbc4     0x8  nrfx_uarte.o [8]
  sdh_ble_observers0                  0x2'cbcc     0x8  <Block>
    sdh_ble_observers0    const       0x2'cbcc     0x8  ble_conn_state.o [6]
  sdh_ble_observers3                  0x2'cbd4     0x8  <Block>
    sdh_ble_observers3    const       0x2'cbd4     0x8  main.o [1]
  sdh_soc_observers0                  0x2'cbdc     0x8  <Block>
    sdh_soc_observers0    const       0x2'cbdc     0x8  nrf_drv_clock.o [8]
  sdh_state_observers0                0x2'cbe4     0x8  <Block>
    sdh_state_observers0  const       0x2'cbe4     0x8  nrf_drv_clock.o [8]
  .rodata                 const       0x2'cbec     0x4  nrf_log_frontend.o [10]
  .rodata                 const       0x2'cbf0     0x4  nrfx_prs.o [8]
  .rodata                 const       0x2'cbf4     0x4  nrfx_twi.o [8]
  .text                   ro code     0x2'cbf8     0x2  iar_startup_nrf52.o [6]
  .text                   ro code     0x2'cbfa     0x2  iar_startup_nrf52.o [6]
  .text                   ro code     0x2'cbfc     0x2  iar_startup_nrf52.o [6]
  .text                   ro code     0x2'cbfe     0x2  iar_startup_nrf52.o [6]
  .text                   ro code     0x2'cc00     0x2  iar_startup_nrf52.o [6]
  .text                   ro code     0x2'cc02     0x2  iar_startup_nrf52.o [6]
  .text                   ro code     0x2'cc04     0x2  iar_startup_nrf52.o [6]
  .text                   ro code     0x2'cc06     0x2  iar_startup_nrf52.o [6]
  .text                   ro code     0x2'cc08     0x2  iar_startup_nrf52.o [6]
  .text                   ro code     0x2'cc0a     0x2  iar_startup_nrf52.o [6]
  .text                   ro code     0x2'cc0c     0x2  iar_startup_nrf52.o [6]
  .text                   ro code     0x2'cc0e     0x2  iar_startup_nrf52.o [6]
  .text                   ro code     0x2'cc10     0x2  iar_startup_nrf52.o [6]
  .text                   ro code     0x2'cc12     0x2  iar_startup_nrf52.o [6]
  .text                   ro code     0x2'cc14     0x2  iar_startup_nrf52.o [6]
  .text                   ro code     0x2'cc16     0x2  iar_startup_nrf52.o [6]
  .text                   ro code     0x2'cc18     0x2  iar_startup_nrf52.o [6]
  .text                   ro code     0x2'cc1a     0x2  iar_startup_nrf52.o [6]
  .text                   ro code     0x2'cc1c     0x2  iar_startup_nrf52.o [6]
  .text                   ro code     0x2'cc1e     0x2  iar_startup_nrf52.o [6]
  .text                   ro code     0x2'cc20     0x2  iar_startup_nrf52.o [6]
  .text                   ro code     0x2'cc22     0x2  iar_startup_nrf52.o [6]
  .text                   ro code     0x2'cc24     0x2  iar_startup_nrf52.o [6]
  .text                   ro code     0x2'cc26     0x2  iar_startup_nrf52.o [6]
  .text                   ro code     0x2'cc28     0x2  iar_startup_nrf52.o [6]
  .text                   ro code     0x2'cc2a     0x2  iar_startup_nrf52.o [6]
  .text                   ro code     0x2'cc2c     0x2  iar_startup_nrf52.o [6]
  .text                   ro code     0x2'cc2e     0x2  iar_startup_nrf52.o [6]
  .text                   ro code     0x2'cc30     0x2  iar_startup_nrf52.o [6]
  .rodata                 const       0x2'cc32     0x0  zero_init3.o [15]
  .rodata                 const       0x2'cc32     0x0  lz77_init_single.o [15]
  Initializer bytes       const       0x2'cc32   0x108  <for P2-1>
                                    - 0x2'cd3a  0x6b3a

"P2", part 1 of 3:                              0x2180
  P2-1                             0x2000'2ad8  0x2180  <Init block>
    .data                 inited   0x2000'2ad8    0x48  app_button.o [9]
    .data                 inited   0x2000'2b20   0x358  app_timer2.o [9]
    .data                 inited   0x2000'2e78    0x80  bsp.o [3]
    .data                 inited   0x2000'2ef8  0x19f0  main.o [1]
    .data                 inited   0x2000'48e8    0x40  app_uart_fifo.o [9]
    .data                 inited   0x2000'4928     0x8  main.o [1]
    .data                 inited   0x2000'4930     0x8  nrf_log_default_backends.o [10]
    .data                 inited   0x2000'4938    0x38  nrf_log_str_formatter.o [10]
    .data                 inited   0x2000'4970   0x29c  SEGGER_RTT.o [11]
    .data                 inited   0x2000'4c0c     0x4  system_nrf52.o [4]
    .data                 inited   0x2000'4c10    0x48  xlocale_c.o [13]
                                 - 0x2000'4c58  0x2180

"P2", part 2 of 3:                               0x778
  .bss                    zero     0x2000'4c58   0x420  nrf_log_frontend.o [10]
  .bss                    zero     0x2000'5078    0xc0  nrf_log_frontend.o [10]
  .bss                    zero     0x2000'5138    0x7c  ble_conn_state.o [6]
  .bss                    zero     0x2000'51b4    0x5c  nrfx_gpiote.o [8]
  .bss                    zero     0x2000'5210    0x40  ble_conn_params.o [6]
  .bss                    zero     0x2000'5250    0x40  nrf_log_backend_rtt.o [10]
  .bss                    zero     0x2000'5290    0x3c  nrfx_twi.o [8]
  .bss                    zero     0x2000'52cc    0x2c  nrfx_uart.o [8]
  .bss                    zero     0x2000'52f8    0x24  nrfx_uarte.o [8]
  .bss                    zero     0x2000'531c    0x1c  ble_conn_params.o [6]
  .bss                    zero     0x2000'5338    0x14  main.o [1]
  .bss                    zero     0x2000'534c    0x14  nrf_drv_clock.o [8]
  .bss                    zero     0x2000'5360    0x14  nrf_pwr_mgmt.o [9]
  .bss                    zero     0x2000'5374     0xc  app_util_platform.o [9]
  .bss                    zero     0x2000'5380     0xc  drv_rtc.o [9]
  .bss                    zero     0x2000'538c     0xc  nrf_drv_uart.o [8]
  .bss                    zero     0x2000'5398     0x8  bsp_btn_ble.o [3]
  .bss                    zero     0x2000'53a0     0x8  nrf_log_frontend.o [10]
  .bss                    zero     0x2000'53a8     0x8  nrf_log_frontend.o [10]
  .bss                    zero     0x2000'53b0     0x8  nrfx_clock.o [8]
  .bss                    zero     0x2000'53b8     0x8  nrfx_prs.o [8]
  .bss                    zero     0x2000'53c0     0x4  app_timer2.o [9]
  .bss                    zero     0x2000'53c4     0x4  main.o [1]
  .bss                    zero     0x2000'53c8     0x3  nrf_sdh.o [12]
  .bss                    zero     0x2000'53cb     0x1  nrf_log_backend_rtt.o [10]
  .bss                    zero     0x2000'53cc     0x1  nrf_sdh_ble.o [12]
                                 - 0x2000'53cd   0x775

"P2", part 3 of 3:                              0x2000
  CSTACK                           0x2000'53d0  0x2000  <Block>
    CSTACK                uninit   0x2000'53d0  0x2000  <Block tail>
                                 - 0x2000'73d0  0x2000

Unused ranges:

         From           To      Size
         ----           --      ----
     0x2'cd3a     0x7'ffff  0x5'32c6
  0x2000'73d0  0x2000'ffff    0x8c30


*******************************************************************************
*** INIT TABLE
***

          Address      Size
          -------      ----
Zero (__iar_zero_init3)
    1 destination range, total size 0x775:
          0x2000'4c58   0x775

Copy/lz77 (__iar_lz77_init_single3)
    1 source range, total size 0x108 (3% of destination):
             0x2'cc32   0x108
    1 destination range, total size 0x2180:
          0x2000'2ad8  0x2180



*******************************************************************************
*** MODULE SUMMARY
***

    Module                      ro code  ro data  rw data
    ------                      -------  -------  -------
command line/config:
    -----------------------------------------------------
    Total:

D:\Firmware\Olimpia Firmware original\Peripheral BLE\examples\ble_peripheral\ble_app_uart_v2\pca10040\s132\iar\_build\Application: [1]
    main.o                        1'360      245    6'672
    -----------------------------------------------------
    Total:                        1'360      245    6'672

D:\Firmware\Olimpia Firmware original\Peripheral BLE\examples\ble_peripheral\ble_app_uart_v2\pca10040\s132\iar\_build\Board Definition: [2]
    boards.o                        316
    -----------------------------------------------------
    Total:                          316

D:\Firmware\Olimpia Firmware original\Peripheral BLE\examples\ble_peripheral\ble_app_uart_v2\pca10040\s132\iar\_build\Board Support: [3]
    bsp.o                           996        4      128
    bsp_btn_ble.o                   212        8        8
    -----------------------------------------------------
    Total:                        1'208       12      136

D:\Firmware\Olimpia Firmware original\Peripheral BLE\examples\ble_peripheral\ble_app_uart_v2\pca10040\s132\iar\_build\None: [4]
    system_nrf52.o                  588                 4
    -----------------------------------------------------
    Total:                          588                 4

D:\Firmware\Olimpia Firmware original\Peripheral BLE\examples\ble_peripheral\ble_app_uart_v2\pca10040\s132\iar\_build\UTF8\UTF16 converter: [5]
    -----------------------------------------------------
    Total:

D:\Firmware\Olimpia Firmware original\Peripheral BLE\examples\ble_peripheral\ble_app_uart_v2\pca10040\s132\iar\_build\nRF_BLE: [6]
    ble_advdata.o                 1'148
    ble_advertising.o             1'036
    ble_conn_params.o               588        8       92
    ble_conn_state.o                360        8      124
    ble_link_ctx_manager.o           86
    ble_srv_common.o                504
    iar_startup_nrf52.o             608
    nrf_ble_gatt.o                  676      352
    nrf_ble_qwr.o                   256
    -----------------------------------------------------
    Total:                        5'262      368      216

D:\Firmware\Olimpia Firmware original\Peripheral BLE\examples\ble_peripheral\ble_app_uart_v2\pca10040\s132\iar\_build\nRF_BLE_Services: [7]
    ble_mic.o                       684       16
    -----------------------------------------------------
    Total:                          684       16

D:\Firmware\Olimpia Firmware original\Peripheral BLE\examples\ble_peripheral\ble_app_uart_v2\pca10040\s132\iar\_build\nRF_Drivers: [8]
    nrf_drv_clock.o                 380       32       20
    nrf_drv_uart.o                  140                12
    nrfx_clock.o                    256       16        8
    nrfx_gpiote.o                 1'216       16       92
    nrfx_prs.o                       72       12        8
    nrfx_twi.o                      924       12       60
    nrfx_uart.o                   1'332       16       44
    nrfx_uarte.o                  1'192       16       36
    -----------------------------------------------------
    Total:                        5'512      120      280

D:\Firmware\Olimpia Firmware original\Peripheral BLE\examples\ble_peripheral\ble_app_uart_v2\pca10040\s132\iar\_build\nRF_Libraries: [9]
    app_button.o                    596       22       72
    app_error.o                      30
    app_error_weak.o                104       28
    app_fifo.o                      144
    app_timer2.o                    972       46      860
    app_uart_fifo.o                 544        2       64
    app_util_platform.o             112                12
    drv_rtc.o                       712       36       12
    nrf_atfifo.o                    260
    nrf_atflags.o                    60
    nrf_atomic.o                    152
    nrf_balloc.o                    118
    nrf_fprintf.o                    64
    nrf_fprintf_format.o            796
    nrf_memobj.o                    340
    nrf_pwr_mgmt.o                  108       44       20
    nrf_section_iter.o               70
    nrf_sortlist.o                   74       20
    nrf_strerror.o                   92    1'300
    -----------------------------------------------------
    Total:                        5'348    1'498    1'040

D:\Firmware\Olimpia Firmware original\Peripheral BLE\examples\ble_peripheral\ble_app_uart_v2\pca10040\s132\iar\_build\nRF_Log: [10]
    nrf_log_backend_rtt.o           136       12       65
    nrf_log_backend_serial.o        204
    nrf_log_default_backends.o                32        8
    nrf_log_frontend.o            1'304       32    1'264
    nrf_log_str_formatter.o         548       90       56
    -----------------------------------------------------
    Total:                        2'192      166    1'393

D:\Firmware\Olimpia Firmware original\Peripheral BLE\examples\ble_peripheral\ble_app_uart_v2\pca10040\s132\iar\_build\nRF_Segger_RTT: [11]
    SEGGER_RTT.o                    268       20      668
    -----------------------------------------------------
    Total:                          268       20      668

D:\Firmware\Olimpia Firmware original\Peripheral BLE\examples\ble_peripheral\ble_app_uart_v2\pca10040\s132\iar\_build\nRF_SoftDevice: [12]
    nrf_sdh.o                       428       64        3
    nrf_sdh_ble.o                   552      620        1
    nrf_sdh_soc.o                    68       44
    -----------------------------------------------------
    Total:                        1'048      728        4

dl7M_tlf.a: [13]
    exit.o                            4
    isalpha.o                        20
    ispunct.o                        20
    xlocale_c.o                      72        5       72
    -----------------------------------------------------
    Total:                          116        5       72

m7M_tls.a: [14]
    fpinit_M.o                       34
    -----------------------------------------------------
    Total:                           34

rt7M_tl.a: [15]
    ABImemclr.o                       6
    ABImemclr4.o                      6
    ABImemcpy_small.o                24
    ABImemset.o                      94
    ABImemset48.o                    50
    I64DivMod_small.o               262
    I64DivZer.o                       2
    I64Shl.o                         34
    cexit.o                          10
    cmain.o                          30
    cstartup_M.o                     28
    data_init.o                      40
    lz77_init_single.o              118
    strlen_small.o                   20
    zero_init3.o                     56
    -----------------------------------------------------
    Total:                          780

shb_l.a: [16]
    exit.o                           20
    -----------------------------------------------------
    Total:                           20

    Gaps                             12        4
    Linker created                            32    8'192
---------------------------------------------------------
    Grand Total:                 24'748    3'214   18'677


*******************************************************************************
*** ENTRY LIST
***

Entry                       Address   Size  Type      Object
-----                       -------   ----  ----      ------
.iar.init_table$$Base      0x2'c680          --   Gb  - Linker created -
.iar.init_table$$Limit     0x2'c6a0          --   Gb  - Linker created -
?main                      0x2'c785         Code  Gb  cmain.o [15]
CONN                    0x2000'2f74    0x1  Data  Gb  main.o [1]
CSTACK$$Base            0x2000'53d0          --   Gb  - Linker created -
CSTACK$$Limit           0x2000'73d0          --   Gb  - Linker created -
DEVICE_ADDRESS          0x2000'2f70    0x1  Data  Gb  main.o [1]
GPIOTE_IRQHandler          0x2'ad33  0x116  Code  Gb  nrfx_gpiote.o [8]
POWER_CLOCK_IRQHandler     0x2'a1ef   0x38  Code  Gb  nrfx_clock.o [8]
RTC1_IRQHandler            0x2'a541    0x8  Code  Gb  drv_rtc.o [9]
Region$$Table$$Base        0x2'c680          --   Gb  - Linker created -
Region$$Table$$Limit       0x2'c6a0          --   Gb  - Linker created -
SEGGER_RTT_WriteNoLock     0x2'c08b   0x4c  Code  Gb  SEGGER_RTT.o [11]
SPIM0_SPIS0_TWIM0_TWIS0_SPI0_TWI0_IRQHandler
                           0x2'b3c5   0xb8  Code  Gb  nrfx_twi.o [8]
SWI2_EGU2_IRQHandler       0x2'81a3    0x2  Code  Gb  nrf_sdh.o [12]
SystemCoreClock         0x2000'4c0c    0x4  Data  Gb  system_nrf52.o [4]
SystemInit                 0x2'b7f9  0x1fe  Code  Gb  system_nrf52.o [4]
TIM_LED                 0x2000'2fa8    0x4  Data  Gb  main.o [1]
UARTE0_UART0_IRQHandler
                           0x2'a941    0x6  Code  Gb  nrfx_prs.o [8]
_ActiveTerminal         0x2000'49e8    0x1  Data  Lc  SEGGER_RTT.o [11]
_GetAvailWriteSpace        0x2'c05f   0x1a  Code  Lc  SEGGER_RTT.o [11]
_LocaleC_isalpha           0x2'bc97    0xc  Code  Gb  xlocale_c.o [13]
_LocaleC_islower           0x2'bc91    0x4  Code  Gb  xlocale_c.o [13]
_LocaleC_ispunct           0x2'bcad   0x22  Code  Gb  xlocale_c.o [13]
_LocaleC_isupper           0x2'bc95    0x2  Code  Gb  xlocale_c.o [13]
_SEGGER_RTT             0x2000'4970   0x78  Data  Gb  SEGGER_RTT.o [11]
_WriteBlocking             0x2'bfd1   0x54  Code  Lc  SEGGER_RTT.o [11]
_WriteNoCheck              0x2'c025   0x3a  Code  Lc  SEGGER_RTT.o [11]
__ICFEDIT_region_RAM_end__ {Abs}
                        0x2000'ffff         Data  Gb  <internal module>
__ICFEDIT_region_RAM_start__ {Abs}
                        0x2000'2ad8         Data  Gb  <internal module>
__Vectors                  0x2'6000          --   Gb  iar_startup_nrf52.o [6]
__Vectors_End              0x2'6200         Data  Gb  iar_startup_nrf52.o [6]
__Vectors_Size {Abs}          0x200          --   Gb  iar_startup_nrf52.o [6]
__aeabi_ldiv0              0x2'a989         Code  Gb  I64DivZer.o [15]
__aeabi_llsl               0x2'a98d         Code  Gb  I64Shl.o [15]
__aeabi_memclr             0x2'9ef5         Code  Gb  ABImemclr.o [15]
__aeabi_memclr4            0x2'83f5         Code  Gb  ABImemclr4.o [15]
__cmain                    0x2'c785         Code  Gb  cmain.o [15]
__exit                     0x2'c7b5   0x14  Code  Gb  exit.o [16]
__iar_Memset4_word         0x2'a721         Code  Gb  ABImemset48.o [15]
__iar_Memset8_word         0x2'a721         Code  Gb  ABImemset48.o [15]
__iar_Memset_word          0x2'ae71         Code  Gb  ABImemset.o [15]
__iar_data_init3           0x2'c55d   0x28  Code  Gb  data_init.o [15]
__iar_globLocale        0x2000'4c10   0x48  Data  Lc  xlocale_c.o [13]
__iar_global_Locale        0x2'bccf    0x4  Code  Gb  xlocale_c.o [13]
__iar_init_vfp             0x2'c65d         Code  Gb  fpinit_M.o [14]
__iar_lz77_init_single3
                           0x2'676f   0x76  Code  Gb  lz77_init_single.o [15]
__iar_program_start        0x2'c871         Code  Gb  cstartup_M.o [15]
__iar_small_Memcpy         0x2'7671         Code  Gb  ABImemcpy_small.o [15]
__iar_small_memcpy         0x2'766d         Code  Gb  ABImemcpy_small.o [15]
__iar_small_memcpy4        0x2'766d         Code  Gb  ABImemcpy_small.o [15]
__iar_small_memcpy8        0x2'766d         Code  Gb  ABImemcpy_small.o [15]
__iar_small_strlen         0x2'b7e5         Code  Gb  strlen_small.o [15]
__iar_small_uldivmod       0x2'96c1         Code  Gb  I64DivMod_small.o [15]
__iar_zero_init3           0x2'c4a9   0x38  Code  Gb  zero_init3.o [15]
__sd_nvic_app_accessible_irq
                           0x2'8025   0x2a  Code  Lc  nrf_sdh.o [12]
__sd_nvic_irq_disable      0x2'a249    0x8  Code  Lc  app_util_platform.o [9]
__vector_table             0x2'6000         Data  Gb  iar_startup_nrf52.o [6]
_aTerminalId            0x2000'49ec   0x10  Data  Lc  SEGGER_RTT.o [11]
_acDownBuffer           0x2000'4bfc   0x10  Data  Lc  SEGGER_RTT.o [11]
_acUpBuffer             0x2000'49fc  0x200  Data  Lc  SEGGER_RTT.o [11]
_call_main                 0x2'c791         Code  Gb  cmain.o [15]
_exit                      0x2'c7a9         Code  Gb  cexit.o [15]
adv_set_data_size_max_get
                           0x2'72a1   0x10  Code  Lc  ble_advertising.o [6]
advertising_buttons_configure
                           0x2'6de9   0x2e  Code  Lc  bsp_btn_ble.o [3]
alert_timer_handler        0x2'6c9b    0x6  Code  Lc  bsp.o [3]
app_button_enable          0x2'99e7   0x20  Code  Gb  app_button.o [9]
app_button_init            0x2'9971   0x76  Code  Gb  app_button.o [9]
app_buttons                0x2'6dc8   0x20  Data  Lc  bsp.o [3]
app_error_fault_handler
                           0x2'8b61   0x68  Code  Gb  app_error_weak.o [9]
app_error_handler_bare     0x2'6751   0x1e  Code  Gb  app_error.o [9]
app_fifo_get               0x2'961f   0x16  Code  Gb  app_fifo.o [9]
app_fifo_init              0x2'95df   0x26  Code  Gb  app_fifo.o [9]
app_fifo_put               0x2'9605   0x1a  Code  Gb  app_fifo.o [9]
app_timer_create           0x2'7ed7   0x22  Code  Gb  app_timer2.o [9]
app_timer_handler          0x2'64c1   0x42  Code  Lc  main.o [1]
app_timer_init             0x2'7e89   0x4e  Code  Gb  app_timer2.o [9]
app_timer_start            0x2'7ef9   0x54  Code  Gb  app_timer2.o [9]
app_timer_stop             0x2'7f55   0x34  Code  Gb  app_timer2.o [9]
app_uart_get               0x2'6957   0x24  Code  Gb  app_uart_fifo.o [9]
app_uart_init              0x2'68c1   0x96  Code  Gb  app_uart_fifo.o [9]
app_uart_inst           0x2000'48fc   0x14  Data  Lc  app_uart_fifo.o [9]
app_uart_put               0x2'6987   0x50  Code  Gb  app_uart_fifo.o [9]
app_util_critical_region_enter
                           0x2'a251   0x36  Code  Gb  app_util_platform.o [9]
app_util_critical_region_exit
                           0x2'a287   0x22  Code  Gb  app_util_platform.o [9]
blcm_link_ctx_get          0x2'9efb   0x56  Code  Gb  ble_link_ctx_manager.o [6]
ble_advdata_encode         0x2'9b4d  0x2de  Code  Gb  ble_advdata.o [6]
ble_advdata_parse          0x2'9ed9   0x1c  Code  Gb  ble_advdata.o [6]
ble_advdata_search         0x2'9e81   0x58  Code  Gb  ble_advdata.o [6]
ble_advertising_conn_cfg_tag_set
                           0x2'72b1    0x6  Code  Gb  ble_advertising.o [6]
ble_advertising_init       0x2'72b7   0xea  Code  Gb  ble_advertising.o [6]
ble_advertising_on_ble_evt
                           0x2'75c3   0x70  Code  Gb  ble_advertising.o [6]
ble_advertising_restart_without_whitelist
                           0x2'7633   0x3a  Code  Gb  ble_advertising.o [6]
ble_advertising_start      0x2'73a1  0x1fe  Code  Gb  ble_advertising.o [6]
ble_conn_params_init       0x2'84bf   0x54  Code  Gb  ble_conn_params.o [6]
ble_conn_state_conn_idx
                           0x2'b01f   0x10  Code  Gb  ble_conn_state.o [6]
ble_conn_state_valid       0x2'b00b   0x10  Code  Gb  ble_conn_state.o [6]
ble_evt_handler            0x2'854f   0xec  Code  Lc  ble_conn_params.o [6]
ble_evt_handler            0x2'af1b   0xf0  Code  Lc  ble_conn_state.o [6]
ble_evt_handler            0x2'6e37   0x6e  Code  Lc  bsp_btn_ble.o [3]
ble_evt_handler            0x2'62a5   0x9a  Code  Lc  main.o [1]
ble_evt_handler{1}{2}{11}::phys
                           0x2'6734    0x2  Data  Lc  main.o [1]
ble_mic_data_send          0x2'78b5   0x6a  Code  Gb  ble_mic.o [7]
ble_mic_init               0x2'77cd   0xe8  Code  Gb  ble_mic.o [7]
ble_mic_on_ble_evt         0x2'7685  0x124  Code  Gb  ble_mic.o [7]
ble_srv_is_notification_enabled
                           0x2'9f5d    0x8  Code  Gb  ble_srv_common.o [6]
ble_stack_init::m_ble_observer
                           0x2'cbd4    0x8  Data  Lc  main.o [1]
bsp_board_button_idx_to_pin
                           0x2'7a11    0x6  Code  Gb  boards.o [2]
bsp_board_init             0x2'7a19   0x4c  Code  Gb  boards.o [2]
bsp_board_led_invert       0x2'79b9   0x1a  Code  Gb  boards.o [2]
bsp_board_led_off          0x2'798d    0x8  Code  Gb  boards.o [2]
bsp_board_led_on           0x2'7985    0x8  Code  Gb  boards.o [2]
bsp_board_led_state_get
                           0x2'797d    0x8  Code  Gb  boards.o [2]
bsp_board_leds_off         0x2'7995   0x12  Code  Gb  boards.o [2]
bsp_board_leds_on          0x2'79a7   0x12  Code  Gb  boards.o [2]
bsp_board_pin_to_button_idx
                           0x2'79f1   0x20  Code  Gb  boards.o [2]
bsp_btn_ble_sleep_mode_prepare
                           0x2'6e17   0x20  Code  Gb  bsp_btn_ble.o [3]
bsp_button_event_handler
                           0x2'6a05   0x76  Code  Lc  bsp.o [3]
bsp_button_event_handler::current_long_push_pin_no
                        0x2000'2e87    0x1  Data  Lc  bsp.o [3]
bsp_button_event_handler::release_event_at_push
                        0x2000'2e90    0x4  Data  Lc  bsp.o [3]
bsp_event_handler          0x2'636b   0x3c  Code  Gb  main.o [1]
bsp_event_to_button_action_assign
                           0x2'6d33   0x3a  Code  Gb  bsp.o [3]
bsp_indication_set         0x2'6ca1   0x16  Code  Gb  bsp.o [3]
bsp_init                   0x2'6cb9   0x7a  Code  Gb  bsp.o [3]
bsp_led_indication         0x2'6ac9  0x1b6  Code  Lc  bsp.o [3]
bsp_wakeup_button_enable
                           0x2'6db7    0x4  Code  Gb  bsp.o [3]
buf_prealloc               0x2'8711  0x10e  Code  Lc  nrf_log_frontend.o [10]
buffer_add                 0x2'b489   0x2c  Code  Lc  nrf_fprintf_format.o [9]
buffer_is_empty            0x2'88d7   0x12  Code  Gb  nrf_log_frontend.o [10]
button_get                 0x2'97e5   0x24  Code  Lc  app_button.o [9]
button_timer_handler       0x2'6a7b   0x28  Code  Lc  bsp.o [3]
channel_free               0x2'ab4f   0x18  Code  Lc  nrfx_gpiote.o [8]
channel_port_alloc         0x2'ab0d   0x42  Code  Lc  nrfx_gpiote.o [8]
characteristic_add         0x2'9f99  0x180  Code  Gb  ble_srv_common.o [6]
clock_clk_started_notify
                           0x2'7b49   0x24  Code  Lc  nrf_drv_clock.o [8]
clock_irq_handler          0x2'7b6d   0x18  Code  Lc  nrf_drv_clock.o [8]
compare_func               0x2'7c19   0x1a  Code  Lc  app_timer2.o [9]
conn_handle_list_get       0x2'aed1   0x3e  Code  Gb  ble_conn_state.o [6]
conn_params_error_handler
                           0x2'625d    0x4  Code  Lc  main.o [1]
conn_params_negotiation
                           0x2'8513   0x3c  Code  Lc  ble_conn_params.o [6]
data_len                0x2000'2f78    0x2  Data  Gb  main.o [1]
data_length_update         0x2'6fd5   0x80  Code  Lc  nrf_ble_gatt.o [6]
detection_delay_timeout_handler
                           0x2'98f7   0x48  Code  Lc  app_button.o [9]
dropped_sat16_get          0x2'86ff   0x12  Code  Lc  nrf_log_frontend.o [10]
drv_rtc_compare_disable
                           0x2'a50b    0xa  Code  Gb  drv_rtc.o [9]
drv_rtc_compare_pending
                           0x2'a515    0xa  Code  Gb  drv_rtc.o [9]
drv_rtc_compare_set        0x2'a39f   0x44  Code  Gb  drv_rtc.o [9]
drv_rtc_counter_get        0x2'a51f    0x8  Code  Gb  drv_rtc.o [9]
drv_rtc_init               0x2'a2fd   0x8e  Code  Gb  drv_rtc.o [9]
drv_rtc_irq_trigger        0x2'a527   0x1a  Code  Gb  drv_rtc.o [9]
drv_rtc_overflow_enable
                           0x2'a4ff    0x6  Code  Gb  drv_rtc.o [9]
drv_rtc_overflow_pending
                           0x2'a505    0x6  Code  Gb  drv_rtc.o [9]
drv_rtc_start              0x2'a38d    0x8  Code  Gb  drv_rtc.o [9]
drv_rtc_stop               0x2'a395    0xa  Code  Gb  drv_rtc.o [9]
drv_rtc_windowed_compare_set
                           0x2'a427   0xd8  Code  Gb  drv_rtc.o [9]
evt_disable                0x2'a3fb   0x16  Code  Lc  drv_rtc.o [9]
evt_enable                 0x2'a3e3   0x18  Code  Lc  drv_rtc.o [9]
evt_handle                 0x2'9829   0xbc  Code  Gb  app_button.o [9]
evt_pending                0x2'a411   0x16  Code  Lc  drv_rtc.o [9]
exit                       0x2'c7a3    0x4  Code  Gb  exit.o [13]
fifo_get                   0x2'95cb   0x14  Code  Lc  app_fifo.o [9]
fifo_length                0x2'6821    0xa  Code  Lc  app_uart_fifo.o [9]
fifo_peek                  0x2'95b9   0x12  Code  Lc  app_fifo.o [9]
fifo_put                   0x2'95a5   0x14  Code  Lc  app_fifo.o [9]
flag_toggle                0x2'af0f    0xc  Code  Lc  ble_conn_state.o [6]
flags_set                  0x2'7279   0x28  Code  Lc  ble_advertising.o [6]
gatt_evt_handler           0x2'633f    0x2  Code  Gb  main.o [1]
gatt_init                  0x2'6341   0x2a  Code  Gb  main.o [1]
get_now                    0x2'7be9   0x30  Code  Lc  app_timer2.o [9]
gpiote_event_handler       0x2'993f   0x32  Code  Lc  app_button.o [9]
index2                  0x2000'2f76    0x2  Data  Lc  main.o [1]
index3                  0x2000'2fa4    0x4  Data  Gb  main.o [1]
instance_get               0x2'83fd   0x12  Code  Lc  ble_conn_params.o [6]
invalid_packets_omit       0x2'86cb   0x34  Code  Lc  nrf_log_frontend.o [10]
is_conn_params_ok          0x2'840f   0x44  Code  Lc  ble_conn_params.o [6]
isalpha                    0x2'bc69   0x14  Code  Gb  isalpha.o [13]
ispunct                    0x2'bc7d   0x14  Code  Gb  ispunct.o [13]
item_enqueue               0x2'7aa9   0x16  Code  Lc  nrf_drv_clock.o [8]
leds_off                   0x2'6aa3   0x26  Code  Lc  bsp.o [3]
leds_timer_handler         0x2'6c8b   0x10  Code  Lc  bsp.o [3]
link_init                  0x2'6fbd   0x18  Code  Lc  nrf_ble_gatt.o [6]
log_backend_cb_rtt_log_backend
                        0x2000'4930    0x8  Data  Lc  nrf_log_default_backends.o [10]
log_const_data$$Base       0x2'c318          --   Gb  - Linker created -
log_const_data$$Limit      0x2'c3a0          --   Gb  - Linker created -
log_dynamic_data$$Base          0x0          --   Gb  - Linker created -
log_mempool                0x2'ca08   0x14  Data  Gb  nrf_log_frontend.o [10]
log_mempool_nrf_balloc_cb
                        0x2000'53a8    0x8  Data  Lc  nrf_log_frontend.o [10]
log_mempool_nrf_balloc_pool_mem
                        0x2000'5078   0xc0  Data  Lc  nrf_log_frontend.o [10]
log_mempool_nrf_balloc_pool_stack
                        0x2000'53a0    0x8  Data  Lc  nrf_log_frontend.o [10]
m_adv_uuids             0x2000'38c0    0x4  Data  Lc  main.o [1]
m_advertising           0x2000'348c  0x434  Data  Lc  main.o [1]
m_advertising_ble_obs      0x2'c77c    0x8  Data  Lc  main.o [1]
m_alert_on              0x2000'2e86    0x1  Data  Lc  bsp.o [3]
m_app_timer_id             0x2'6730    0x4  Data  Lc  main.o [1]
m_app_timer_id_data     0x2000'48c8   0x20  Data  Lc  main.o [1]
m_app_timer_sortlist       0x2'7fa4    0xc  Data  Lc  app_timer2.o [9]
m_app_timer_sortlist_sortlist_cb
                        0x2000'53c0    0x4  Data  Lc  app_timer2.o [9]
m_base_counter          0x2000'2b20    0x8  Data  Lc  app_timer2.o [9]
m_bcs                   0x2000'5138   0x7c  Data  Lc  ble_conn_state.o [6]
m_ble_evt_observer         0x2'cbcc    0x8  Data  Lc  ble_conn_state.o [6]
m_ble_observer             0x2'c764    0x8  Data  Lc  ble_conn_params.o [6]
m_ble_observer             0x2'c76c    0x8  Data  Lc  bsp_btn_ble.o [3]
m_board_btn_list           0x2'7a68    0x4  Data  Lc  boards.o [2]
m_board_led_list           0x2'7a64    0x4  Data  Lc  boards.o [2]
m_bsp_alert_tmr            0x2'6dc0    0x4  Data  Lc  bsp.o [3]
m_bsp_alert_tmr_data    0x2000'2eb8   0x20  Data  Lc  bsp.o [3]
m_bsp_button_tmr           0x2'6dc4    0x4  Data  Lc  bsp.o [3]
m_bsp_button_tmr_data   0x2000'2ed8   0x20  Data  Lc  bsp.o [3]
m_bsp_leds_tmr             0x2'6dbc    0x4  Data  Lc  bsp.o [3]
m_bsp_leds_tmr_data     0x2000'2e98   0x20  Data  Lc  bsp.o [3]
m_button_count          0x2000'2ae0    0x1  Data  Lc  app_button.o [9]
m_cb                    0x2000'5380    0x8  Data  Lc  drv_rtc.o [9]
m_cb                    0x2000'51b4   0x5c  Data  Lc  nrfx_gpiote.o [8]
m_cb                    0x2000'5290   0x3c  Data  Lc  nrfx_twi.o [8]
m_cb                    0x2000'52cc   0x2c  Data  Lc  nrfx_uart.o [8]
m_cb                    0x2000'52f8   0x24  Data  Lc  nrfx_uarte.o [8]
m_clock_cb              0x2000'534c   0x14  Data  Lc  nrf_drv_clock.o [8]
m_clock_cb              0x2000'53b0    0x8  Data  Lc  nrfx_clock.o [8]
m_colors                0x2000'494c   0x24  Data  Lc  nrf_log_str_formatter.o [10]
m_conn_handle           0x2000'2f7a    0x2  Data  Lc  main.o [1]
m_conn_params_config    0x2000'531c   0x1c  Data  Lc  ble_conn_params.o [6]
m_conn_params_instances
                        0x2000'5218   0x14  Data  Lc  ble_conn_params.o [6]
m_contexts              0x2000'5394    0x4  Data  Lc  nrf_drv_uart.o [8]
m_detection_delay       0x2000'2ae8    0x4  Data  Lc  app_button.o [9]
m_detection_delay_timer_id
                           0x2'9a14    0x4  Data  Lc  app_button.o [9]
m_detection_delay_timer_id_data
                        0x2000'2b00   0x20  Data  Lc  app_button.o [9]
m_error_handler         0x2000'5398    0x4  Data  Lc  bsp_btn_ble.o [3]
m_event_handler         0x2000'4910    0x4  Data  Lc  app_uart_fifo.o [9]
m_events_list           0x2000'2e78    0xc  Data  Lc  bsp.o [3]
m_gatt                  0x2000'5338   0x14  Data  Lc  main.o [1]
m_gatt_obs                 0x2'c774    0x8  Data  Lc  main.o [1]
m_global_active         0x2000'2b30    0x1  Data  Lc  app_timer2.o [9]
m_handlers              0x2000'5388    0x4  Data  Lc  drv_rtc.o [9]
m_handlers              0x2000'5390    0x4  Data  Lc  nrf_drv_uart.o [8]
m_handlers_iter         0x2000'5360    0xc  Data  Lc  nrf_pwr_mgmt.o [9]
m_host_present          0x2000'53cb    0x1  Data  Lc  nrf_log_backend_rtt.o [10]
m_indication_type       0x2000'2e88    0x4  Data  Lc  bsp.o [3]
m_leds_clear            0x2000'2e85    0x1  Data  Lc  bsp.o [3]
m_log_data              0x2000'4c58  0x420  Data  Lc  nrf_log_frontend.o [10]
m_mic                   0x2000'2fac  0x4d4  Data  Lc  main.o [1]
m_mic_link_ctx_storage  0x2000'4928    0x8  Data  Lc  main.o [1]
m_mic_link_ctx_storage_ctx_data_pool
                        0x2000'53c4    0x4  Data  Lc  main.o [1]
m_mic_obs                  0x2'cabc    0x8  Data  Lc  main.o [1]
m_nrf_log_CLOCK_logs_data_const
                           0x2'c370    0x8  Data  Gb  nrfx_clock.o [8]
m_nrf_log_GPIOTE_logs_data_const
                           0x2'c378    0x8  Data  Gb  nrfx_gpiote.o [8]
m_nrf_log_PRS_logs_data_const
                           0x2'c380    0x8  Data  Gb  nrfx_prs.o [8]
m_nrf_log_TWI_logs_data_const
                           0x2'c388    0x8  Data  Gb  nrfx_twi.o [8]
m_nrf_log_UARTE_logs_data_const
                           0x2'c398    0x8  Data  Gb  nrfx_uarte.o [8]
m_nrf_log_UART_logs_data_const
                           0x2'c390    0x8  Data  Gb  nrfx_uart.o [8]
m_nrf_log_app_button_logs_data_const
                           0x2'c318    0x8  Data  Gb  app_button.o [9]
m_nrf_log_app_logs_data_const
                           0x2'c340    0x8  Data  Gb  nrf_log_frontend.o [10]
m_nrf_log_app_timer_logs_data_const
                           0x2'c320    0x8  Data  Gb  app_timer2.o [9]
m_nrf_log_ble_mic_logs_data_const
                           0x2'c328    0x8  Data  Gb  ble_mic.o [7]
m_nrf_log_clock_logs_data_const
                           0x2'c338    0x8  Data  Gb  nrf_drv_clock.o [8]
m_nrf_log_nrf_ble_gatt_logs_data_const
                           0x2'c330    0x8  Data  Gb  nrf_ble_gatt.o [6]
m_nrf_log_nrf_sdh_ble_logs_data_const
                           0x2'c358    0x8  Data  Gb  nrf_sdh_ble.o [12]
m_nrf_log_nrf_sdh_logs_data_const
                           0x2'c350    0x8  Data  Gb  nrf_sdh.o [12]
m_nrf_log_nrf_sdh_soc_logs_data_const
                           0x2'c360    0x8  Data  Gb  nrf_sdh_soc.o [12]
m_nrf_log_pwr_mgmt_logs_data_const
                           0x2'c348    0x8  Data  Gb  nrf_pwr_mgmt.o [9]
m_nrf_log_sortlist_logs_data_const
                           0x2'c368    0x8  Data  Gb  nrf_sortlist.o [9]
m_nrf_sdh_ble_evts_poll
                           0x2'cacc    0x8  Data  Lc  nrf_sdh_ble.o [12]
m_nrf_sdh_continue      0x2000'53ca    0x1  Data  Lc  nrf_sdh.o [12]
m_nrf_sdh_enabled       0x2000'53c8    0x1  Data  Lc  nrf_sdh.o [12]
m_nrf_sdh_soc_evts_poll
                           0x2'cad4    0x8  Data  Lc  nrf_sdh_soc.o [12]
m_nrf_sdh_suspended     0x2000'53c9    0x1  Data  Lc  nrf_sdh.o [12]
m_num_connections       0x2000'539c    0x4  Data  Lc  bsp_btn_ble.o [3]
m_pin_active            0x2000'2ad8    0x8  Data  Lc  app_button.o [9]
m_pin_states            0x2000'2aec   0x10  Data  Lc  app_button.o [9]
m_preferred_conn_params
                        0x2000'5210    0x8  Data  Lc  ble_conn_params.o [6]
m_prs_box_4             0x2000'53b8    0x8  Data  Lc  nrfx_prs.o [8]
m_pwr_mgmt_evt          0x2000'536c    0x1  Data  Lc  nrf_pwr_mgmt.o [9]
m_qwr                   0x2000'3480    0xc  Data  Lc  main.o [1]
m_qwr_obs                  0x2'cac4    0x8  Data  Lc  main.o [1]
m_registered_callback   0x2000'2e8c    0x4  Data  Lc  bsp.o [3]
m_req_fifo_data         0x2000'2b40  0x328  Data  Lc  app_timer2.o [9]
m_req_fifo_inst         0x2000'2e68   0x10  Data  Lc  app_timer2.o [9]
m_rtc_inst              0x2000'2b38    0x8  Data  Lc  app_timer2.o [9]
m_rx_fifo               0x2000'48e8   0x10  Data  Lc  app_uart_fifo.o [9]
m_rx_ovf                0x2000'48f8    0x1  Data  Lc  app_uart_fifo.o [9]
m_sd_state_observer        0x2'cbe4    0x8  Data  Lc  nrf_drv_clock.o [8]
m_shutdown_started      0x2000'536d    0x1  Data  Lc  nrf_pwr_mgmt.o [9]
m_soc_evt_observer         0x2'cbdc    0x8  Data  Lc  nrf_drv_clock.o [8]
m_stable_state          0x2000'2e84    0x1  Data  Lc  bsp.o [3]
m_stack_is_enabled      0x2000'53cc    0x1  Data  Lc  nrf_sdh_ble.o [12]
m_stamp64               0x2000'2b28    0x8  Data  Lc  app_timer2.o [9]
m_string_buff           0x2000'5250   0x40  Data  Lc  nrf_log_backend_rtt.o [10]
m_sysoff_mtx            0x2000'5370    0x4  Data  Lc  nrf_pwr_mgmt.o [9]
m_timer_data            0x2000'5230   0x20  Data  Lc  ble_conn_params.o [6]
m_tx_fifo               0x2000'4918   0x10  Data  Lc  app_uart_fifo.o [9]
m_unknown_str              0x2'9a64   0x14  Data  Lc  nrf_strerror.o [9]
main                       0x2'6505  0x1e6  Code  Gb  main.o [1]
memobj_op                  0x2'a8a3   0x86  Code  Lc  nrf_memobj.o [9]
mic_data_handler           0x2'6205   0x3e  Code  Lc  main.o [1]
module_idx_get             0x2'8657   0x2e  Code  Lc  nrf_log_frontend.o [10]
mp_active_timer         0x2000'2b34    0x4  Data  Lc  app_timer2.o [9]
mp_buttons              0x2000'2ae4    0x4  Data  Lc  app_button.o [9]
next                    0x2000'2f73    0x1  Data  Gb  main.o [1]
nrf_atfifo_init            0x2'a5d5   0x28  Code  Gb  nrf_atfifo.o [9]
nrf_atfifo_item_alloc      0x2'a5fd   0x44  Code  Gb  nrf_atfifo.o [9]
nrf_atfifo_item_free       0x2'a6b9   0x20  Code  Gb  nrf_atfifo.o [9]
nrf_atfifo_item_get        0x2'a661   0x46  Code  Gb  nrf_atfifo.o [9]
nrf_atfifo_item_put        0x2'a641   0x20  Code  Gb  nrf_atfifo.o [9]
nrf_atflags_clear          0x2'b0c3   0x16  Code  Gb  nrf_atflags.o [9]
nrf_atflags_get            0x2'b0d9   0x12  Code  Gb  nrf_atflags.o [9]
nrf_atflags_set            0x2'b0af   0x14  Code  Gb  nrf_atflags.o [9]
nrf_atomic_flag_clear_fetch
                           0x2'a7e9    0x4  Code  Gb  nrf_atomic.o [9]
nrf_atomic_flag_set        0x2'a7e5    0x4  Code  Gb  nrf_atomic.o [9]
nrf_atomic_u32_add         0x2'a7b5   0x18  Code  Gb  nrf_atomic.o [9]
nrf_atomic_u32_and         0x2'a79d   0x18  Code  Gb  nrf_atomic.o [9]
nrf_atomic_u32_fetch_and
                           0x2'a785   0x18  Code  Gb  nrf_atomic.o [9]
nrf_atomic_u32_fetch_store
                           0x2'a755   0x16  Code  Gb  nrf_atomic.o [9]
nrf_atomic_u32_or          0x2'a76d   0x18  Code  Gb  nrf_atomic.o [9]
nrf_atomic_u32_sub         0x2'a7cd   0x18  Code  Gb  nrf_atomic.o [9]
nrf_balloc_alloc           0x2'b039   0x46  Code  Gb  nrf_balloc.o [9]
nrf_balloc_free            0x2'b07f   0x30  Code  Gb  nrf_balloc.o [9]
nrf_bitmask_bit_is_set     0x2'aa9b   0x12  Code  Lc  nrfx_gpiote.o [8]
nrf_ble_gatt_att_mtu_periph_set
                           0x2'7073   0x18  Code  Gb  nrf_ble_gatt.o [6]
nrf_ble_gatt_init          0x2'7055   0x1e  Code  Gb  nrf_ble_gatt.o [6]
nrf_ble_gatt_on_ble_evt
                           0x2'708d  0x186  Code  Gb  nrf_ble_gatt.o [6]
nrf_ble_qwr_conn_handle_assign
                           0x2'6ee5   0x16  Code  Gb  nrf_ble_qwr.o [6]
nrf_ble_qwr_init           0x2'6ebd   0x28  Code  Gb  nrf_ble_qwr.o [6]
nrf_ble_qwr_on_ble_evt     0x2'6f19   0xa4  Code  Gb  nrf_ble_qwr.o [6]
nrf_clock_event_clear      0x2'a149   0x14  Code  Lc  nrfx_clock.o [8]
nrf_drv_clock_init         0x2'7a6d   0x3c  Code  Gb  nrf_drv_clock.o [8]
nrf_drv_clock_lfclk_release
                           0x2'7af7   0x26  Code  Gb  nrf_drv_clock.o [8]
nrf_drv_clock_lfclk_request
                           0x2'7abf   0x38  Code  Gb  nrf_drv_clock.o [8]
nrf_drv_uart_init          0x2'9661   0x52  Code  Gb  nrf_drv_uart.o [8]
nrf_drv_uart_rx            0x2'6803   0x1e  Code  Lc  app_uart_fifo.o [9]
nrf_drv_uart_tx            0x2'67e5   0x1e  Code  Lc  app_uart_fifo.o [9]
nrf_drv_uart_use_easy_dma
                        0x2000'538c    0x1  Data  Gb  nrf_drv_uart.o [8]
nrf_fprintf                0x2'b7bd   0x22  Code  Gb  nrf_fprintf.o [9]
nrf_fprintf_buffer_flush
                           0x2'b7a5   0x16  Code  Gb  nrf_fprintf.o [9]
nrf_fprintf_fmt            0x2'b557  0x228  Code  Gb  nrf_fprintf_format.o [9]
nrf_gpio_cfg               0x2'7937   0x24  Code  Lc  boards.o [2]
nrf_gpio_cfg               0x2'a9e5   0x24  Code  Lc  nrfx_gpiote.o [8]
nrf_gpio_cfg               0x2'90b5   0x24  Code  Lc  nrfx_uart.o [8]
nrf_gpio_cfg               0x2'8bf1   0x24  Code  Lc  nrfx_uarte.o [8]
nrf_gpio_cfg_input         0x2'90e3    0xc  Code  Lc  nrfx_uart.o [8]
nrf_gpio_cfg_input         0x2'8c1f    0xc  Code  Lc  nrfx_uarte.o [8]
nrf_gpio_cfg_output        0x2'90d9    0xa  Code  Lc  nrfx_uart.o [8]
nrf_gpio_cfg_output        0x2'8c15    0xa  Code  Lc  nrfx_uarte.o [8]
nrf_gpio_cfg_sense_set     0x2'aa09   0x30  Code  Lc  nrfx_gpiote.o [8]
nrf_gpio_latches_read_and_clear
                           0x2'aa5b   0x28  Code  Lc  nrfx_gpiote.o [8]
nrf_gpio_pin_port_decode
                           0x2'7931    0x6  Code  Lc  boards.o [2]
nrf_gpio_pin_port_decode
                           0x2'a9df    0x6  Code  Lc  nrfx_gpiote.o [8]
nrf_gpio_pin_present_check
                           0x2'aa83   0x18  Code  Lc  nrfx_gpiote.o [8]
nrf_gpio_pin_read          0x2'aa45   0x16  Code  Lc  nrfx_gpiote.o [8]
nrf_gpio_pin_set           0x2'9101    0xe  Code  Lc  nrfx_uart.o [8]
nrf_gpio_pin_set           0x2'8c3d    0xe  Code  Lc  nrfx_uarte.o [8]
nrf_gpio_pin_write         0x2'795b   0x22  Code  Lc  boards.o [2]
nrf_gpiote_event_addr_get
                           0x2'a9dd    0x2  Code  Lc  nrfx_gpiote.o [8]
nrf_gpiote_event_clear     0x2'a9c3   0x1a  Code  Lc  nrfx_gpiote.o [8]
nrf_gpiote_event_is_set
                           0x2'a9b1   0x12  Code  Lc  nrfx_gpiote.o [8]
nrf_log_backend_rtt_api
                           0x2'caf4    0xc  Data  Gb  nrf_log_backend_rtt.o [10]
nrf_log_backend_rtt_flush
                           0x2'c301    0x2  Code  Lc  nrf_log_backend_rtt.o [10]
nrf_log_backend_rtt_panic_set
                           0x2'c303    0x2  Code  Lc  nrf_log_backend_rtt.o [10]
nrf_log_backend_rtt_put
                           0x2'c2e3   0x10  Code  Lc  nrf_log_backend_rtt.o [10]
nrf_log_backend_serial_put
                           0x2'c1c1   0xcc  Code  Gb  nrf_log_backend_serial.o [10]
nrf_log_color_id_get       0x2'86a1   0x2a  Code  Gb  nrf_log_frontend.o [10]
nrf_log_frontend_dequeue
                           0x2'88e9  0x1fc  Code  Gb  nrf_log_frontend.o [10]
nrf_log_frontend_std_0     0x2'88a3    0x6  Code  Gb  nrf_log_frontend.o [10]
nrf_log_frontend_std_1     0x2'88a9    0xc  Code  Gb  nrf_log_frontend.o [10]
nrf_log_frontend_std_2     0x2'88b5   0x10  Code  Gb  nrf_log_frontend.o [10]
nrf_log_hexdump_entry_process
                           0x2'bb65   0xaa  Code  Gb  nrf_log_str_formatter.o [10]
nrf_log_module_cnt_get     0x2'8649    0xe  Code  Gb  nrf_log_frontend.o [10]
nrf_log_module_name_get
                           0x2'8685   0x1a  Code  Gb  nrf_log_frontend.o [10]
nrf_log_panic              0x2'8b03   0x26  Code  Gb  nrf_log_frontend.o [10]
nrf_log_std_entry_process
                           0x2'bad5   0x8e  Code  Gb  nrf_log_str_formatter.o [10]
nrf_memobj_alloc           0x2'a7ed   0x64  Code  Gb  nrf_memobj.o [9]
nrf_memobj_free            0x2'a851   0x2c  Code  Gb  nrf_memobj.o [9]
nrf_memobj_get             0x2'a87d    0x8  Code  Gb  nrf_memobj.o [9]
nrf_memobj_put             0x2'a885   0x1e  Code  Gb  nrf_memobj.o [9]
nrf_memobj_read            0x2'a931    0x6  Code  Gb  nrf_memobj.o [9]
nrf_memobj_write           0x2'a929    0x8  Code  Gb  nrf_memobj.o [9]
nrf_nvic_state          0x2000'5374    0xc  Data  Gb  app_util_platform.o [9]
nrf_pwr_mgmt_init          0x2'7fb5   0x1a  Code  Gb  nrf_pwr_mgmt.o [9]
nrf_pwr_mgmt_run           0x2'7fcf   0x3e  Code  Gb  nrf_pwr_mgmt.o [9]
nrf_qwr_error_handler      0x2'6201    0x4  Code  Lc  main.o [1]
nrf_rtc_cc_set             0x2'a2d1    0xa  Code  Lc  drv_rtc.o [9]
nrf_rtc_event_clear        0x2'a2e1   0x10  Code  Lc  drv_rtc.o [9]
nrf_rtc_event_disable      0x2'a2f7    0x6  Code  Lc  drv_rtc.o [9]
nrf_rtc_event_enable       0x2'a2f1    0x6  Code  Lc  drv_rtc.o [9]
nrf_rtc_int_disable        0x2'a2db    0x6  Code  Lc  drv_rtc.o [9]
nrf_sdh_ble_default_cfg_set
                           0x2'81cd  0x102  Code  Gb  nrf_sdh_ble.o [12]
nrf_sdh_ble_enable         0x2'82f5   0x68  Code  Gb  nrf_sdh_ble.o [12]
nrf_sdh_ble_evts_poll      0x2'835d   0x4e  Code  Lc  nrf_sdh_ble.o [12]
nrf_sdh_enable_request     0x2'80fd   0x52  Code  Gb  nrf_sdh.o [12]
nrf_sdh_enable_request::clock_lf_cfg
                           0x2'81c8    0x4  Data  Lc  nrf_sdh.o [12]
nrf_sdh_evts_poll          0x2'8181   0x22  Code  Gb  nrf_sdh.o [12]
nrf_sdh_is_enabled         0x2'8165    0x6  Code  Gb  nrf_sdh.o [12]
nrf_sdh_soc_evts_poll      0x2'c465   0x36  Code  Lc  nrf_sdh_soc.o [12]
nrf_section_iter_get       0x2'8021    0x4  Code  Lc  nrf_sdh.o [12]
nrf_section_iter_init      0x2'a6fb    0x4  Code  Gb  nrf_section_iter.o [9]
nrf_section_iter_item_set
                           0x2'a6d9   0x22  Code  Lc  nrf_section_iter.o [9]
nrf_section_iter_next      0x2'a703   0x1c  Code  Gb  nrf_section_iter.o [9]
nrf_sortlist_add           0x2'a589   0x22  Code  Gb  nrf_sortlist.o [9]
nrf_sortlist_pop           0x2'a5ab    0xe  Code  Gb  nrf_sortlist.o [9]
nrf_sortlist_remove        0x2'a5b9   0x1a  Code  Gb  nrf_sortlist.o [9]
nrf_strerror_array         0x2'bea8  0x128  Data  Lc  nrf_strerror.o [9]
nrf_strerror_find          0x2'9a29   0x36  Code  Gb  nrf_strerror.o [9]
nrf_strerror_get           0x2'9a1d    0xc  Code  Gb  nrf_strerror.o [9]
nrf_twi_disable            0x2'b117    0x2  Code  Lc  nrfx_twi.o [8]
nrf_twi_enable             0x2'b113    0x4  Code  Lc  nrfx_twi.o [8]
nrf_twi_errorsrc_get_and_clear
                           0x2'b11f    0xc  Code  Lc  nrfx_twi.o [8]
nrf_twi_event_check        0x2'b103    0xa  Code  Lc  nrfx_twi.o [8]
nrf_twi_event_clear        0x2'b0f3   0x10  Code  Lc  nrfx_twi.o [8]
nrf_twi_int_enable         0x2'b10d    0x6  Code  Lc  nrfx_twi.o [8]
nrf_twi_shorts_set         0x2'b12b    0x6  Code  Lc  nrfx_twi.o [8]
nrf_twi_task_trigger       0x2'b0ed    0x6  Code  Lc  nrfx_twi.o [8]
nrf_uart_event_check       0x2'9081    0x4  Code  Lc  nrfx_uart.o [8]
nrf_uart_event_clear       0x2'9071   0x10  Code  Lc  nrfx_uart.o [8]
nrf_uart_hwfc_pins_set     0x2'909d    0xa  Code  Lc  nrfx_uart.o [8]
nrf_uart_int_enable_check
                           0x2'9085    0xe  Code  Lc  nrfx_uart.o [8]
nrf_uart_rxd_get           0x2'90a7    0x8  Code  Lc  nrfx_uart.o [8]
nrf_uart_task_trigger      0x2'90af    0x6  Code  Lc  nrfx_uart.o [8]
nrf_uart_txrx_pins_set     0x2'9093    0xa  Code  Lc  nrfx_uart.o [8]
nrf_uarte_event_check      0x2'8bd9    0x4  Code  Lc  nrfx_uarte.o [8]
nrf_uarte_event_clear      0x2'8bc9   0x10  Code  Lc  nrfx_uarte.o [8]
nrf_uarte_hwfc_pins_set
                           0x2'8be7    0xa  Code  Lc  nrfx_uarte.o [8]
nrf_uarte_txrx_pins_set
                           0x2'8bdd    0xa  Code  Lc  nrfx_uarte.o [8]
nrfx_clock_enable          0x2'a175   0x1a  Code  Gb  nrfx_clock.o [8]
nrfx_clock_init            0x2'a15d   0x18  Code  Gb  nrfx_clock.o [8]
nrfx_clock_lfclk_start     0x2'a18f   0x38  Code  Gb  nrfx_clock.o [8]
nrfx_clock_lfclk_stop      0x2'a1c7   0x1c  Code  Gb  nrfx_clock.o [8]
nrfx_coredep_delay_us      0x2'a2c1   0x10  Code  Lc  drv_rtc.o [9]
nrfx_coredep_delay_us::delay_machine_code
                           0x2'a580    0x8  Data  Lc  drv_rtc.o [9]
nrfx_coredep_delay_us::delay_machine_code
                           0x2'c310    0x8  Data  Lc  nrf_log_backend_rtt.o [10]
nrfx_gpiote_in_event_enable
                           0x2'aca7   0x7e  Code  Gb  nrfx_gpiote.o [8]
nrfx_gpiote_in_init        0x2'abfb   0xac  Code  Gb  nrfx_gpiote.o [8]
nrfx_gpiote_in_is_set      0x2'ad25    0x6  Code  Gb  nrfx_gpiote.o [8]
nrfx_gpiote_init           0x2'ab69   0x70  Code  Gb  nrfx_gpiote.o [8]
nrfx_gpiote_is_init        0x2'abd9    0xe  Code  Gb  nrfx_gpiote.o [8]
nrfx_prs_acquire           0x2'a947   0x38  Code  Gb  nrfx_prs.o [8]
nrfx_uart_0_irq_handler
                           0x2'945f  0x114  Code  Gb  nrfx_uart.o [8]
nrfx_uart_init             0x2'9111  0x120  Code  Gb  nrfx_uart.o [8]
nrfx_uart_init::irq_handlers
                           0x2'95a0    0x4  Data  Lc  nrfx_uart.o [8]
nrfx_uart_rx               0x2'934d   0xd2  Code  Gb  nrfx_uart.o [8]
nrfx_uart_tx               0x2'9251   0x98  Code  Gb  nrfx_uart.o [8]
nrfx_uart_tx_in_progress
                           0x2'92e9    0xc  Code  Gb  nrfx_uart.o [8]
nrfx_uarte_0_irq_handler
                           0x2'8f53   0xec  Code  Gb  nrfx_uarte.o [8]
nrfx_uarte_init            0x2'8c4d  0x136  Code  Gb  nrfx_uarte.o [8]
nrfx_uarte_init::irq_handlers
                           0x2'906c    0x4  Data  Lc  nrfx_uarte.o [8]
nrfx_uarte_rx              0x2'8e29   0xec  Code  Gb  nrfx_uarte.o [8]
nrfx_uarte_tx              0x2'8d83   0x8a  Code  Gb  nrfx_uarte.o [8]
nrfx_uarte_tx_in_progress
                           0x2'8e15    0xc  Code  Gb  nrfx_uarte.o [8]
on_adv_evt                 0x2'6281   0x16  Code  Lc  main.o [1]
on_conn_params_evt         0x2'6243   0x1a  Code  Lc  main.o [1]
pin_configured_set         0x2'aae5    0xa  Code  Lc  nrfx_gpiote.o [8]
pin_in_use_by_gpiote       0x2'aad5   0x10  Code  Lc  nrfx_gpiote.o [8]
pin_in_use_by_port         0x2'aabf   0x16  Code  Lc  nrfx_gpiote.o [8]
pin_in_use_by_te           0x2'aaad   0x12  Code  Lc  nrfx_gpiote.o [8]
postfix_process            0x2'baa5   0x30  Code  Lc  nrf_log_str_formatter.o [10]
prefix_process             0x2'ba45   0x60  Code  Lc  nrf_log_str_formatter.o [10]
pvar_1                  0x2000'2ef8   0x28  Data  Gb  main.o [1]
pvar_2                  0x2000'2f7c   0x28  Data  Gb  main.o [1]
pvar_2Temp              0x2000'2f48   0x28  Data  Gb  main.o [1]
pvar_last               0x2000'2f20   0x28  Data  Gb  main.o [1]
pwr_mgmt_data              0x2'8014    0xc  Data  Lc  nrf_pwr_mgmt.o [9]
pwr_mgmt_data0$$Base            0x0          --   Gb  - Linker created -
pwr_mgmt_data0$$Limit           0x0          --   Gb  - Linker created -
pwr_mgmt_data1$$Base            0x0          --   Gb  - Linker created -
pwr_mgmt_data1$$Limit           0x0          --   Gb  - Linker created -
pwr_mgmt_data2$$Base            0x0          --   Gb  - Linker created -
pwr_mgmt_data2$$Limit           0x0          --   Gb  - Linker created -
pwr_mgmt_data_array        0x2'c88c   0x18  Data  Lc  nrf_pwr_mgmt.o [9]
request_data_from_sensors
                           0x2'629f    0x6  Code  Gb  main.o [1]
rtc_irq                    0x2'7ccf  0x17a  Code  Lc  app_timer2.o [9]
rtt_log_backend            0x2'caac   0x10  Data  Lc  nrf_log_default_backends.o [10]
rx_buffer               0x2000'4915    0x1  Data  Lc  app_uart_fifo.o [9]
rx_byte                    0x2'9317   0x36  Code  Lc  nrfx_uart.o [8]
rx_done_event              0x2'9429   0x18  Code  Lc  nrfx_uart.o [8]
rx_done_event              0x2'8f15   0x18  Code  Lc  nrfx_uarte.o [8]
rx_enable                  0x2'92fd   0x1a  Code  Lc  nrfx_uart.o [8]
sd_state_evt_handler       0x2'7b91   0x4a  Code  Lc  nrf_drv_clock.o [8]
sdh_ble_observers          0x2'83e8    0xc  Data  Lc  nrf_sdh_ble.o [12]
sdh_ble_observers0$$Base
                           0x2'cbcc          --   Gb  - Linker created -
sdh_ble_observers0$$Limit
                           0x2'cbd4          --   Gb  - Linker created -
sdh_ble_observers1$$Base
                           0x2'c764          --   Gb  - Linker created -
sdh_ble_observers1$$Limit
                           0x2'c784          --   Gb  - Linker created -
sdh_ble_observers2$$Base
                           0x2'cabc          --   Gb  - Linker created -
sdh_ble_observers2$$Limit
                           0x2'cacc          --   Gb  - Linker created -
sdh_ble_observers3$$Base
                           0x2'cbd4          --   Gb  - Linker created -
sdh_ble_observers3$$Limit
                           0x2'cbdc          --   Gb  - Linker created -
sdh_ble_observers_array
                           0x2'c6a4   0x20  Data  Lc  nrf_sdh_ble.o [12]
sdh_req_observers          0x2'81a4    0xc  Data  Lc  nrf_sdh.o [12]
sdh_req_observers0$$Base
                                0x0          --   Gb  - Linker created -
sdh_req_observers0$$Limit
                                0x0          --   Gb  - Linker created -
sdh_req_observers1$$Base
                                0x0          --   Gb  - Linker created -
sdh_req_observers1$$Limit
                                0x0          --   Gb  - Linker created -
sdh_req_observers_array
                           0x2'ca3c   0x10  Data  Lc  nrf_sdh.o [12]
sdh_request_observer_notify
                           0x2'8051   0x32  Code  Lc  nrf_sdh.o [12]
sdh_soc_observers          0x2'c49c    0xc  Data  Lc  nrf_sdh_soc.o [12]
sdh_soc_observers0$$Base
                           0x2'cbdc          --   Gb  - Linker created -
sdh_soc_observers0$$Limit
                           0x2'cbe4          --   Gb  - Linker created -
sdh_soc_observers1$$Base
                                0x0          --   Gb  - Linker created -
sdh_soc_observers1$$Limit
                                0x0          --   Gb  - Linker created -
sdh_soc_observers_array
                           0x2'ca6c   0x10  Data  Lc  nrf_sdh_soc.o [12]
sdh_stack_observers        0x2'81bc    0xc  Data  Lc  nrf_sdh.o [12]
sdh_stack_observers0$$Base
                           0x2'cacc          --   Gb  - Linker created -
sdh_stack_observers0$$Limit
                           0x2'cadc          --   Gb  - Linker created -
sdh_stack_observers1$$Base
                                0x0          --   Gb  - Linker created -
sdh_stack_observers1$$Limit
                                0x0          --   Gb  - Linker created -
sdh_stack_observers_array
                           0x2'ca5c   0x10  Data  Lc  nrf_sdh.o [12]
sdh_state_observer_notify
                           0x2'8085   0x2c  Code  Lc  nrf_sdh.o [12]
sdh_state_observers        0x2'81b0    0xc  Data  Lc  nrf_sdh.o [12]
sdh_state_observers0$$Base
                           0x2'cbe4          --   Gb  - Linker created -
sdh_state_observers0$$Limit
                           0x2'cbec          --   Gb  - Linker created -
sdh_state_observers1$$Base
                                0x0          --   Gb  - Linker created -
sdh_state_observers1$$Limit
                                0x0          --   Gb  - Linker created -
sdh_state_observers_array
                           0x2'ca4c   0x10  Data  Lc  nrf_sdh.o [12]
send_error_evt             0x2'8453    0xc  Code  Lc  ble_conn_params.o [6]
serial_tx                  0x2'c291   0x52  Code  Lc  nrf_log_backend_rtt.o [10]
set_security_req           0x2'9f6d   0x2c  Code  Lc  ble_srv_common.o [6]
severity_names          0x2000'4938   0x14  Data  Lc  nrf_log_str_formatter.o [10]
sleep_mode_enter           0x2'6261   0x20  Code  Lc  main.o [1]
soc_evt_handler            0x2'7b85    0xc  Code  Lc  nrf_drv_clock.o [8]
softdevices_evt_irq_enable
                           0x2'80b5   0x48  Code  Lc  nrf_sdh.o [12]
sortlist_pop               0x2'7cc9    0x6  Code  Lc  app_timer2.o [9]
startByte               0x2000'2f71    0x1  Data  Gb  main.o [1]
state_set                  0x2'97c9   0x1c  Code  Lc  app_button.o [9]
std_n                      0x2'881f   0x84  Code  Lc  nrf_log_frontend.o [10]
stopByte                0x2000'2f72    0x1  Data  Gb  main.o [1]
timer_expire               0x2'7c33   0x8c  Code  Lc  app_timer2.o [9]
timer_req_schedule         0x2'7e53   0x34  Code  Lc  app_timer2.o [9]
timer_start                0x2'98e9    0xe  Code  Lc  app_button.o [9]
twi_process_error          0x2'b131   0x1e  Code  Lc  nrfx_twi.o [8]
twi_rx_start_transfer      0x2'b309   0x4a  Code  Lc  nrfx_twi.o [8]
twi_send_byte              0x2'b14f   0x46  Code  Lc  nrfx_twi.o [8]
twi_transfer               0x2'b195  0x118  Code  Lc  nrfx_twi.o [8]
twi_tx_start_transfer      0x2'b2bd   0x4c  Code  Lc  nrfx_twi.o [8]
tx_buffer               0x2000'4914    0x1  Data  Lc  app_uart_fifo.o [9]
tx_byte                    0x2'9231   0x20  Code  Lc  nrfx_uart.o [8]
tx_done_event              0x2'9441   0x1e  Code  Lc  nrfx_uart.o [8]
tx_done_event              0x2'8f2d   0x1e  Code  Lc  nrfx_uarte.o [8]
uart_event_handle          0x2'63ad  0x114  Code  Gb  main.o [1]
uart_event_handler         0x2'682b   0x94  Code  Lc  app_uart_fifo.o [9]
uart_evt_handler           0x2'9639    0x2  Code  Lc  nrf_drv_uart.o [8]
uart_init::comm_params     0x2'6738   0x18  Data  Lc  main.o [1]
uart_init{1}{2}::rx_buf
                        0x2000'38c4  0x800  Data  Lc  main.o [1]
uart_init{1}{2}::tx_buf
                        0x2000'40c4  0x800  Data  Lc  main.o [1]
uarte_evt_handler          0x2'9635    0x4  Code  Lc  nrf_drv_uart.o [8]
uint16_decode              0x2'9f51    0xc  Code  Lc  ble_srv_common.o [6]
uint16_encode              0x2'9a79    0xa  Code  Lc  ble_advdata.o [6]
unsigned_print             0x2'b4b5   0xa2  Code  Lc  nrf_fprintf_format.o [9]
unsigned_print::_aV2C      0x2'b794   0x10  Data  Lc  nrf_fprintf_format.o [9]
update_timeout_handler     0x2'845f   0x60  Code  Lc  ble_conn_params.o [6]
use_whitelist              0x2'7261   0x18  Code  Lc  ble_advertising.o [6]
user_mem_reply             0x2'6efb   0x1e  Code  Lc  nrf_ble_qwr.o [6]
usr_event                  0x2'9809   0x20  Code  Lc  app_button.o [9]
uuid_list_encode           0x2'9b1f   0x2e  Code  Lc  ble_advdata.o [6]
uuid_list_sized_encode     0x2'9a83   0x9c  Code  Lc  ble_advdata.o [6]
wakeup_button_cfg          0x2'6d7d   0x3a  Code  Lc  bsp.o [3]


[1] = D:\Firmware\Olimpia Firmware original\Peripheral BLE\examples\ble_peripheral\ble_app_uart_v2\pca10040\s132\iar\_build\Application
[2] = D:\Firmware\Olimpia Firmware original\Peripheral BLE\examples\ble_peripheral\ble_app_uart_v2\pca10040\s132\iar\_build\Board Definition
[3] = D:\Firmware\Olimpia Firmware original\Peripheral BLE\examples\ble_peripheral\ble_app_uart_v2\pca10040\s132\iar\_build\Board Support
[4] = D:\Firmware\Olimpia Firmware original\Peripheral BLE\examples\ble_peripheral\ble_app_uart_v2\pca10040\s132\iar\_build\None
[5] = D:\Firmware\Olimpia Firmware original\Peripheral BLE\examples\ble_peripheral\ble_app_uart_v2\pca10040\s132\iar\_build\UTF8\UTF16 converter
[6] = D:\Firmware\Olimpia Firmware original\Peripheral BLE\examples\ble_peripheral\ble_app_uart_v2\pca10040\s132\iar\_build\nRF_BLE
[7] = D:\Firmware\Olimpia Firmware original\Peripheral BLE\examples\ble_peripheral\ble_app_uart_v2\pca10040\s132\iar\_build\nRF_BLE_Services
[8] = D:\Firmware\Olimpia Firmware original\Peripheral BLE\examples\ble_peripheral\ble_app_uart_v2\pca10040\s132\iar\_build\nRF_Drivers
[9] = D:\Firmware\Olimpia Firmware original\Peripheral BLE\examples\ble_peripheral\ble_app_uart_v2\pca10040\s132\iar\_build\nRF_Libraries
[10] = D:\Firmware\Olimpia Firmware original\Peripheral BLE\examples\ble_peripheral\ble_app_uart_v2\pca10040\s132\iar\_build\nRF_Log
[11] = D:\Firmware\Olimpia Firmware original\Peripheral BLE\examples\ble_peripheral\ble_app_uart_v2\pca10040\s132\iar\_build\nRF_Segger_RTT
[12] = D:\Firmware\Olimpia Firmware original\Peripheral BLE\examples\ble_peripheral\ble_app_uart_v2\pca10040\s132\iar\_build\nRF_SoftDevice
[13] = dl7M_tlf.a
[14] = m7M_tls.a
[15] = rt7M_tl.a
[16] = shb_l.a

  24'748 bytes of readonly  code memory
   3'214 bytes of readonly  data memory
  18'677 bytes of readwrite data memory

Errors: none
Warnings: none
