###############################################################################
#
# IAR ELF Linker V9.10.1.308/W64 for ARM                  27/Apr/2023  13:47:56
# Copyright 2007-2021 IAR Systems AB.
#
#    Output file  =
#        C:\Users\Michelangelo\Desktop\FINALE\Firmware\Central
#        BLE\examples\ble_central\ble_app_multilink_central_V2\pca10040\s132\iar\_build\ble_app_multilink_central_pca10040_s132.out
#    Map file     =
#        C:\Users\Michelangelo\Desktop\FINALE\Firmware\Central
#        BLE\examples\ble_central\ble_app_multilink_central_V2\pca10040\s132\iar\_build\ble_app_multilink_central_pca10040_s132.map
#    Command line =
#        -f "C:\Users\Michelangelo\Desktop\FINALE\Firmware\Central
#        BLE\examples\ble_central\ble_app_multilink_central_V2\pca10040\s132\iar\_build\ble_app_multilink_central_pca10040_s132.out.rsp"
#        ("C:\Users\Michelangelo\Desktop\FINALE\Firmware\Central
#        BLE\examples\ble_central\ble_app_multilink_central_V2\pca10040\s132\iar\_build\nRF_Libraries\app_button.o"
#        "C:\Users\Michelangelo\Desktop\FINALE\Firmware\Central
#        BLE\examples\ble_central\ble_app_multilink_central_V2\pca10040\s132\iar\_build\nRF_Libraries\app_error.o"
#        "C:\Users\Michelangelo\Desktop\FINALE\Firmware\Central
#        BLE\examples\ble_central\ble_app_multilink_central_V2\pca10040\s132\iar\_build\nRF_Libraries\app_error_handler_iar.o"
#        "C:\Users\Michelangelo\Desktop\FINALE\Firmware\Central
#        BLE\examples\ble_central\ble_app_multilink_central_V2\pca10040\s132\iar\_build\nRF_Libraries\app_error_weak.o"
#        "C:\Users\Michelangelo\Desktop\FINALE\Firmware\Central
#        BLE\examples\ble_central\ble_app_multilink_central_V2\pca10040\s132\iar\_build\nRF_Libraries\app_fifo.o"
#        "C:\Users\Michelangelo\Desktop\FINALE\Firmware\Central
#        BLE\examples\ble_central\ble_app_multilink_central_V2\pca10040\s132\iar\_build\nRF_Libraries\app_scheduler.o"
#        "C:\Users\Michelangelo\Desktop\FINALE\Firmware\Central
#        BLE\examples\ble_central\ble_app_multilink_central_V2\pca10040\s132\iar\_build\nRF_Libraries\app_timer2.o"
#        "C:\Users\Michelangelo\Desktop\FINALE\Firmware\Central
#        BLE\examples\ble_central\ble_app_multilink_central_V2\pca10040\s132\iar\_build\nRF_Libraries\app_uart_fifo.o"
#        "C:\Users\Michelangelo\Desktop\FINALE\Firmware\Central
#        BLE\examples\ble_central\ble_app_multilink_central_V2\pca10040\s132\iar\_build\nRF_Libraries\app_util_platform.o"
#        "C:\Users\Michelangelo\Desktop\FINALE\Firmware\Central
#        BLE\examples\ble_central\ble_app_multilink_central_V2\pca10040\s132\iar\_build\nRF_BLE\ble_advdata.o"
#        "C:\Users\Michelangelo\Desktop\FINALE\Firmware\Central
#        BLE\examples\ble_central\ble_app_multilink_central_V2\pca10040\s132\iar\_build\nRF_BLE\ble_advertising.o"
#        "C:\Users\Michelangelo\Desktop\FINALE\Firmware\Central
#        BLE\examples\ble_central\ble_app_multilink_central_V2\pca10040\s132\iar\_build\nRF_BLE\ble_conn_state.o"
#        "C:\Users\Michelangelo\Desktop\FINALE\Firmware\Central
#        BLE\examples\ble_central\ble_app_multilink_central_V2\pca10040\s132\iar\_build\nRF_BLE\ble_db_discovery.o"
#        "C:\Users\Michelangelo\Desktop\FINALE\Firmware\Central
#        BLE\examples\ble_central\ble_app_multilink_central_V2\pca10040\s132\iar\_build\nRF_BLE_Services\ble_lbs_c.o"
#        "C:\Users\Michelangelo\Desktop\FINALE\Firmware\Central
#        BLE\examples\ble_central\ble_app_multilink_central_V2\pca10040\s132\iar\_build\nRF_BLE_Services\ble_mic_c.o"
#        "C:\Users\Michelangelo\Desktop\FINALE\Firmware\Central
#        BLE\examples\ble_central\ble_app_multilink_central_V2\pca10040\s132\iar\_build\nRF_BLE\ble_srv_common.o"
#        "C:\Users\Michelangelo\Desktop\FINALE\Firmware\Central
#        BLE\examples\ble_central\ble_app_multilink_central_V2\pca10040\s132\iar\_build\None\boards.o"
#        "C:\Users\Michelangelo\Desktop\FINALE\Firmware\Central
#        BLE\examples\ble_central\ble_app_multilink_central_V2\pca10040\s132\iar\_build\Board
#        Support\bsp.o" "C:\Users\Michelangelo\Desktop\FINALE\Firmware\Central
#        BLE\examples\ble_central\ble_app_multilink_central_V2\pca10040\s132\iar\_build\Board
#        Support\bsp_btn_ble.o"
#        "C:\Users\Michelangelo\Desktop\FINALE\Firmware\Central
#        BLE\examples\ble_central\ble_app_multilink_central_V2\pca10040\s132\iar\_build\nRF_Libraries\drv_rtc.o"
#        "C:\Users\Michelangelo\Desktop\FINALE\Firmware\Central
#        BLE\examples\ble_central\ble_app_multilink_central_V2\pca10040\s132\iar\_build\nRF_Libraries\hardfault_implementation.o"
#        "C:\Users\Michelangelo\Desktop\FINALE\Firmware\Central
#        BLE\examples\ble_central\ble_app_multilink_central_V2\pca10040\s132\iar\_build\None\iar_startup_nrf52.o"
#        "C:\Users\Michelangelo\Desktop\FINALE\Firmware\Central
#        BLE\examples\ble_central\ble_app_multilink_central_V2\pca10040\s132\iar\_build\Application\main.o"
#        "C:\Users\Michelangelo\Desktop\FINALE\Firmware\Central
#        BLE\examples\ble_central\ble_app_multilink_central_V2\pca10040\s132\iar\_build\nRF_Libraries\nrf_assert.o"
#        "C:\Users\Michelangelo\Desktop\FINALE\Firmware\Central
#        BLE\examples\ble_central\ble_app_multilink_central_V2\pca10040\s132\iar\_build\nRF_Libraries\nrf_atfifo.o"
#        "C:\Users\Michelangelo\Desktop\FINALE\Firmware\Central
#        BLE\examples\ble_central\ble_app_multilink_central_V2\pca10040\s132\iar\_build\nRF_Libraries\nrf_atflags.o"
#        "C:\Users\Michelangelo\Desktop\FINALE\Firmware\Central
#        BLE\examples\ble_central\ble_app_multilink_central_V2\pca10040\s132\iar\_build\nRF_Libraries\nrf_atomic.o"
#        "C:\Users\Michelangelo\Desktop\FINALE\Firmware\Central
#        BLE\examples\ble_central\ble_app_multilink_central_V2\pca10040\s132\iar\_build\nRF_Libraries\nrf_balloc.o"
#        "C:\Users\Michelangelo\Desktop\FINALE\Firmware\Central
#        BLE\examples\ble_central\ble_app_multilink_central_V2\pca10040\s132\iar\_build\nRF_BLE\nrf_ble_gatt.o"
#        "C:\Users\Michelangelo\Desktop\FINALE\Firmware\Central
#        BLE\examples\ble_central\ble_app_multilink_central_V2\pca10040\s132\iar\_build\nRF_BLE\nrf_ble_gq.o"
#        "C:\Users\Michelangelo\Desktop\FINALE\Firmware\Central
#        BLE\examples\ble_central\ble_app_multilink_central_V2\pca10040\s132\iar\_build\nRF_BLE\nrf_ble_scan.o"
#        "C:\Users\Michelangelo\Desktop\FINALE\Firmware\Central
#        BLE\examples\ble_central\ble_app_multilink_central_V2\pca10040\s132\iar\_build\nRF_Drivers\nrf_drv_clock.o"
#        "C:\Users\Michelangelo\Desktop\FINALE\Firmware\Central
#        BLE\examples\ble_central\ble_app_multilink_central_V2\pca10040\s132\iar\_build\nRF_Drivers\nrf_drv_uart.o"
#        "C:\Users\Michelangelo\Desktop\FINALE\Firmware\Central
#        BLE\examples\ble_central\ble_app_multilink_central_V2\pca10040\s132\iar\_build\nRF_Libraries\nrf_fprintf.o"
#        "C:\Users\Michelangelo\Desktop\FINALE\Firmware\Central
#        BLE\examples\ble_central\ble_app_multilink_central_V2\pca10040\s132\iar\_build\nRF_Libraries\nrf_fprintf_format.o"
#        "C:\Users\Michelangelo\Desktop\FINALE\Firmware\Central
#        BLE\examples\ble_central\ble_app_multilink_central_V2\pca10040\s132\iar\_build\nRF_Log\nrf_log_backend_rtt.o"
#        "C:\Users\Michelangelo\Desktop\FINALE\Firmware\Central
#        BLE\examples\ble_central\ble_app_multilink_central_V2\pca10040\s132\iar\_build\nRF_Log\nrf_log_backend_serial.o"
#        "C:\Users\Michelangelo\Desktop\FINALE\Firmware\Central
#        BLE\examples\ble_central\ble_app_multilink_central_V2\pca10040\s132\iar\_build\nRF_Log\nrf_log_backend_uart.o"
#        "C:\Users\Michelangelo\Desktop\FINALE\Firmware\Central
#        BLE\examples\ble_central\ble_app_multilink_central_V2\pca10040\s132\iar\_build\nRF_Log\nrf_log_default_backends.o"
#        "C:\Users\Michelangelo\Desktop\FINALE\Firmware\Central
#        BLE\examples\ble_central\ble_app_multilink_central_V2\pca10040\s132\iar\_build\nRF_Log\nrf_log_frontend.o"
#        "C:\Users\Michelangelo\Desktop\FINALE\Firmware\Central
#        BLE\examples\ble_central\ble_app_multilink_central_V2\pca10040\s132\iar\_build\nRF_Log\nrf_log_str_formatter.o"
#        "C:\Users\Michelangelo\Desktop\FINALE\Firmware\Central
#        BLE\examples\ble_central\ble_app_multilink_central_V2\pca10040\s132\iar\_build\nRF_Libraries\nrf_memobj.o"
#        "C:\Users\Michelangelo\Desktop\FINALE\Firmware\Central
#        BLE\examples\ble_central\ble_app_multilink_central_V2\pca10040\s132\iar\_build\nRF_Libraries\nrf_pwr_mgmt.o"
#        "C:\Users\Michelangelo\Desktop\FINALE\Firmware\Central
#        BLE\examples\ble_central\ble_app_multilink_central_V2\pca10040\s132\iar\_build\nRF_Libraries\nrf_queue.o"
#        "C:\Users\Michelangelo\Desktop\FINALE\Firmware\Central
#        BLE\examples\ble_central\ble_app_multilink_central_V2\pca10040\s132\iar\_build\nRF_Libraries\nrf_ringbuf.o"
#        "C:\Users\Michelangelo\Desktop\FINALE\Firmware\Central
#        BLE\examples\ble_central\ble_app_multilink_central_V2\pca10040\s132\iar\_build\nRF_SoftDevice\nrf_sdh.o"
#        "C:\Users\Michelangelo\Desktop\FINALE\Firmware\Central
#        BLE\examples\ble_central\ble_app_multilink_central_V2\pca10040\s132\iar\_build\nRF_SoftDevice\nrf_sdh_ble.o"
#        "C:\Users\Michelangelo\Desktop\FINALE\Firmware\Central
#        BLE\examples\ble_central\ble_app_multilink_central_V2\pca10040\s132\iar\_build\nRF_SoftDevice\nrf_sdh_soc.o"
#        "C:\Users\Michelangelo\Desktop\FINALE\Firmware\Central
#        BLE\examples\ble_central\ble_app_multilink_central_V2\pca10040\s132\iar\_build\nRF_Libraries\nrf_section_iter.o"
#        "C:\Users\Michelangelo\Desktop\FINALE\Firmware\Central
#        BLE\examples\ble_central\ble_app_multilink_central_V2\pca10040\s132\iar\_build\nRF_Libraries\nrf_sortlist.o"
#        "C:\Users\Michelangelo\Desktop\FINALE\Firmware\Central
#        BLE\examples\ble_central\ble_app_multilink_central_V2\pca10040\s132\iar\_build\nRF_Libraries\nrf_strerror.o"
#        "C:\Users\Michelangelo\Desktop\FINALE\Firmware\Central
#        BLE\examples\ble_central\ble_app_multilink_central_V2\pca10040\s132\iar\_build\nRF_Drivers\nrfx_atomic.o"
#        "C:\Users\Michelangelo\Desktop\FINALE\Firmware\Central
#        BLE\examples\ble_central\ble_app_multilink_central_V2\pca10040\s132\iar\_build\nRF_Drivers\nrfx_clock.o"
#        "C:\Users\Michelangelo\Desktop\FINALE\Firmware\Central
#        BLE\examples\ble_central\ble_app_multilink_central_V2\pca10040\s132\iar\_build\nRF_Drivers\nrfx_gpiote.o"
#        "C:\Users\Michelangelo\Desktop\FINALE\Firmware\Central
#        BLE\examples\ble_central\ble_app_multilink_central_V2\pca10040\s132\iar\_build\nRF_Drivers\nrfx_prs.o"
#        "C:\Users\Michelangelo\Desktop\FINALE\Firmware\Central
#        BLE\examples\ble_central\ble_app_multilink_central_V2\pca10040\s132\iar\_build\nRF_Drivers\nrfx_uart.o"
#        "C:\Users\Michelangelo\Desktop\FINALE\Firmware\Central
#        BLE\examples\ble_central\ble_app_multilink_central_V2\pca10040\s132\iar\_build\nRF_Drivers\nrfx_uarte.o"
#        "C:\Users\Michelangelo\Desktop\FINALE\Firmware\Central
#        BLE\examples\ble_central\ble_app_multilink_central_V2\pca10040\s132\iar\_build\nRF_Libraries\retarget.o"
#        "C:\Users\Michelangelo\Desktop\FINALE\Firmware\Central
#        BLE\examples\ble_central\ble_app_multilink_central_V2\pca10040\s132\iar\_build\nRF_Segger_RTT\SEGGER_RTT.o"
#        "C:\Users\Michelangelo\Desktop\FINALE\Firmware\Central
#        BLE\examples\ble_central\ble_app_multilink_central_V2\pca10040\s132\iar\_build\nRF_Segger_RTT\SEGGER_RTT_printf.o"
#        "C:\Users\Michelangelo\Desktop\FINALE\Firmware\Central
#        BLE\examples\ble_central\ble_app_multilink_central_V2\pca10040\s132\iar\_build\nRF_Segger_RTT\SEGGER_RTT_Syscalls_IAR.o"
#        "C:\Users\Michelangelo\Desktop\FINALE\Firmware\Central
#        BLE\examples\ble_central\ble_app_multilink_central_V2\pca10040\s132\iar\_build\None\system_nrf52.o"
#        "C:\Users\Michelangelo\Desktop\FINALE\Firmware\Central
#        BLE\examples\ble_central\ble_app_multilink_central_V2\pca10040\s132\iar\_build\UTF8\UTF16
#        converter\utf.o" --redirect _Printf=_PrintfFull --redirect
#        _Scanf=_ScanfFull --no_out_extension -o
#        "C:\Users\Michelangelo\Desktop\FINALE\Firmware\Central
#        BLE\examples\ble_central\ble_app_multilink_central_V2\pca10040\s132\iar\_build\ble_app_multilink_central_pca10040_s132.out"
#        --map "C:\Users\Michelangelo\Desktop\FINALE\Firmware\Central
#        BLE\examples\ble_central\ble_app_multilink_central_V2\pca10040\s132\iar\_build\ble_app_multilink_central_pca10040_s132.map"
#        --config "C:\Users\Michelangelo\Desktop\FINALE\Firmware\Central
#        BLE\examples\ble_central\ble_app_multilink_central_V2\pca10040\s132\iar\ble_app_multilink_central_iar_nRF5x.icf"
#        --warnings_are_errors --entry __iar_program_start --inline --vfe
#        --text_out locale)
#
###############################################################################

*******************************************************************************
*** RUNTIME MODEL ATTRIBUTES
***

CppFlavor       = *
__Heap_Handler  = Basic
__SystemLibrary = DLib
__dlib_version  = 6


*******************************************************************************
*** HEAP SELECTION
***

The basic heap was selected because some modules are built with
size limitations (and not runtime checking), and --advanced_heap
was not specified.


*******************************************************************************
*** PLACEMENT SUMMARY
***

"A0":  place at address 0x2'6000 { ro section .intvec };
define block RO_END with size = 0, alignment = 8 { };
"P1":  place in [from 0x2'6000 to 0x7'ffff] { ro, block RO_END };
define block CSTACK with size = 8K, alignment = 8 { };
define block HEAP with size = 8K, alignment = 8 { };
"P2":  place in [from 0x2000'45b8 to 0x3000'ffff] {
          rw, block CSTACK, block HEAP };
initialize by copy { rw };
keep { section .intvec };

  Section                 Kind         Address    Size  Object
  -------                 ----         -------    ----  ------
"A0":                                            0x200
  .intvec                 ro code     0x2'6000   0x200  iar_startup_nrf52.o [3]
                                    - 0x2'6200   0x200

"P1":                                           0x6cdd
  .text                   ro code     0x2'6200   0xbc0  main.o [1]
  .text                   ro code     0x2'6dc0    0x1e  app_error.o [8]
  .text                   ro code     0x2'6dde    0x76  lz77_init_single.o [14]
  .text                   ro code     0x2'6e54   0x364  nrf_ble_scan.o [5]
  .text                   ro code     0x2'71b8   0x11c  boards.o [3]
  .text                   ro code     0x2'72d4   0x240  ble_mic_c.o [6]
  .text                   ro code     0x2'7514   0x220  app_uart_fifo.o [8]
  .text                   ro code     0x2'7734   0x27e  bsp.o [2]
  .rodata                 const       0x2'79b2     0x2  xlocale_c.o [12]
  .text                   ro code     0x2'79b4    0xd4  bsp_btn_ble.o [2]
  .text                   ro code     0x2'7a88   0x6bc  ble_db_discovery.o [5]
  .text                   ro code     0x2'8144   0x180  ble_conn_state.o [5]
  .text                   ro code     0x2'82c4     0x6  ABImemclr4.o [14]
  .text                   ro code     0x2'82ca     0x2  iar_startup_nrf52.o [3]
  .text                   ro code     0x2'82cc    0x44  app_button.o [8]
  .text                   ro code     0x2'8310   0x17c  nrf_drv_clock.o [7]
  .text                   ro code     0x2'848c   0x3cc  app_timer2.o [8]
  .text                   ro code     0x2'8858    0x6c  nrf_pwr_mgmt.o [8]
  .text                   ro code     0x2'88c4   0x1ac  nrf_sdh.o [11]
  .text                   ro code     0x2'8a70   0x21c  nrf_sdh_ble.o [11]
  .text                   ro code     0x2'8c8c   0x2d8  nrf_ble_gatt.o [5]
  .text                   ro code     0x2'8f64   0x52c  nrf_log_frontend.o [9]
  .text                   ro code     0x2'9490    0x68  app_error_weak.o [8]
  .text                   ro code     0x2'94f8    0x14  strlen_small.o [14]
  .text                   ro code     0x2'950c    0x12  strcmp.o [14]
  .text                   ro code     0x2'951e     0x2  iar_startup_nrf52.o [3]
  .text                   ro code     0x2'9520    0x18  ABImemcpy_small.o [14]
  .text                   ro code     0x2'9538    0x9e  ble_advdata.o [5]
  .text                   ro code     0x2'95d6     0x2  iar_startup_nrf52.o [3]
  .text                   ro code     0x2'95d8   0x404  nrf_ble_gq.o [5]
  .text                   ro code     0x2'99dc   0x4a8  nrfx_uarte.o [7]
  .text                   ro code     0x2'9e84   0x534  nrfx_uart.o [7]
  .text                   ro code     0x2'a3b8    0x90  app_fifo.o [8]
  .text                   ro code     0x2'a448    0x8c  nrf_drv_uart.o [7]
  .text                   ro code     0x2'a4d4   0x106  I64DivMod_small.o [14]
  .text                   ro code     0x2'a5da    0x3c  nrf_atflags.o [8]
  .text                   ro code     0x2'a616     0x2  iar_startup_nrf52.o [3]
  .text                   ro code     0x2'a618    0x98  nrf_atomic.o [8]
  .text                   ro code     0x2'a6b0    0x32  ABImemset48.o [14]
  .text                   ro code     0x2'a6e2     0x2  iar_startup_nrf52.o [3]
  .text                   ro code     0x2'a6e4   0x25c  nrfx_gpiote.o [7]
  .text                   ro code     0x2'a940    0x70  app_util_platform.o [8]
  .text                   ro code     0x2'a9b0   0x100  nrfx_clock.o [7]
  .text                   ro code     0x2'aab0   0x2c8  drv_rtc.o [8]
  .text                   ro code     0x2'ad78    0x4a  nrf_sortlist.o [8]
  .text                   ro code     0x2'adc2     0x2  iar_startup_nrf52.o [3]
  .text                   ro code     0x2'adc4   0x104  nrf_atfifo.o [8]
  .text                   ro code     0x2'aec8    0x46  nrf_section_iter.o [8]
  .text                   ro code     0x2'af0e     0x2  iar_startup_nrf52.o [3]
  .text                   ro code     0x2'af10    0x5c  nrf_strerror.o [8]
  .text                   ro code     0x2'af6c   0x158  nrf_memobj.o [8]
  .text                   ro code     0x2'b0c4    0x1e  memcmp_small.o [14]
  .text                   ro code     0x2'b0e2   0x1a2  nrf_queue.o [8]
  .text                   ro code     0x2'b284    0x48  nrfx_prs.o [7]
  .text                   ro code     0x2'b2cc     0x2  I64DivZer.o [14]
  .text                   ro code     0x2'b2ce    0xa4  nrf_balloc.o [8]
  .text                   ro code     0x2'b372     0x2  iar_startup_nrf52.o [3]
  .text                   ro code     0x2'b374   0x31c  nrf_fprintf_format.o [8]
  .text                   ro code     0x2'b690    0x40  nrf_fprintf.o [8]
  .text                   ro code     0x2'b6d0   0x24c  system_nrf52.o [3]
  .text                   ro code     0x2'b91c   0x224  nrf_log_str_formatter.o [9]
  .text                   ro code     0x2'bb40    0x14  isalpha.o [12]
  .text                   ro code     0x2'bb54    0x14  ispunct.o [12]
  .text                   ro code     0x2'bb68    0x48  xlocale_c.o [12]
  .rodata                 const       0x2'bbb0   0x1d0  nrf_sdh_ble.o [11]
  .rodata                 const       0x2'bd80   0x128  nrf_strerror.o [8]
  .text                   ro code     0x2'bea8   0x10c  SEGGER_RTT.o [10]
  .rodata                 const       0x2'bfb4    0xec  ble_db_discovery.o [5]
  .rodata                 const       0x2'c0a0    0xe4  nrf_ble_gatt.o [5]
  .text                   ro code     0x2'c184    0xcc  nrf_log_backend_serial.o [9]
  log_const_data                      0x2'c250    0x98  <Block>
    log_const_data        const       0x2'c250     0x8  app_button.o [8]
    log_const_data        const       0x2'c258     0x8  app_timer2.o [8]
    log_const_data        const       0x2'c260     0x8  ble_db_discovery.o [5]
    log_const_data        const       0x2'c268     0x8  ble_mic_c.o [6]
    log_const_data        const       0x2'c270     0x8  nrf_ble_gatt.o [5]
    log_const_data        const       0x2'c278     0x8  nrf_ble_gq.o [5]
    log_const_data        const       0x2'c280     0x8  nrf_ble_scan.o [5]
    log_const_data        const       0x2'c288     0x8  nrf_drv_clock.o [7]
    log_const_data        const       0x2'c290     0x8  nrf_log_frontend.o [9]
    log_const_data        const       0x2'c298     0x8  nrf_pwr_mgmt.o [8]
    log_const_data        const       0x2'c2a0     0x8  nrf_sdh.o [11]
    log_const_data        const       0x2'c2a8     0x8  nrf_sdh_ble.o [11]
    log_const_data        const       0x2'c2b0     0x8  nrf_sdh_soc.o [11]
    log_const_data        const       0x2'c2b8     0x8  nrf_sortlist.o [8]
    log_const_data        const       0x2'c2c0     0x8  nrfx_clock.o [7]
    log_const_data        const       0x2'c2c8     0x8  nrfx_gpiote.o [7]
    log_const_data        const       0x2'c2d0     0x8  nrfx_prs.o [7]
    log_const_data        const       0x2'c2d8     0x8  nrfx_uart.o [7]
    log_const_data        const       0x2'c2e0     0x8  nrfx_uarte.o [7]
  .text                   ro code     0x2'c2f0    0x88  nrf_log_backend_rtt.o [9]
  .rodata                 const       0x2'c378    0x7c  ble_db_discovery.o [5]
  .rodata                 const       0x2'c3f4    0x64  nrf_ble_gatt.o [5]
  .rodata                 const       0x2'c458    0x60  nrf_sdh_ble.o [11]
  .rodata                 const       0x2'c4b8    0x50  main.o [1]
  .rodata                 const       0x2'c508    0x4c  nrf_ble_gq.o [5]
  .text                   ro code     0x2'c554    0x44  nrf_sdh_soc.o [11]
  sdh_ble_observers1                  0x2'c598    0x40  <Block>
    sdh_ble_observers1    const       0x2'c598     0x8  bsp_btn_ble.o [2]
    sdh_ble_observers1    const       0x2'c5a0     0x8  main.o [1]
    sdh_ble_observers1    const       0x2'c5a8    0x20  main.o [1]
    sdh_ble_observers1    const       0x2'c5c8     0x8  main.o [1]
    sdh_ble_observers1    const       0x2'c5d0     0x8  main.o [1]
  .text                   ro code     0x2'c5d8    0x38  zero_init3.o [14]
  .rodata                 const       0x2'c610    0x2c  nrf_strerror.o [8]
  .rodata                 const       0x2'c63c    0x28  nrf_strerror.o [8]
  .rodata                 const       0x2'c664    0x28  nrf_strerror.o [8]
  .text                   ro code     0x2'c68c    0x28  data_init.o [14]
  .rodata                 const       0x2'c6b4    0x24  drv_rtc.o [8]
  .rodata                 const       0x2'c6d8    0x24  nrf_ble_scan.o [5]
  .rodata                 const       0x2'c6fc    0x24  nrf_strerror.o [8]
  .rodata                 const       0x2'c720    0x24  nrf_strerror.o [8]
  .rodata                 const       0x2'c744    0x24  nrf_strerror.o [8]
  .rodata                 const       0x2'c768    0x24  nrf_strerror.o [8]
  .rodata                 const       0x2'c78c    0x24  nrf_strerror.o [8]
  .text                   ro code     0x2'c7b0    0x22  fpinit_M.o [13]
  .iar.init_table         const       0x2'c7d4    0x20  - Linker created -
  .text                   ro code     0x2'c7f4     0x2  iar_startup_nrf52.o [3]
  .rodata                 const       0x2'c7f8    0x20  nrf_sdh_ble.o [11]
  .rodata                 const       0x2'c818    0x20  nrf_strerror.o [8]
  .rodata                 const       0x2'c838    0x20  nrf_strerror.o [8]
  .rodata                 const       0x2'c858    0x20  nrf_strerror.o [8]
  .rodata                 const       0x2'c878    0x20  nrf_strerror.o [8]
  .rodata                 const       0x2'c898    0x20  nrf_strerror.o [8]
  sdh_ble_observers2                  0x2'c8b8    0x20  <Block>
    sdh_ble_observers2    const       0x2'c8b8    0x20  main.o [1]
  .text                   ro code     0x2'c8d8    0x1e  cmain.o [14]
  .text                   ro code     0x2'c8f6     0x4  exit.o [12]
  .text                   ro code     0x2'c8fa     0x2  iar_startup_nrf52.o [3]
  .text                   ro code     0x2'c8fc     0xa  cexit.o [14]
  .text                   ro code     0x2'c906     0x2  iar_startup_nrf52.o [3]
  .text                   ro code     0x2'c908     0xc  XXexit.o [14]
  .rodata                 const       0x2'c914    0x1c  app_error_weak.o [8]
  .rodata                 const       0x2'c930    0x1c  nrf_strerror.o [8]
  .rodata                 const       0x2'c94c    0x1c  nrf_strerror.o [8]
  .rodata                 const       0x2'c968    0x1c  nrf_strerror.o [8]
  .rodata                 const       0x2'c984    0x1c  nrf_strerror.o [8]
  .rodata                 const       0x2'c9a0    0x1c  nrf_strerror.o [8]
  .text                   ro code     0x2'c9bc    0x1c  cstartup_M.o [14]
  .rodata                 const       0x2'c9d8    0x18  nrf_pwr_mgmt.o [8]
  .rodata                 const       0x2'c9f0    0x18  nrf_strerror.o [8]
  .rodata                 const       0x2'ca08    0x18  nrf_strerror.o [8]
  .rodata                 const       0x2'ca20    0x18  nrf_strerror.o [8]
  .rodata                 const       0x2'ca38    0x18  nrf_strerror.o [8]
  .rodata                 const       0x2'ca50    0x18  nrf_strerror.o [8]
  .rodata                 const       0x2'ca68    0x18  nrf_strerror.o [8]
  .rodata                 const       0x2'ca80    0x18  nrf_strerror.o [8]
  .rodata                 const       0x2'ca98    0x18  nrf_strerror.o [8]
  .rodata                 const       0x2'cab0    0x18  nrf_strerror.o [8]
  .rodata                 const       0x2'cac8    0x14  nrf_strerror.o [8]
  .rodata                 const       0x2'cadc    0x14  nrf_strerror.o [8]
  .rodata                 const       0x2'caf0    0x14  nrf_strerror.o [8]
  .rodata                 const       0x2'cb04    0x14  nrf_strerror.o [8]
  .rodata                 const       0x2'cb18    0x14  nrf_strerror.o [8]
  .rodata                 const       0x2'cb2c    0x14  nrf_strerror.o [8]
  .rodata                 const       0x2'cb40    0x14  nrf_strerror.o [8]
  nrf_balloc              const       0x2'cb54    0x14  main.o [1]
  nrf_balloc              const       0x2'cb68    0x14  nrf_log_frontend.o [9]
  nrf_queue               const       0x2'cb7c    0x14  main.o [1]
  .rodata                 const       0x2'cb90    0x10  nrf_ble_gatt.o [5]
  .rodata                 const       0x2'cba0    0x10  nrf_log_default_backends.o [9]
  .rodata                 const       0x2'cbb0    0x10  nrf_sdh.o [11]
  .rodata                 const       0x2'cbc0    0x10  nrf_sdh.o [11]
  .rodata                 const       0x2'cbd0    0x10  nrf_sdh.o [11]
  .rodata                 const       0x2'cbe0    0x10  nrf_sdh_soc.o [11]
  .rodata                 const       0x2'cbf0    0x10  nrf_strerror.o [8]
  .rodata                 const       0x2'cc00    0x10  nrf_strerror.o [8]
  .text                   ro code     0x2'cc10    0x10  iar_startup_nrf52.o [3]
  log_backends            const       0x2'cc20    0x10  nrf_log_default_backends.o [9]
  sdh_stack_observers0                0x2'cc30    0x10  <Block>
    sdh_stack_observers0  const       0x2'cc30     0x8  nrf_sdh_ble.o [11]
    sdh_stack_observers0  const       0x2'cc38     0x8  nrf_sdh_soc.o [11]
  .rodata                 const       0x2'cc40     0xc  app_button.o [8]
  .rodata                 const       0x2'cc4c     0xc  app_timer2.o [8]
  .rodata                 const       0x2'cc58     0xc  ble_db_discovery.o [5]
  .rodata                 const       0x2'cc64     0xc  ble_mic_c.o [6]
  .rodata                 const       0x2'cc70     0xc  nrf_ble_gq.o [5]
  .rodata                 const       0x2'cc7c     0xc  nrf_ble_scan.o [5]
  .rodata                 const       0x2'cc88     0xc  nrf_log_backend_rtt.o [9]
  .rodata                 const       0x2'cc94     0xc  nrf_pwr_mgmt.o [8]
  .rodata                 const       0x2'cca0     0xc  nrf_sdh_ble.o [11]
  .rodata                 const       0x2'ccac     0xc  nrf_sdh_soc.o [11]
  .rodata                 const       0x2'ccb8     0xc  nrf_sortlist.o [8]
  .rodata                 const       0x2'ccc4     0xc  nrf_strerror.o [8]
  .rodata                 const       0x2'ccd0     0x8  nrf_drv_clock.o [7]
  .rodata                 const       0x2'ccd8     0x8  nrf_log_str_formatter.o [9]
  .rodata                 const       0x2'cce0     0x8  nrf_log_str_formatter.o [9]
  .rodata                 const       0x2'cce8     0x8  nrf_log_str_formatter.o [9]
  .rodata                 const       0x2'ccf0     0x8  nrf_log_str_formatter.o [9]
  .rodata                 const       0x2'ccf8     0x8  nrf_log_str_formatter.o [9]
  .rodata                 const       0x2'cd00     0x8  nrf_log_str_formatter.o [9]
  .rodata                 const       0x2'cd08     0x8  nrf_log_str_formatter.o [9]
  .rodata                 const       0x2'cd10     0x8  nrf_log_str_formatter.o [9]
  .rodata                 const       0x2'cd18     0x8  nrf_log_str_formatter.o [9]
  .rodata                 const       0x2'cd20     0x8  nrf_log_str_formatter.o [9]
  .rodata                 const       0x2'cd28     0x8  nrf_log_str_formatter.o [9]
  .rodata                 const       0x2'cd30     0x8  nrf_sdh.o [11]
  .rodata                 const       0x2'cd38     0x8  nrfx_clock.o [7]
  .rodata                 const       0x2'cd40     0x8  nrfx_gpiote.o [7]
  .rodata                 const       0x2'cd48     0x8  nrfx_uart.o [7]
  .rodata                 const       0x2'cd50     0x8  nrfx_uarte.o [7]
  sdh_ble_observers0                  0x2'cd58     0x8  <Block>
    sdh_ble_observers0    const       0x2'cd58     0x8  ble_conn_state.o [5]
  sdh_ble_observers3                  0x2'cd60     0x8  <Block>
    sdh_ble_observers3    const       0x2'cd60     0x8  main.o [1]
  sdh_soc_observers0                  0x2'cd68     0x8  <Block>
    sdh_soc_observers0    const       0x2'cd68     0x8  nrf_drv_clock.o [7]
  sdh_state_observers0                0x2'cd70     0x8  <Block>
    sdh_state_observers0  const       0x2'cd70     0x8  nrf_drv_clock.o [7]
  .rodata                 const       0x2'cd78     0x4  nrf_log_frontend.o [9]
  .rodata                 const       0x2'cd7c     0x4  nrfx_prs.o [7]
  pwr_mgmt_data1                      0x2'cd80     0x4  <Block>
    pwr_mgmt_data1        const       0x2'cd80     0x4  main.o [1]
  .text                   ro code     0x2'cd84     0x2  iar_startup_nrf52.o [3]
  .text                   ro code     0x2'cd86     0x2  iar_startup_nrf52.o [3]
  .text                   ro code     0x2'cd88     0x2  iar_startup_nrf52.o [3]
  .text                   ro code     0x2'cd8a     0x2  iar_startup_nrf52.o [3]
  .text                   ro code     0x2'cd8c     0x2  iar_startup_nrf52.o [3]
  .text                   ro code     0x2'cd8e     0x2  iar_startup_nrf52.o [3]
  .text                   ro code     0x2'cd90     0x2  iar_startup_nrf52.o [3]
  .text                   ro code     0x2'cd92     0x2  iar_startup_nrf52.o [3]
  .text                   ro code     0x2'cd94     0x2  iar_startup_nrf52.o [3]
  .text                   ro code     0x2'cd96     0x2  iar_startup_nrf52.o [3]
  .text                   ro code     0x2'cd98     0x2  iar_startup_nrf52.o [3]
  .text                   ro code     0x2'cd9a     0x2  iar_startup_nrf52.o [3]
  .text                   ro code     0x2'cd9c     0x2  iar_startup_nrf52.o [3]
  .text                   ro code     0x2'cd9e     0x2  iar_startup_nrf52.o [3]
  .text                   ro code     0x2'cda0     0x2  iar_startup_nrf52.o [3]
  .text                   ro code     0x2'cda2     0x2  iar_startup_nrf52.o [3]
  .text                   ro code     0x2'cda4     0x2  iar_startup_nrf52.o [3]
  .text                   ro code     0x2'cda6     0x2  iar_startup_nrf52.o [3]
  .text                   ro code     0x2'cda8     0x2  iar_startup_nrf52.o [3]
  .text                   ro code     0x2'cdaa     0x2  iar_startup_nrf52.o [3]
  .text                   ro code     0x2'cdac     0x2  iar_startup_nrf52.o [3]
  .text                   ro code     0x2'cdae     0x2  iar_startup_nrf52.o [3]
  .text                   ro code     0x2'cdb0     0x2  iar_startup_nrf52.o [3]
  .text                   ro code     0x2'cdb2     0x2  iar_startup_nrf52.o [3]
  .text                   ro code     0x2'cdb4     0x2  iar_startup_nrf52.o [3]
  .text                   ro code     0x2'cdb6     0x2  iar_startup_nrf52.o [3]
  .text                   ro code     0x2'cdb8     0x2  iar_startup_nrf52.o [3]
  .text                   ro code     0x2'cdba     0x2  iar_startup_nrf52.o [3]
  .text                   ro code     0x2'cdbc     0x2  iar_startup_nrf52.o [3]
  .text                   ro code     0x2'cdbe     0x2  iar_startup_nrf52.o [3]
  .rodata                 const       0x2'cdc0     0x0  zero_init3.o [14]
  .rodata                 const       0x2'cdc0     0x0  lz77_init_single.o [14]
  Initializer bytes       const       0x2'cdc0   0x11d  <for P2-1>
                                    - 0x2'cedd  0x6cdd

"P2", part 1 of 3:                              0x2ac8
  P2-1                             0x2000'45b8  0x2ac8  <Init block>
    .data                 inited   0x2000'45b8    0x48  app_button.o [8]
    .data                 inited   0x2000'4600    0x88  app_timer2.o [8]
    .data                 inited   0x2000'4688    0x80  bsp.o [2]
    .data                 inited   0x2000'4708  0x2608  main.o [1]
    .data                 inited   0x2000'6d10    0x40  app_uart_fifo.o [8]
    .data                 inited   0x2000'6d50     0x8  main.o [1]
    .data                 inited   0x2000'6d58     0x8  nrf_log_default_backends.o [9]
    .data                 inited   0x2000'6d60    0x38  nrf_log_str_formatter.o [9]
    .data                 inited   0x2000'6d98   0x29c  SEGGER_RTT.o [10]
    .data                 inited   0x2000'7034     0x4  system_nrf52.o [3]
    .data                 inited   0x2000'7038    0x48  xlocale_c.o [12]
                                 - 0x2000'7080  0x2ac8

"P2", part 2 of 3:                              0x2ad4
  .bss                    zero     0x2000'7080   0x9c4  main.o [1]
  .bss                    zero     0x2000'7a44   0x9c4  main.o [1]
  .bss                    zero     0x2000'8408   0x9c4  main.o [1]
  .bss                    zero     0x2000'8dcc   0x420  nrf_log_frontend.o [9]
  .bss                    zero     0x2000'91ec   0x160  main.o [1]
  .bss                    zero     0x2000'934c   0x160  main.o [1]
  .bss                    zero     0x2000'94ac   0x160  main.o [1]
  .bss                    zero     0x2000'960c   0x160  main.o [1]
  .bss                    zero     0x2000'976c    0xc0  main.o [1]
  .bss                    zero     0x2000'982c    0xc0  nrf_log_frontend.o [9]
  .bss                    zero     0x2000'98ec    0x7c  ble_conn_state.o [5]
  .bss                    zero     0x2000'9968    0x5c  nrfx_gpiote.o [7]
  .bss                    zero     0x2000'99c4    0x40  nrf_log_backend_rtt.o [9]
  .bss                    zero     0x2000'9a04    0x2c  nrfx_uart.o [7]
  .bss                    zero     0x2000'9a30    0x28  ble_db_discovery.o [5]
  .bss                    zero     0x2000'9a58    0x24  nrfx_uarte.o [7]
  .bss                    zero     0x2000'9a7c    0x14  nrf_drv_clock.o [7]
  .bss                    zero     0x2000'9a90    0x14  nrf_pwr_mgmt.o [8]
  .bss                    zero     0x2000'9aa4     0xc  app_util_platform.o [8]
  .bss                    zero     0x2000'9ab0     0xc  drv_rtc.o [8]
  .bss                    zero     0x2000'9abc     0xc  main.o [1]
  .bss                    zero     0x2000'9ac8     0xc  main.o [1]
  .bss                    zero     0x2000'9ad4     0xc  main.o [1]
  .bss                    zero     0x2000'9ae0     0xc  main.o [1]
  .bss                    zero     0x2000'9aec     0xc  main.o [1]
  .bss                    zero     0x2000'9af8     0xc  main.o [1]
  .bss                    zero     0x2000'9b04     0xc  nrf_drv_uart.o [7]
  .bss                    zero     0x2000'9b10     0x8  bsp_btn_ble.o [2]
  .bss                    zero     0x2000'9b18     0x8  main.o [1]
  .bss                    zero     0x2000'9b20     0x8  main.o [1]
  .bss                    zero     0x2000'9b28     0x8  nrf_log_frontend.o [9]
  .bss                    zero     0x2000'9b30     0x8  nrf_log_frontend.o [9]
  .bss                    zero     0x2000'9b38     0x8  nrfx_clock.o [7]
  .bss                    zero     0x2000'9b40     0x8  nrfx_prs.o [7]
  .bss                    zero     0x2000'9b48     0x4  app_timer2.o [8]
  .bss                    zero     0x2000'9b4c     0x3  nrf_sdh.o [11]
  .bss                    zero     0x2000'9b4f     0x1  nrf_log_backend_rtt.o [9]
  .bss                    zero     0x2000'9b50     0x1  nrf_sdh_ble.o [11]
                                 - 0x2000'9b51  0x2ad1

"P2", part 3 of 3:                              0x2000
  CSTACK                           0x2000'9b58  0x2000  <Block>
    CSTACK                uninit   0x2000'9b58  0x2000  <Block tail>
                                 - 0x2000'bb58  0x2000

Unused ranges:

         From           To         Size
         ----           --         ----
     0x2'cedd     0x7'ffff     0x5'3123
  0x2000'9b54  0x2000'9b57          0x4
  0x2000'bb58  0x3000'ffff  0x1000'44a8


*******************************************************************************
*** INIT TABLE
***

          Address      Size
          -------      ----
Zero (__iar_zero_init3)
    1 destination range, total size 0x2ad1:
          0x2000'7080  0x2ad1

Copy/lz77 (__iar_lz77_init_single3)
    1 source range, total size 0x11d (2% of destination):
             0x2'cdc0   0x11d
    1 destination range, total size 0x2ac8:
          0x2000'45b8  0x2ac8



*******************************************************************************
*** MODULE SUMMARY
***

    Module                      ro code  ro data  rw data
    ------                      -------  -------  -------
command line/config:
    -----------------------------------------------------
    Total:

C:\Users\Michelangelo\Desktop\FINALE\Firmware\Central BLE\examples\ble_central\ble_app_multilink_central_V2\pca10040\s132\iar\_build\Application: [1]
    main.o                        3'008      474   18'932
    -----------------------------------------------------
    Total:                        3'008      474   18'932

C:\Users\Michelangelo\Desktop\FINALE\Firmware\Central BLE\examples\ble_central\ble_app_multilink_central_V2\pca10040\s132\iar\_build\Board Support: [2]
    bsp.o                           638        3      128
    bsp_btn_ble.o                   212        8        8
    -----------------------------------------------------
    Total:                          850       11      136

C:\Users\Michelangelo\Desktop\FINALE\Firmware\Central BLE\examples\ble_central\ble_app_multilink_central_V2\pca10040\s132\iar\_build\None: [3]
    boards.o                        284
    iar_startup_nrf52.o             610
    system_nrf52.o                  588                 4
    -----------------------------------------------------
    Total:                        1'482                 4

C:\Users\Michelangelo\Desktop\FINALE\Firmware\Central BLE\examples\ble_central\ble_app_multilink_central_V2\pca10040\s132\iar\_build\UTF8\UTF16 converter: [4]
    -----------------------------------------------------
    Total:

C:\Users\Michelangelo\Desktop\FINALE\Firmware\Central BLE\examples\ble_central\ble_app_multilink_central_V2\pca10040\s132\iar\_build\nRF_BLE: [5]
    ble_advdata.o                   158
    ble_conn_state.o                384        8      124
    ble_db_discovery.o            1'724      380       40
    nrf_ble_gatt.o                  728      352
    nrf_ble_gq.o                  1'028       96
    nrf_ble_scan.o                  868       56
    -----------------------------------------------------
    Total:                        4'890      892      164

C:\Users\Michelangelo\Desktop\FINALE\Firmware\Central BLE\examples\ble_central\ble_app_multilink_central_V2\pca10040\s132\iar\_build\nRF_BLE_Services: [6]
    ble_mic_c.o                     576       20
    -----------------------------------------------------
    Total:                          576       20

C:\Users\Michelangelo\Desktop\FINALE\Firmware\Central BLE\examples\ble_central\ble_app_multilink_central_V2\pca10040\s132\iar\_build\nRF_Drivers: [7]
    nrf_drv_clock.o                 380       32       20
    nrf_drv_uart.o                  140                12
    nrfx_clock.o                    256       16        8
    nrfx_gpiote.o                   604       16       92
    nrfx_prs.o                       72       12        8
    nrfx_uart.o                   1'332       16       44
    nrfx_uarte.o                  1'192       16       36
    -----------------------------------------------------
    Total:                        3'976      108      220

C:\Users\Michelangelo\Desktop\FINALE\Firmware\Central BLE\examples\ble_central\ble_app_multilink_central_V2\pca10040\s132\iar\_build\nRF_Libraries: [8]
    app_button.o                     68       21       72
    app_error.o                      30
    app_error_weak.o                104       28
    app_fifo.o                      144
    app_timer2.o                    972       24      140
    app_uart_fifo.o                 544        1       64
    app_util_platform.o             112                12
    drv_rtc.o                       712       36       12
    nrf_atfifo.o                    260
    nrf_atflags.o                    60
    nrf_atomic.o                    152
    nrf_balloc.o                    164
    nrf_fprintf.o                    64
    nrf_fprintf_format.o            796
    nrf_memobj.o                    344
    nrf_pwr_mgmt.o                  108       44       20
    nrf_queue.o                     418
    nrf_section_iter.o               70
    nrf_sortlist.o                   74       20
    nrf_strerror.o                   92    1'300
    -----------------------------------------------------
    Total:                        5'288    1'474      320

C:\Users\Michelangelo\Desktop\FINALE\Firmware\Central BLE\examples\ble_central\ble_app_multilink_central_V2\pca10040\s132\iar\_build\nRF_Log: [9]
    nrf_log_backend_rtt.o           136       12       65
    nrf_log_backend_serial.o        204
    nrf_log_default_backends.o                33        8
    nrf_log_frontend.o            1'324       32    1'264
    nrf_log_str_formatter.o         548       89       56
    -----------------------------------------------------
    Total:                        2'212      166    1'393

C:\Users\Michelangelo\Desktop\FINALE\Firmware\Central BLE\examples\ble_central\ble_app_multilink_central_V2\pca10040\s132\iar\_build\nRF_Segger_RTT: [10]
    SEGGER_RTT.o                    268       18      668
    -----------------------------------------------------
    Total:                          268       18      668

C:\Users\Michelangelo\Desktop\FINALE\Firmware\Central BLE\examples\ble_central\ble_app_multilink_central_V2\pca10040\s132\iar\_build\nRF_SoftDevice: [11]
    nrf_sdh.o                       428       64        3
    nrf_sdh_ble.o                   540      620        1
    nrf_sdh_soc.o                    68       44
    -----------------------------------------------------
    Total:                        1'036      728        4

dl7M_tlf.a: [12]
    exit.o                            4
    isalpha.o                        20
    ispunct.o                        20
    xlocale_c.o                      72        4       72
    -----------------------------------------------------
    Total:                          116        4       72

m7M_tls.a: [13]
    fpinit_M.o                       34
    -----------------------------------------------------
    Total:                           34

rt7M_tl.a: [14]
    ABImemclr4.o                      6
    ABImemcpy_small.o                24
    ABImemset48.o                    50
    I64DivMod_small.o               262
    I64DivZer.o                       2
    XXexit.o                         12
    cexit.o                          10
    cmain.o                          30
    cstartup_M.o                     28
    data_init.o                      40
    lz77_init_single.o              118
    memcmp_small.o                   30
    strcmp.o                         18
    strlen_small.o                   20
    zero_init3.o                     56
    -----------------------------------------------------
    Total:                          706

    Gaps                              8        4
    Linker created                            32    8'192
---------------------------------------------------------
    Grand Total:                 24'450    3'931   30'105


*******************************************************************************
*** ENTRY LIST
***

Entry                       Address    Size  Type      Object
-----                       -------    ----  ----      ------
.iar.init_table$$Base      0x2'c7d4           --   Gb  - Linker created -
.iar.init_table$$Limit     0x2'c7f4           --   Gb  - Linker created -
?main                      0x2'c8d9          Code  Gb  cmain.o [14]
BUF_0                   0x2000'476c   0x9c4  Data  Gb  main.o [1]
BUF_1                   0x2000'7080   0x9c4  Data  Gb  main.o [1]
BUF_2                   0x2000'7a44   0x9c4  Data  Gb  main.o [1]
BUF_3                   0x2000'8408   0x9c4  Data  Gb  main.o [1]
CSTACK$$Base            0x2000'9b58           --   Gb  - Linker created -
CSTACK$$Limit           0x2000'bb58           --   Gb  - Linker created -
C_0                     0x2000'5190     0x1  Data  Gb  main.o [1]
C_1                     0x2000'5191     0x1  Data  Gb  main.o [1]
C_2                     0x2000'5192     0x1  Data  Gb  main.o [1]
C_3                     0x2000'5193     0x1  Data  Gb  main.o [1]
GPIOTE_IRQHandler          0x2'a807   0x116  Code  Gb  nrfx_gpiote.o [7]
I_0                     0x2000'51a4     0x4  Data  Gb  main.o [1]
I_1                     0x2000'51a8     0x4  Data  Gb  main.o [1]
I_2                     0x2000'51ac     0x4  Data  Gb  main.o [1]
I_3                     0x2000'51b0     0x4  Data  Gb  main.o [1]
K_0                     0x2000'51b4     0x4  Data  Gb  main.o [1]
K_1                     0x2000'51b8     0x4  Data  Gb  main.o [1]
K_2                     0x2000'51bc     0x4  Data  Gb  main.o [1]
K_3                     0x2000'51c0     0x4  Data  Gb  main.o [1]
POWER_CLOCK_IRQHandler     0x2'aa57    0x38  Code  Gb  nrfx_clock.o [7]
PRINT                   0x2000'4708    0x64  Data  Gb  main.o [1]
RTC1_IRQHandler            0x2'ad31     0x8  Code  Gb  drv_rtc.o [8]
Region$$Table$$Base        0x2'c7d4           --   Gb  - Linker created -
Region$$Table$$Limit       0x2'c7f4           --   Gb  - Linker created -
SEGGER_RTT_WriteNoLock     0x2'bf63    0x4c  Code  Gb  SEGGER_RTT.o [10]
SWI2_EGU2_IRQHandler       0x2'8a47     0x2  Code  Gb  nrf_sdh.o [11]
SystemCoreClock         0x2000'7034     0x4  Data  Gb  system_nrf52.o [3]
SystemInit                 0x2'b6d1   0x1fe  Code  Gb  system_nrf52.o [3]
UARTE0_UART0_IRQHandler
                           0x2'b285     0x6  Code  Gb  nrfx_prs.o [7]
_ActiveTerminal         0x2000'6e10     0x1  Data  Lc  SEGGER_RTT.o [10]
_GetAvailWriteSpace        0x2'bf37    0x1a  Code  Lc  SEGGER_RTT.o [10]
_LocaleC_isalpha           0x2'bb6f     0xc  Code  Gb  xlocale_c.o [12]
_LocaleC_islower           0x2'bb69     0x4  Code  Gb  xlocale_c.o [12]
_LocaleC_ispunct           0x2'bb85    0x22  Code  Gb  xlocale_c.o [12]
_LocaleC_isupper           0x2'bb6d     0x2  Code  Gb  xlocale_c.o [12]
_SEGGER_RTT             0x2000'6d98    0x78  Data  Gb  SEGGER_RTT.o [10]
_WriteBlocking             0x2'bea9    0x54  Code  Lc  SEGGER_RTT.o [10]
_WriteNoCheck              0x2'befd    0x3a  Code  Lc  SEGGER_RTT.o [10]
__ICFEDIT_region_RAM_end__ {Abs}
                        0x3000'ffff          Data  Gb  <internal module>
__ICFEDIT_region_RAM_start__ {Abs}
                        0x2000'45b8          Data  Gb  <internal module>
__Vectors                  0x2'6000           --   Gb  iar_startup_nrf52.o [3]
__Vectors_End              0x2'6200          Data  Gb  iar_startup_nrf52.o [3]
__Vectors_Size {Abs}          0x200           --   Gb  iar_startup_nrf52.o [3]
__aeabi_ldiv0              0x2'b2cd          Code  Gb  I64DivZer.o [14]
__aeabi_memclr4            0x2'82c5          Code  Gb  ABImemclr4.o [14]
__cmain                    0x2'c8d9          Code  Gb  cmain.o [14]
__exit                     0x2'c909          Code  Gb  XXexit.o [14]
__iar_Memset4_word         0x2'a6b1          Code  Gb  ABImemset48.o [14]
__iar_Memset8_word         0x2'a6b1          Code  Gb  ABImemset48.o [14]
__iar_data_init3           0x2'c68d    0x28  Code  Gb  data_init.o [14]
__iar_globLocale        0x2000'7038    0x48  Data  Lc  xlocale_c.o [12]
__iar_global_Locale        0x2'bba7     0x4  Code  Gb  xlocale_c.o [12]
__iar_init_vfp             0x2'c7b1          Code  Gb  fpinit_M.o [13]
__iar_lz77_init_single3
                           0x2'6ddf    0x76  Code  Gb  lz77_init_single.o [14]
__iar_program_start        0x2'c9bd          Code  Gb  cstartup_M.o [14]
__iar_small_Memcpy         0x2'9525          Code  Gb  ABImemcpy_small.o [14]
__iar_small_memcmp         0x2'b0c5          Code  Gb  memcmp_small.o [14]
__iar_small_memcpy         0x2'9521          Code  Gb  ABImemcpy_small.o [14]
__iar_small_memcpy4        0x2'9521          Code  Gb  ABImemcpy_small.o [14]
__iar_small_memcpy8        0x2'9521          Code  Gb  ABImemcpy_small.o [14]
__iar_small_strlen         0x2'94f9          Code  Gb  strlen_small.o [14]
__iar_small_uldivmod       0x2'a4d5          Code  Gb  I64DivMod_small.o [14]
__iar_zero_init3           0x2'c5d9    0x38  Code  Gb  zero_init3.o [14]
__sd_nvic_app_accessible_irq
                           0x2'88c9    0x2a  Code  Lc  nrf_sdh.o [11]
__sd_nvic_irq_disable      0x2'a941     0x8  Code  Lc  app_util_platform.o [8]
__vector_table             0x2'6000          Data  Gb  iar_startup_nrf52.o [3]
_aTerminalId            0x2000'6e14    0x10  Data  Lc  SEGGER_RTT.o [10]
_acDownBuffer           0x2000'7024    0x10  Data  Lc  SEGGER_RTT.o [10]
_acUpBuffer             0x2000'6e24   0x200  Data  Lc  SEGGER_RTT.o [10]
_call_main                 0x2'c8e5          Code  Gb  cmain.o [14]
_exit                      0x2'c8fd          Code  Gb  cexit.o [14]
active_flag_count          0x2'8183    0x1c  Code  Gb  ble_conn_state.o [5]
advertising_buttons_configure
                           0x2'79b5    0x2e  Code  Lc  bsp_btn_ble.o [2]
app_button_disable         0x2'82cd    0x3e  Code  Gb  app_button.o [8]
app_error_fault_handler
                           0x2'9491    0x68  Code  Gb  app_error_weak.o [8]
app_error_handler_bare     0x2'6dc1    0x1e  Code  Gb  app_error.o [8]
app_fifo_get               0x2'a433    0x16  Code  Gb  app_fifo.o [8]
app_fifo_init              0x2'a3f3    0x26  Code  Gb  app_fifo.o [8]
app_fifo_put               0x2'a419    0x1a  Code  Gb  app_fifo.o [8]
app_timer_create           0x2'8779    0x22  Code  Gb  app_timer2.o [8]
app_timer_handler          0x2'6a0f   0x204  Code  Lc  main.o [1]
app_timer_init             0x2'872d    0x4c  Code  Gb  app_timer2.o [8]
app_timer_start            0x2'879b    0x54  Code  Gb  app_timer2.o [8]
app_timer_stop             0x2'87f7    0x34  Code  Gb  app_timer2.o [8]
app_uart_get               0x2'7687    0x24  Code  Gb  app_uart_fifo.o [8]
app_uart_init              0x2'75f1    0x96  Code  Gb  app_uart_fifo.o [8]
app_uart_inst           0x2000'6d24    0x14  Data  Lc  app_uart_fifo.o [8]
app_uart_put               0x2'76b7    0x50  Code  Gb  app_uart_fifo.o [8]
app_util_critical_region_enter
                           0x2'a949    0x36  Code  Gb  app_util_platform.o [8]
app_util_critical_region_exit
                           0x2'a97f    0x22  Code  Gb  app_util_platform.o [8]
ble_advdata_name_find      0x2'9591    0x46  Code  Gb  ble_advdata.o [5]
ble_advdata_search         0x2'9539    0x58  Code  Gb  ble_advdata.o [5]
ble_conn_state_central_conn_count
                           0x2'82a7     0x8  Code  Gb  ble_conn_state.o [5]
ble_conn_state_init        0x2'81a1     0x2  Code  Gb  ble_conn_state.o [5]
ble_db_discovery_evt_register
                           0x2'7de1    0x36  Code  Gb  ble_db_discovery.o [5]
ble_db_discovery_init      0x2'7db9    0x28  Code  Gb  ble_db_discovery.o [5]
ble_db_discovery_on_ble_evt
                           0x2'7eb1   0x250  Code  Gb  ble_db_discovery.o [5]
ble_db_discovery_start     0x2'7e17    0x96  Code  Gb  ble_db_discovery.o [5]
ble_evt_handler            0x2'81b7    0xf0  Code  Lc  ble_conn_state.o [5]
ble_evt_handler            0x2'7a03    0x6e  Code  Lc  bsp_btn_ble.o [2]
ble_evt_handler            0x2'68bd   0x152  Code  Lc  main.o [1]
ble_evt_handler{1}{2}{41}::phys
                           0x2'6da4     0x2  Data  Lc  main.o [1]
ble_mic_c_evt_handler      0x2'6797    0xf8  Code  Lc  main.o [1]
ble_mic_c_handles_assign
                           0x2'74e1    0x22  Code  Gb  ble_mic_c.o [6]
ble_mic_c_init             0x2'734d    0x5a  Code  Gb  ble_mic_c.o [6]
ble_mic_c_on_ble_evt       0x2'73a7    0x68  Code  Gb  ble_mic_c.o [6]
ble_mic_c_on_db_disc_evt
                           0x2'72df    0x6e  Code  Gb  ble_mic_c.o [6]
ble_mic_c_string_send      0x2'7477    0x64  Code  Gb  ble_mic_c.o [6]
ble_mic_c_tx_notif_enable
                           0x2'740f    0x68  Code  Gb  ble_mic_c.o [6]
ble_stack_init::m_ble_observer
                           0x2'cd60     0x8  Data  Lc  main.o [1]
bsp_board_button_idx_to_pin
                           0x2'7279     0x6  Code  Gb  boards.o [3]
bsp_board_init             0x2'7281    0x4c  Code  Gb  boards.o [3]
bsp_board_led_invert       0x2'7241    0x1a  Code  Gb  boards.o [3]
bsp_board_led_off          0x2'7215     0x8  Code  Gb  boards.o [3]
bsp_board_led_on           0x2'720d     0x8  Code  Gb  boards.o [3]
bsp_board_led_state_get
                           0x2'7205     0x8  Code  Gb  boards.o [3]
bsp_board_leds_off         0x2'721d    0x12  Code  Gb  boards.o [3]
bsp_board_leds_on          0x2'722f    0x12  Code  Gb  boards.o [3]
bsp_btn_ble_sleep_mode_prepare
                           0x2'79e3    0x20  Code  Gb  bsp_btn_ble.o [2]
bsp_button_event_handler::current_long_push_pin_no
                        0x2000'4697     0x1  Data  Lc  bsp.o [2]
bsp_button_event_handler::release_event_at_push
                        0x2000'46a0     0x4  Data  Lc  bsp.o [2]
bsp_event_to_button_action_assign
                           0x2'7937    0x3a  Code  Gb  bsp.o [2]
bsp_indication_set         0x2'791f    0x16  Code  Gb  bsp.o [2]
bsp_led_indication         0x2'775d   0x1b6  Code  Lc  bsp.o [2]
bsp_wakeup_button_enable
                           0x2'79af     0x4  Code  Gb  bsp.o [2]
buf_prealloc               0x2'902d   0x10e  Code  Lc  nrf_log_frontend.o [9]
buffer_add                 0x2'b375    0x2c  Code  Lc  nrf_fprintf_format.o [8]
buffer_is_empty            0x2'9205    0x12  Code  Gb  nrf_log_frontend.o [9]
characteristics_discover
                           0x2'7ca5    0x68  Code  Lc  ble_db_discovery.o [5]
circullar_buffer_size_get
                           0x2'b0e3     0x6  Code  Lc  nrf_queue.o [8]
clock_clk_started_notify
                           0x2'83ed    0x24  Code  Lc  nrf_drv_clock.o [7]
clock_irq_handler          0x2'8411    0x18  Code  Lc  nrf_drv_clock.o [7]
compare_func               0x2'84bd    0x1a  Code  Lc  app_timer2.o [8]
conn_0                  0x2000'5194     0x2  Data  Gb  main.o [1]
conn_1                  0x2000'5196     0x2  Data  Gb  main.o [1]
conn_2                  0x2000'5198     0x2  Data  Gb  main.o [1]
conn_3                  0x2000'519a     0x2  Data  Gb  main.o [1]
conn_handle_id_find        0x2'9799    0x22  Code  Lc  nrf_ble_gq.o [5]
conn_handle_list_get       0x2'8145    0x3e  Code  Gb  ble_conn_state.o [5]
conn_init                  0x2'6245    0x12  Code  Lc  main.o [1]
data_length_update         0x2'8ca5    0x80  Code  Lc  nrf_ble_gatt.o [5]
db_disc_handler            0x2'62ef    0x16  Code  Lc  main.o [1]
descriptors_discover       0x2'7d0d    0xac  Code  Lc  ble_db_discovery.o [5]
discovery_available_evt_trigger
                           0x2'7ab9    0x2a  Code  Lc  ble_db_discovery.o [5]
discovery_complete_evt_trigger
                           0x2'7b27    0xa4  Code  Lc  ble_db_discovery.o [5]
discovery_error_handler
                           0x2'7ae3    0x44  Code  Lc  ble_db_discovery.o [5]
dropped_sat16_get          0x2'901b    0x12  Code  Lc  nrf_log_frontend.o [9]
drv_rtc_compare_disable
                           0x2'acfb     0xa  Code  Gb  drv_rtc.o [8]
drv_rtc_compare_pending
                           0x2'ad05     0xa  Code  Gb  drv_rtc.o [8]
drv_rtc_compare_set        0x2'ab8f    0x44  Code  Gb  drv_rtc.o [8]
drv_rtc_counter_get        0x2'ad0f     0x8  Code  Gb  drv_rtc.o [8]
drv_rtc_init               0x2'aaed    0x8e  Code  Gb  drv_rtc.o [8]
drv_rtc_irq_trigger        0x2'ad17    0x1a  Code  Gb  drv_rtc.o [8]
drv_rtc_overflow_enable
                           0x2'acef     0x6  Code  Gb  drv_rtc.o [8]
drv_rtc_overflow_pending
                           0x2'acf5     0x6  Code  Gb  drv_rtc.o [8]
drv_rtc_start              0x2'ab7d     0x8  Code  Gb  drv_rtc.o [8]
drv_rtc_stop               0x2'ab85     0xa  Code  Gb  drv_rtc.o [8]
drv_rtc_windowed_compare_set
                           0x2'ac17    0xd8  Code  Gb  drv_rtc.o [8]
evt_disable                0x2'abeb    0x16  Code  Lc  drv_rtc.o [8]
evt_enable                 0x2'abd3    0x18  Code  Lc  drv_rtc.o [8]
evt_pending                0x2'ac01    0x16  Code  Lc  drv_rtc.o [8]
exit                       0x2'c8f7     0x4  Code  Gb  exit.o [12]
fifo_get                   0x2'a3df    0x14  Code  Lc  app_fifo.o [8]
fifo_length                0x2'7551     0xa  Code  Lc  app_uart_fifo.o [8]
fifo_peek                  0x2'a3cd    0x12  Code  Lc  app_fifo.o [8]
fifo_put                   0x2'a3b9    0x14  Code  Lc  app_fifo.o [8]
flag_toggle                0x2'81ab     0xc  Code  Lc  ble_conn_state.o [5]
gatt_error_handler         0x2'72d5     0xa  Code  Lc  ble_mic_c.o [6]
gattc_write_alloc          0x2'95d9    0x22  Code  Lc  nrf_ble_gq.o [5]
gatts_hvx_alloc            0x2'95fb    0x32  Code  Lc  nrf_ble_gq.o [5]
get_now                    0x2'848d    0x30  Code  Lc  app_timer2.o [8]
invalid_packets_omit       0x2'8fe7    0x34  Code  Lc  nrf_log_frontend.o [9]
is_desc_discovery_reqd     0x2'7c5b    0x4a  Code  Lc  ble_db_discovery.o [5]
is_whitelist_used          0x2'6f29    0x1c  Code  Gb  nrf_ble_scan.o [5]
isalpha                    0x2'bb41    0x14  Code  Gb  isalpha.o [12]
ispunct                    0x2'bb55    0x14  Code  Gb  ispunct.o [12]
item_enqueue               0x2'834d    0x16  Code  Lc  nrf_drv_clock.o [7]
leds_off                   0x2'7735    0x26  Code  Lc  bsp.o [2]
link_init                  0x2'8c8d    0x18  Code  Lc  nrf_ble_gatt.o [5]
log_backend_cb_rtt_log_backend
                        0x2000'6d58     0x8  Data  Lc  nrf_log_default_backends.o [9]
log_const_data$$Base       0x2'c250           --   Gb  - Linker created -
log_const_data$$Limit      0x2'c2e8           --   Gb  - Linker created -
log_dynamic_data$$Base          0x0           --   Gb  - Linker created -
log_mempool                0x2'cb68    0x14  Data  Gb  nrf_log_frontend.o [9]
log_mempool_nrf_balloc_cb
                        0x2000'9b30     0x8  Data  Lc  nrf_log_frontend.o [9]
log_mempool_nrf_balloc_pool_mem
                        0x2000'982c    0xc0  Data  Lc  nrf_log_frontend.o [9]
log_mempool_nrf_balloc_pool_stack
                        0x2000'9b28     0x8  Data  Lc  nrf_log_frontend.o [9]
m_alert_on              0x2000'4696     0x1  Data  Lc  bsp.o [2]
m_app_timer_id             0x2'6da0     0x4  Data  Lc  main.o [1]
m_app_timer_id_data     0x2000'6cf0    0x20  Data  Lc  main.o [1]
m_app_timer_sortlist       0x2'8848     0xc  Data  Lc  app_timer2.o [8]
m_app_timer_sortlist_sortlist_cb
                        0x2000'9b48     0x4  Data  Lc  app_timer2.o [8]
m_base_counter          0x2000'4600     0x8  Data  Lc  app_timer2.o [8]
m_bcs                   0x2000'98ec    0x7c  Data  Lc  ble_conn_state.o [5]
m_ble_evt_observer         0x2'cd58     0x8  Data  Lc  ble_conn_state.o [5]
m_ble_gatt_queue        0x2000'6adc    0x14  Data  Lc  main.o [1]
m_ble_gatt_queue_obs       0x2'c5d0     0x8  Data  Lc  main.o [1]
m_ble_gatt_queueconn_handles_arr
                        0x2000'6d50     0x8  Data  Lc  main.o [1]
m_ble_gatt_queuepool       0x2'cb54    0x14  Data  Gb  main.o [1]
m_ble_gatt_queuepool_nrf_balloc_cb
                        0x2000'9b20     0x8  Data  Lc  main.o [1]
m_ble_gatt_queuepool_nrf_balloc_pool_mem
                        0x2000'976c    0xc0  Data  Lc  main.o [1]
m_ble_gatt_queuepool_nrf_balloc_pool_stack
                        0x2000'9b18     0x8  Data  Lc  main.o [1]
m_ble_gatt_queuepurge_queue
                           0x2'cb7c    0x14  Data  Gb  main.o [1]
m_ble_gatt_queuepurge_queue_nrf_queue_buffer
                        0x2000'9aec     0xc  Data  Lc  main.o [1]
m_ble_gatt_queuepurge_queue_nrf_queue_cb
                        0x2000'9af8     0xc  Data  Lc  main.o [1]
m_ble_gatt_queuereq_queue
                           0x2'c4b8    0x50  Data  Lc  main.o [1]
m_ble_gatt_queuereq_queue0_nrf_queue_buffer
                        0x2000'91ec   0x160  Data  Lc  main.o [1]
m_ble_gatt_queuereq_queue0_nrf_queue_cb
                        0x2000'9abc     0xc  Data  Lc  main.o [1]
m_ble_gatt_queuereq_queue1_nrf_queue_buffer
                        0x2000'934c   0x160  Data  Lc  main.o [1]
m_ble_gatt_queuereq_queue1_nrf_queue_cb
                        0x2000'9ac8     0xc  Data  Lc  main.o [1]
m_ble_gatt_queuereq_queue2_nrf_queue_buffer
                        0x2000'94ac   0x160  Data  Lc  main.o [1]
m_ble_gatt_queuereq_queue2_nrf_queue_cb
                        0x2000'9ad4     0xc  Data  Lc  main.o [1]
m_ble_gatt_queuereq_queue3_nrf_queue_buffer
                        0x2000'960c   0x160  Data  Lc  main.o [1]
m_ble_gatt_queuereq_queue3_nrf_queue_cb
                        0x2000'9ae0     0xc  Data  Lc  main.o [1]
m_ble_mic_c             0x2000'5130    0x60  Data  Lc  main.o [1]
m_ble_mic_c_obs            0x2'c8b8    0x20  Data  Lc  main.o [1]
m_ble_observer             0x2'c598     0x8  Data  Lc  bsp_btn_ble.o [2]
m_board_btn_list           0x2'72d0     0x4  Data  Lc  boards.o [3]
m_board_led_list           0x2'72cc     0x4  Data  Lc  boards.o [3]
m_bsp_alert_tmr_data    0x2000'46c8    0x20  Data  Lc  bsp.o [2]
m_bsp_button_tmr_data   0x2000'46e8    0x20  Data  Lc  bsp.o [2]
m_bsp_leds_tmr_data     0x2000'46a8    0x20  Data  Lc  bsp.o [2]
m_button_count          0x2000'45c0     0x1  Data  Lc  app_button.o [8]
m_cb                    0x2000'9ab0     0x8  Data  Lc  drv_rtc.o [8]
m_cb                    0x2000'9968    0x5c  Data  Lc  nrfx_gpiote.o [7]
m_cb                    0x2000'9a04    0x2c  Data  Lc  nrfx_uart.o [7]
m_cb                    0x2000'9a58    0x24  Data  Lc  nrfx_uarte.o [7]
m_clock_cb              0x2000'9a7c    0x14  Data  Lc  nrf_drv_clock.o [7]
m_clock_cb              0x2000'9b38     0x8  Data  Lc  nrfx_clock.o [7]
m_colors                0x2000'6d74    0x24  Data  Lc  nrf_log_str_formatter.o [9]
m_contexts              0x2000'9b0c     0x4  Data  Lc  nrf_drv_uart.o [7]
m_db_disc               0x2000'5254  0x1740  Data  Lc  main.o [1]
m_db_disc_obs              0x2'c5a8    0x20  Data  Lc  main.o [1]
m_detection_delay       0x2000'45c8     0x4  Data  Lc  app_button.o [8]
m_detection_delay_timer_id_data
                        0x2000'45e0    0x20  Data  Lc  app_button.o [8]
m_error_handler         0x2000'9b10     0x4  Data  Lc  bsp_btn_ble.o [2]
m_event_handler         0x2000'6d38     0x4  Data  Lc  app_uart_fifo.o [8]
m_events_list           0x2000'4688     0xc  Data  Lc  bsp.o [2]
m_evt_handler           0x2000'9a4c     0x4  Data  Lc  ble_db_discovery.o [5]
m_gatt                  0x2000'5228    0x2c  Data  Lc  main.o [1]
m_gatt_obs                 0x2'c5a0     0x8  Data  Lc  main.o [1]
m_global_active         0x2000'4610     0x1  Data  Lc  app_timer2.o [8]
m_handlers              0x2000'9ab8     0x4  Data  Lc  drv_rtc.o [8]
m_handlers              0x2000'9b08     0x4  Data  Lc  nrf_drv_uart.o [7]
m_handlers_iter         0x2000'9a90     0xc  Data  Lc  nrf_pwr_mgmt.o [8]
m_host_present          0x2000'9b4f     0x1  Data  Lc  nrf_log_backend_rtt.o [9]
m_indication_type       0x2000'4698     0x4  Data  Lc  bsp.o [2]
m_initialized           0x2000'9a48     0x1  Data  Lc  ble_db_discovery.o [5]
m_leds_clear            0x2000'4695     0x1  Data  Lc  bsp.o [2]
m_log_data              0x2000'8dcc   0x420  Data  Lc  nrf_log_frontend.o [9]
m_nrf_log_CLOCK_logs_data_const
                           0x2'c2c0     0x8  Data  Gb  nrfx_clock.o [7]
m_nrf_log_GPIOTE_logs_data_const
                           0x2'c2c8     0x8  Data  Gb  nrfx_gpiote.o [7]
m_nrf_log_PRS_logs_data_const
                           0x2'c2d0     0x8  Data  Gb  nrfx_prs.o [7]
m_nrf_log_UARTE_logs_data_const
                           0x2'c2e0     0x8  Data  Gb  nrfx_uarte.o [7]
m_nrf_log_UART_logs_data_const
                           0x2'c2d8     0x8  Data  Gb  nrfx_uart.o [7]
m_nrf_log_app_button_logs_data_const
                           0x2'c250     0x8  Data  Gb  app_button.o [8]
m_nrf_log_app_logs_data_const
                           0x2'c290     0x8  Data  Gb  nrf_log_frontend.o [9]
m_nrf_log_app_timer_logs_data_const
                           0x2'c258     0x8  Data  Gb  app_timer2.o [8]
m_nrf_log_ble_db_disc_logs_data_const
                           0x2'c260     0x8  Data  Gb  ble_db_discovery.o [5]
m_nrf_log_ble_mic_c_logs_data_const
                           0x2'c268     0x8  Data  Gb  ble_mic_c.o [6]
m_nrf_log_ble_scan_logs_data_const
                           0x2'c280     0x8  Data  Gb  nrf_ble_scan.o [5]
m_nrf_log_clock_logs_data_const
                           0x2'c288     0x8  Data  Gb  nrf_drv_clock.o [7]
m_nrf_log_nrf_ble_gatt_logs_data_const
                           0x2'c270     0x8  Data  Gb  nrf_ble_gatt.o [5]
m_nrf_log_nrf_ble_gq_logs_data_const
                           0x2'c278     0x8  Data  Gb  nrf_ble_gq.o [5]
m_nrf_log_nrf_sdh_ble_logs_data_const
                           0x2'c2a8     0x8  Data  Gb  nrf_sdh_ble.o [11]
m_nrf_log_nrf_sdh_logs_data_const
                           0x2'c2a0     0x8  Data  Gb  nrf_sdh.o [11]
m_nrf_log_nrf_sdh_soc_logs_data_const
                           0x2'c2b0     0x8  Data  Gb  nrf_sdh_soc.o [11]
m_nrf_log_pwr_mgmt_logs_data_const
                           0x2'c298     0x8  Data  Gb  nrf_pwr_mgmt.o [8]
m_nrf_log_sortlist_logs_data_const
                           0x2'c2b8     0x8  Data  Gb  nrf_sortlist.o [8]
m_nrf_sdh_ble_evts_poll
                           0x2'cc30     0x8  Data  Lc  nrf_sdh_ble.o [11]
m_nrf_sdh_continue      0x2000'9b4e     0x1  Data  Lc  nrf_sdh.o [11]
m_nrf_sdh_enabled       0x2000'9b4c     0x1  Data  Lc  nrf_sdh.o [11]
m_nrf_sdh_soc_evts_poll
                           0x2'cc38     0x8  Data  Lc  nrf_sdh_soc.o [11]
m_nrf_sdh_suspended     0x2000'9b4d     0x1  Data  Lc  nrf_sdh.o [11]
m_num_connections       0x2000'9b14     0x4  Data  Lc  bsp_btn_ble.o [2]
m_num_of_handlers_reg   0x2000'9a54     0x4  Data  Lc  ble_db_discovery.o [5]
m_pin_active            0x2000'45b8     0x8  Data  Lc  app_button.o [8]
m_pin_states            0x2000'45cc    0x10  Data  Lc  app_button.o [8]
m_prs_box_4             0x2000'9b40     0x8  Data  Lc  nrfx_prs.o [7]
m_pwr_mgmt_evt          0x2000'9a9c     0x1  Data  Lc  nrf_pwr_mgmt.o [8]
m_registered_callback   0x2000'469c     0x4  Data  Lc  bsp.o [2]
m_registered_handlers   0x2000'9a30    0x18  Data  Lc  ble_db_discovery.o [5]
m_req_data_alloc           0x2'99c4    0x18  Data  Lc  nrf_ble_gq.o [5]
m_req_fifo_data         0x2000'4620    0x58  Data  Lc  app_timer2.o [8]
m_req_fifo_inst         0x2000'4678    0x10  Data  Lc  app_timer2.o [8]
m_rtc_inst              0x2000'4618     0x8  Data  Lc  app_timer2.o [8]
m_rx_fifo               0x2000'6d10    0x10  Data  Lc  app_uart_fifo.o [8]
m_rx_ovf                0x2000'6d20     0x1  Data  Lc  app_uart_fifo.o [8]
m_scan                  0x2000'6994   0x148  Data  Lc  main.o [1]
m_scan_ble_obs             0x2'c5c8     0x8  Data  Lc  main.o [1]
m_sd_state_observer        0x2'cd70     0x8  Data  Lc  nrf_drv_clock.o [7]
m_shutdown_started      0x2000'9a9d     0x1  Data  Lc  nrf_pwr_mgmt.o [8]
m_soc_evt_observer         0x2'cd68     0x8  Data  Lc  nrf_drv_clock.o [7]
m_stable_state          0x2000'4694     0x1  Data  Lc  bsp.o [2]
m_stack_is_enabled      0x2000'9b50     0x1  Data  Lc  nrf_sdh_ble.o [11]
m_stamp64               0x2000'4608     0x8  Data  Lc  app_timer2.o [8]
m_string_buff           0x2000'99c4    0x40  Data  Lc  nrf_log_backend_rtt.o [9]
m_sysoff_mtx            0x2000'9aa0     0x4  Data  Lc  nrf_pwr_mgmt.o [8]
m_target_periph_name_00
                           0x2'6d60    0x10  Data  Lc  main.o [1]
m_target_periph_name_01
                           0x2'6d70    0x10  Data  Lc  main.o [1]
m_target_periph_name_02
                           0x2'6d80    0x10  Data  Lc  main.o [1]
m_target_periph_name_03
                           0x2'6d90    0x10  Data  Lc  main.o [1]
m_tx_fifo               0x2000'6d40    0x10  Data  Lc  app_uart_fifo.o [8]
m_unknown_str              0x2'af58    0x14  Data  Lc  nrf_strerror.o [8]
main                       0x2'6c15   0x11e  Code  Gb  main.o [1]
memobj_op                  0x2'b027    0x86  Code  Lc  nrf_memobj.o [8]
mic_error_handler          0x2'6201     0x4  Code  Lc  main.o [1]
module_idx_get             0x2'8f73    0x2e  Code  Lc  nrf_log_frontend.o [9]
mp_active_timer         0x2000'4614     0x4  Data  Lc  app_timer2.o [8]
mp_buttons              0x2000'45c4     0x4  Data  Lc  app_button.o [8]
mp_gatt_queue           0x2000'9a50     0x4  Data  Lc  ble_db_discovery.o [5]
nrf_atfifo_init            0x2'adc5    0x28  Code  Gb  nrf_atfifo.o [8]
nrf_atfifo_item_alloc      0x2'aded    0x44  Code  Gb  nrf_atfifo.o [8]
nrf_atfifo_item_free       0x2'aea9    0x20  Code  Gb  nrf_atfifo.o [8]
nrf_atfifo_item_get        0x2'ae51    0x46  Code  Gb  nrf_atfifo.o [8]
nrf_atfifo_item_put        0x2'ae31    0x20  Code  Gb  nrf_atfifo.o [8]
nrf_atflags_clear          0x2'a5ef    0x16  Code  Gb  nrf_atflags.o [8]
nrf_atflags_get            0x2'a605    0x12  Code  Gb  nrf_atflags.o [8]
nrf_atflags_set            0x2'a5db    0x14  Code  Gb  nrf_atflags.o [8]
nrf_atomic_flag_clear_fetch
                           0x2'a6ad     0x4  Code  Gb  nrf_atomic.o [8]
nrf_atomic_flag_set        0x2'a6a9     0x4  Code  Gb  nrf_atomic.o [8]
nrf_atomic_u32_add         0x2'a679    0x18  Code  Gb  nrf_atomic.o [8]
nrf_atomic_u32_and         0x2'a661    0x18  Code  Gb  nrf_atomic.o [8]
nrf_atomic_u32_fetch_and
                           0x2'a649    0x18  Code  Gb  nrf_atomic.o [8]
nrf_atomic_u32_fetch_store
                           0x2'a619    0x16  Code  Gb  nrf_atomic.o [8]
nrf_atomic_u32_or          0x2'a631    0x18  Code  Gb  nrf_atomic.o [8]
nrf_atomic_u32_sub         0x2'a691    0x18  Code  Gb  nrf_atomic.o [8]
nrf_balloc_alloc           0x2'b2fd    0x46  Code  Gb  nrf_balloc.o [8]
nrf_balloc_free            0x2'b343    0x30  Code  Gb  nrf_balloc.o [8]
nrf_balloc_init            0x2'b2cf    0x2e  Code  Gb  nrf_balloc.o [8]
nrf_bitmask_bit_is_set     0x2'a77d    0x12  Code  Lc  nrfx_gpiote.o [7]
nrf_ble_gatt_att_mtu_central_set
                           0x2'8d51    0x18  Code  Gb  nrf_ble_gatt.o [5]
nrf_ble_gatt_init          0x2'8d25    0x2c  Code  Gb  nrf_ble_gatt.o [5]
nrf_ble_gatt_on_ble_evt
                           0x2'8d69   0x1c0  Code  Gb  nrf_ble_gatt.o [5]
nrf_ble_gq_conn_handle_register
                           0x2'98dd    0x66  Code  Gb  nrf_ble_gq.o [5]
nrf_ble_gq_item_add        0x2'97bd    0xf8  Code  Gb  nrf_ble_gq.o [5]
nrf_ble_gq_on_ble_evt      0x2'9943    0x64  Code  Gb  nrf_ble_gq.o [5]
nrf_ble_scan_connect_with_target
                           0x2'6e55    0x42  Code  Lc  nrf_ble_scan.o [5]
nrf_ble_scan_default_conn_param_set
                           0x2'6f73    0x1c  Code  Lc  nrf_ble_scan.o [5]
nrf_ble_scan_default_param_set
                           0x2'6f45    0x2e  Code  Lc  nrf_ble_scan.o [5]
nrf_ble_scan_filter_set
                           0x2'6e97    0x6e  Code  Gb  nrf_ble_scan.o [5]
nrf_ble_scan_filters_enable
                           0x2'6f05    0x24  Code  Gb  nrf_ble_scan.o [5]
nrf_ble_scan_init          0x2'6f93    0x78  Code  Gb  nrf_ble_scan.o [5]
nrf_ble_scan_on_ble_evt
                           0x2'7081   0x130  Code  Gb  nrf_ble_scan.o [5]
nrf_ble_scan_start         0x2'700b    0x62  Code  Gb  nrf_ble_scan.o [5]
nrf_ble_scan_stop          0x2'6f8f     0x4  Code  Gb  nrf_ble_scan.o [5]
nrf_clock_event_clear      0x2'a9b1    0x14  Code  Lc  nrfx_clock.o [7]
nrf_drv_clock_init         0x2'8311    0x3c  Code  Gb  nrf_drv_clock.o [7]
nrf_drv_clock_lfclk_release
                           0x2'839b    0x26  Code  Gb  nrf_drv_clock.o [7]
nrf_drv_clock_lfclk_request
                           0x2'8363    0x38  Code  Gb  nrf_drv_clock.o [7]
nrf_drv_uart_init          0x2'a475    0x52  Code  Gb  nrf_drv_uart.o [7]
nrf_drv_uart_rx            0x2'7533    0x1e  Code  Lc  app_uart_fifo.o [8]
nrf_drv_uart_tx            0x2'7515    0x1e  Code  Lc  app_uart_fifo.o [8]
nrf_drv_uart_use_easy_dma
                        0x2000'9b04     0x1  Data  Gb  nrf_drv_uart.o [7]
nrf_fprintf                0x2'b6a9    0x22  Code  Gb  nrf_fprintf.o [8]
nrf_fprintf_buffer_flush
                           0x2'b691    0x16  Code  Gb  nrf_fprintf.o [8]
nrf_fprintf_fmt            0x2'b443   0x228  Code  Gb  nrf_fprintf_format.o [8]
nrf_gpio_cfg               0x2'71bf    0x24  Code  Lc  boards.o [3]
nrf_gpio_cfg               0x2'9ec9    0x24  Code  Lc  nrfx_uart.o [7]
nrf_gpio_cfg               0x2'9a05    0x24  Code  Lc  nrfx_uarte.o [7]
nrf_gpio_cfg_input         0x2'9ef7     0xc  Code  Lc  nrfx_uart.o [7]
nrf_gpio_cfg_input         0x2'9a33     0xc  Code  Lc  nrfx_uarte.o [7]
nrf_gpio_cfg_output        0x2'9eed     0xa  Code  Lc  nrfx_uart.o [7]
nrf_gpio_cfg_output        0x2'9a29     0xa  Code  Lc  nrfx_uarte.o [7]
nrf_gpio_cfg_sense_set     0x2'a719    0x30  Code  Lc  nrfx_gpiote.o [7]
nrf_gpio_latches_read_and_clear
                           0x2'a755    0x28  Code  Lc  nrfx_gpiote.o [7]
nrf_gpio_pin_port_decode
                           0x2'71b9     0x6  Code  Lc  boards.o [3]
nrf_gpio_pin_port_decode
                           0x2'a713     0x6  Code  Lc  nrfx_gpiote.o [7]
nrf_gpio_pin_set           0x2'9f15     0xe  Code  Lc  nrfx_uart.o [7]
nrf_gpio_pin_set           0x2'9a51     0xe  Code  Lc  nrfx_uarte.o [7]
nrf_gpio_pin_write         0x2'71e3    0x22  Code  Lc  boards.o [3]
nrf_gpiote_event_addr_get
                           0x2'a711     0x2  Code  Lc  nrfx_gpiote.o [7]
nrf_gpiote_event_clear     0x2'a6f7    0x1a  Code  Lc  nrfx_gpiote.o [7]
nrf_gpiote_event_is_set
                           0x2'a6e5    0x12  Code  Lc  nrfx_gpiote.o [7]
nrf_log_backend_rtt_api
                           0x2'cc88     0xc  Data  Gb  nrf_log_backend_rtt.o [9]
nrf_log_backend_rtt_flush
                           0x2'c361     0x2  Code  Lc  nrf_log_backend_rtt.o [9]
nrf_log_backend_rtt_panic_set
                           0x2'c363     0x2  Code  Lc  nrf_log_backend_rtt.o [9]
nrf_log_backend_rtt_put
                           0x2'c343    0x10  Code  Lc  nrf_log_backend_rtt.o [9]
nrf_log_backend_serial_put
                           0x2'c185    0xcc  Code  Gb  nrf_log_backend_serial.o [9]
nrf_log_color_id_get       0x2'8fbd    0x2a  Code  Gb  nrf_log_frontend.o [9]
nrf_log_frontend_dequeue
                           0x2'9219   0x1fc  Code  Gb  nrf_log_frontend.o [9]
nrf_log_frontend_std_0     0x2'91bf     0x6  Code  Gb  nrf_log_frontend.o [9]
nrf_log_frontend_std_1     0x2'91c5     0xc  Code  Gb  nrf_log_frontend.o [9]
nrf_log_frontend_std_2     0x2'91d1    0x10  Code  Gb  nrf_log_frontend.o [9]
nrf_log_frontend_std_3     0x2'91e1    0x12  Code  Gb  nrf_log_frontend.o [9]
nrf_log_hexdump_entry_process
                           0x2'ba3d    0xaa  Code  Gb  nrf_log_str_formatter.o [9]
nrf_log_module_cnt_get     0x2'8f65     0xe  Code  Gb  nrf_log_frontend.o [9]
nrf_log_module_name_get
                           0x2'8fa1    0x1a  Code  Gb  nrf_log_frontend.o [9]
nrf_log_panic              0x2'9433    0x26  Code  Gb  nrf_log_frontend.o [9]
nrf_log_std_entry_process
                           0x2'b9ad    0x8e  Code  Gb  nrf_log_str_formatter.o [9]
nrf_memobj_alloc           0x2'af71    0x64  Code  Gb  nrf_memobj.o [8]
nrf_memobj_free            0x2'afd5    0x2c  Code  Gb  nrf_memobj.o [8]
nrf_memobj_get             0x2'b001     0x8  Code  Gb  nrf_memobj.o [8]
nrf_memobj_pool_init       0x2'af6d     0x4  Code  Gb  nrf_memobj.o [8]
nrf_memobj_put             0x2'b009    0x1e  Code  Gb  nrf_memobj.o [8]
nrf_memobj_read            0x2'b0b5     0x6  Code  Gb  nrf_memobj.o [8]
nrf_memobj_write           0x2'b0ad     0x8  Code  Gb  nrf_memobj.o [8]
nrf_nvic_state          0x2000'9aa4     0xc  Data  Gb  app_util_platform.o [8]
nrf_pwr_mgmt_init          0x2'8859    0x1a  Code  Gb  nrf_pwr_mgmt.o [8]
nrf_pwr_mgmt_run           0x2'8873    0x3e  Code  Gb  nrf_pwr_mgmt.o [8]
nrf_queue_generic_pop      0x2'b1d7    0x84  Code  Gb  nrf_queue.o [8]
nrf_queue_is_empty         0x2'b273    0x12  Code  Gb  nrf_queue.o [8]
nrf_queue_is_full          0x2'b113    0x18  Code  Gb  nrf_queue.o [8]
nrf_queue_next_idx         0x2'b0e9     0xe  Code  Lc  nrf_queue.o [8]
nrf_queue_push             0x2'b12b    0xac  Code  Gb  nrf_queue.o [8]
nrf_rtc_cc_set             0x2'aac1     0xa  Code  Lc  drv_rtc.o [8]
nrf_rtc_event_clear        0x2'aad1    0x10  Code  Lc  drv_rtc.o [8]
nrf_rtc_event_disable      0x2'aae7     0x6  Code  Lc  drv_rtc.o [8]
nrf_rtc_event_enable       0x2'aae1     0x6  Code  Lc  drv_rtc.o [8]
nrf_rtc_int_disable        0x2'aacb     0x6  Code  Lc  drv_rtc.o [8]
nrf_sdh_ble_default_cfg_set
                           0x2'8a71   0x10c  Code  Gb  nrf_sdh_ble.o [11]
nrf_sdh_ble_enable         0x2'8b95    0x68  Code  Gb  nrf_sdh_ble.o [11]
nrf_sdh_ble_evts_poll      0x2'8bfd    0x48  Code  Lc  nrf_sdh_ble.o [11]
nrf_sdh_enable_request     0x2'89a1    0x52  Code  Gb  nrf_sdh.o [11]
nrf_sdh_enable_request::clock_lf_cfg
                           0x2'8a6c     0x4  Data  Lc  nrf_sdh.o [11]
nrf_sdh_evts_poll          0x2'8a25    0x22  Code  Gb  nrf_sdh.o [11]
nrf_sdh_is_enabled         0x2'8a09     0x6  Code  Gb  nrf_sdh.o [11]
nrf_sdh_soc_evts_poll      0x2'c555    0x36  Code  Lc  nrf_sdh_soc.o [11]
nrf_section_iter_get       0x2'88c5     0x4  Code  Lc  nrf_sdh.o [11]
nrf_section_iter_init      0x2'aeeb     0x4  Code  Gb  nrf_section_iter.o [8]
nrf_section_iter_item_set
                           0x2'aec9    0x22  Code  Lc  nrf_section_iter.o [8]
nrf_section_iter_next      0x2'aef3    0x1c  Code  Gb  nrf_section_iter.o [8]
nrf_sortlist_add           0x2'ad79    0x22  Code  Gb  nrf_sortlist.o [8]
nrf_sortlist_pop           0x2'ad9b     0xe  Code  Gb  nrf_sortlist.o [8]
nrf_sortlist_remove        0x2'ada9    0x1a  Code  Gb  nrf_sortlist.o [8]
nrf_strerror_array         0x2'bd80   0x128  Data  Lc  nrf_strerror.o [8]
nrf_strerror_find          0x2'af1d    0x36  Code  Gb  nrf_strerror.o [8]
nrf_strerror_get           0x2'af11     0xc  Code  Gb  nrf_strerror.o [8]
nrf_uart_event_check       0x2'9e95     0x4  Code  Lc  nrfx_uart.o [7]
nrf_uart_event_clear       0x2'9e85    0x10  Code  Lc  nrfx_uart.o [7]
nrf_uart_hwfc_pins_set     0x2'9eb1     0xa  Code  Lc  nrfx_uart.o [7]
nrf_uart_int_enable_check
                           0x2'9e99     0xe  Code  Lc  nrfx_uart.o [7]
nrf_uart_rxd_get           0x2'9ebb     0x8  Code  Lc  nrfx_uart.o [7]
nrf_uart_task_trigger      0x2'9ec3     0x6  Code  Lc  nrfx_uart.o [7]
nrf_uart_txrx_pins_set     0x2'9ea7     0xa  Code  Lc  nrfx_uart.o [7]
nrf_uarte_event_check      0x2'99ed     0x4  Code  Lc  nrfx_uarte.o [7]
nrf_uarte_event_clear      0x2'99dd    0x10  Code  Lc  nrfx_uarte.o [7]
nrf_uarte_hwfc_pins_set
                           0x2'99fb     0xa  Code  Lc  nrfx_uarte.o [7]
nrf_uarte_txrx_pins_set
                           0x2'99f1     0xa  Code  Lc  nrfx_uarte.o [7]
nrfx_clock_enable          0x2'a9dd    0x1a  Code  Gb  nrfx_clock.o [7]
nrfx_clock_init            0x2'a9c5    0x18  Code  Gb  nrfx_clock.o [7]
nrfx_clock_lfclk_start     0x2'a9f7    0x38  Code  Gb  nrfx_clock.o [7]
nrfx_clock_lfclk_stop      0x2'aa2f    0x1c  Code  Gb  nrfx_clock.o [7]
nrfx_coredep_delay_us      0x2'aab1    0x10  Code  Lc  drv_rtc.o [8]
nrfx_coredep_delay_us::delay_machine_code
                           0x2'ad70     0x8  Data  Lc  drv_rtc.o [8]
nrfx_coredep_delay_us::delay_machine_code
                           0x2'c370     0x8  Data  Lc  nrf_log_backend_rtt.o [9]
nrfx_gpiote_in_event_disable
                           0x2'a7cb    0x3c  Code  Gb  nrfx_gpiote.o [7]
nrfx_prs_acquire           0x2'b28b    0x38  Code  Gb  nrfx_prs.o [7]
nrfx_uart_0_irq_handler
                           0x2'a273   0x114  Code  Gb  nrfx_uart.o [7]
nrfx_uart_init             0x2'9f25   0x120  Code  Gb  nrfx_uart.o [7]
nrfx_uart_init::irq_handlers
                           0x2'a3b4     0x4  Data  Lc  nrfx_uart.o [7]
nrfx_uart_rx               0x2'a161    0xd2  Code  Gb  nrfx_uart.o [7]
nrfx_uart_tx               0x2'a065    0x98  Code  Gb  nrfx_uart.o [7]
nrfx_uart_tx_in_progress
                           0x2'a0fd     0xc  Code  Gb  nrfx_uart.o [7]
nrfx_uarte_0_irq_handler
                           0x2'9d67    0xec  Code  Gb  nrfx_uarte.o [7]
nrfx_uarte_init            0x2'9a61   0x136  Code  Gb  nrfx_uarte.o [7]
nrfx_uarte_init::irq_handlers
                           0x2'9e80     0x4  Data  Lc  nrfx_uarte.o [7]
nrfx_uarte_rx              0x2'9c3d    0xec  Code  Gb  nrfx_uarte.o [7]
nrfx_uarte_tx              0x2'9b97    0x8a  Code  Gb  nrfx_uarte.o [7]
nrfx_uarte_tx_in_progress
                           0x2'9c29     0xc  Code  Gb  nrfx_uarte.o [7]
on_srv_disc_completion     0x2'7bcb    0x88  Code  Lc  ble_db_discovery.o [5]
pin_in_use_by_port         0x2'a7a1    0x16  Code  Lc  nrfx_gpiote.o [7]
pin_in_use_by_te           0x2'a78f    0x12  Code  Lc  nrfx_gpiote.o [7]
postfix_process            0x2'b97d    0x30  Code  Lc  nrf_log_str_formatter.o [9]
prefix_process             0x2'b91d    0x60  Code  Lc  nrf_log_str_formatter.o [9]
pwr_mgmt_data              0x2'88b8     0xc  Data  Lc  nrf_pwr_mgmt.o [8]
pwr_mgmt_data0$$Base            0x0           --   Gb  - Linker created -
pwr_mgmt_data0$$Limit           0x0           --   Gb  - Linker created -
pwr_mgmt_data1$$Base       0x2'cd80           --   Gb  - Linker created -
pwr_mgmt_data1$$Limit      0x2'cd84           --   Gb  - Linker created -
pwr_mgmt_data2$$Base            0x0           --   Gb  - Linker created -
pwr_mgmt_data2$$Limit           0x0           --   Gb  - Linker created -
pwr_mgmt_data_array        0x2'c9d8    0x18  Data  Lc  nrf_pwr_mgmt.o [8]
queue_process              0x2'966d    0xda  Code  Lc  nrf_ble_gq.o [5]
queue_utilization_get      0x2'b0f7    0x1c  Code  Lc  nrf_queue.o [8]
queues_purge               0x2'9749    0x46  Code  Lc  nrf_ble_gq.o [5]
registered_handler_get     0x2'7a89    0x30  Code  Lc  ble_db_discovery.o [5]
request_err_code_handle
                           0x2'9635    0x38  Code  Lc  nrf_ble_gq.o [5]
rtc_irq                    0x2'8573   0x17a  Code  Lc  app_timer2.o [8]
rtt_log_backend            0x2'cc20    0x10  Data  Lc  nrf_log_default_backends.o [9]
rx_buffer               0x2000'6d3d     0x1  Data  Lc  app_uart_fifo.o [8]
rx_byte                    0x2'a12b    0x36  Code  Lc  nrfx_uart.o [7]
rx_done_event              0x2'a23d    0x18  Code  Lc  nrfx_uart.o [7]
rx_done_event              0x2'9d29    0x18  Code  Lc  nrfx_uarte.o [7]
rx_enable                  0x2'a111    0x1a  Code  Lc  nrfx_uart.o [7]
scan_evt_handler           0x2'621f    0x12  Code  Lc  main.o [1]
scan_init                  0x2'6231    0x14  Code  Lc  main.o [1]
scan_start                 0x2'6205    0x1a  Code  Lc  main.o [1]
sd_state_evt_handler       0x2'8435    0x4a  Code  Lc  nrf_drv_clock.o [7]
sdh_ble_observers          0x2'8c80     0xc  Data  Lc  nrf_sdh_ble.o [11]
sdh_ble_observers0$$Base
                           0x2'cd58           --   Gb  - Linker created -
sdh_ble_observers0$$Limit
                           0x2'cd60           --   Gb  - Linker created -
sdh_ble_observers1$$Base
                           0x2'c598           --   Gb  - Linker created -
sdh_ble_observers1$$Limit
                           0x2'c5d8           --   Gb  - Linker created -
sdh_ble_observers2$$Base
                           0x2'c8b8           --   Gb  - Linker created -
sdh_ble_observers2$$Limit
                           0x2'c8d8           --   Gb  - Linker created -
sdh_ble_observers3$$Base
                           0x2'cd60           --   Gb  - Linker created -
sdh_ble_observers3$$Limit
                           0x2'cd68           --   Gb  - Linker created -
sdh_ble_observers_array
                           0x2'c7f8    0x20  Data  Lc  nrf_sdh_ble.o [11]
sdh_req_observers          0x2'8a48     0xc  Data  Lc  nrf_sdh.o [11]
sdh_req_observers0$$Base
                                0x0           --   Gb  - Linker created -
sdh_req_observers0$$Limit
                                0x0           --   Gb  - Linker created -
sdh_req_observers1$$Base
                                0x0           --   Gb  - Linker created -
sdh_req_observers1$$Limit
                                0x0           --   Gb  - Linker created -
sdh_req_observers_array
                           0x2'cbb0    0x10  Data  Lc  nrf_sdh.o [11]
sdh_request_observer_notify
                           0x2'88f5    0x32  Code  Lc  nrf_sdh.o [11]
sdh_soc_observers          0x2'c58c     0xc  Data  Lc  nrf_sdh_soc.o [11]
sdh_soc_observers0$$Base
                           0x2'cd68           --   Gb  - Linker created -
sdh_soc_observers0$$Limit
                           0x2'cd70           --   Gb  - Linker created -
sdh_soc_observers1$$Base
                                0x0           --   Gb  - Linker created -
sdh_soc_observers1$$Limit
                                0x0           --   Gb  - Linker created -
sdh_soc_observers_array
                           0x2'cbe0    0x10  Data  Lc  nrf_sdh_soc.o [11]
sdh_stack_observers        0x2'8a60     0xc  Data  Lc  nrf_sdh.o [11]
sdh_stack_observers0$$Base
                           0x2'cc30           --   Gb  - Linker created -
sdh_stack_observers0$$Limit
                           0x2'cc40           --   Gb  - Linker created -
sdh_stack_observers1$$Base
                                0x0           --   Gb  - Linker created -
sdh_stack_observers1$$Limit
                                0x0           --   Gb  - Linker created -
sdh_stack_observers_array
                           0x2'cbd0    0x10  Data  Lc  nrf_sdh.o [11]
sdh_state_observer_notify
                           0x2'8929    0x2c  Code  Lc  nrf_sdh.o [11]
sdh_state_observers        0x2'8a54     0xc  Data  Lc  nrf_sdh.o [11]
sdh_state_observers0$$Base
                           0x2'cd70           --   Gb  - Linker created -
sdh_state_observers0$$Limit
                           0x2'cd78           --   Gb  - Linker created -
sdh_state_observers1$$Base
                                0x0           --   Gb  - Linker created -
sdh_state_observers1$$Limit
                                0x0           --   Gb  - Linker created -
sdh_state_observers_array
                           0x2'cbc0    0x10  Data  Lc  nrf_sdh.o [11]
sens_n                  0x2000'51a0     0x4  Data  Gb  main.o [1]
serial_tx                  0x2'c2f1    0x52  Code  Lc  nrf_log_backend_rtt.o [9]
severity_names          0x2000'6d60    0x14  Data  Lc  nrf_log_str_formatter.o [9]
shutdown_handler           0x2'689d    0x20  Code  Lc  main.o [1]
shutdown_handler_handler_function
                           0x2'cd80     0x4  Data  Lc  main.o [1]
soc_evt_handler            0x2'8429     0xc  Code  Lc  nrf_drv_clock.o [7]
softdevices_evt_irq_enable
                           0x2'8959    0x48  Code  Lc  nrf_sdh.o [11]
sortlist_pop               0x2'856d     0x6  Code  Lc  app_timer2.o [8]
std_n                      0x2'913b    0x84  Code  Lc  nrf_log_frontend.o [9]
strcmp                     0x2'950d          Code  Gb  strcmp.o [14]
timer_expire               0x2'84d7    0x8c  Code  Lc  app_timer2.o [8]
timer_req_schedule         0x2'86f7    0x34  Code  Lc  app_timer2.o [8]
tx_buffer               0x2000'6d3c     0x1  Data  Lc  app_uart_fifo.o [8]
tx_byte                    0x2'a045    0x20  Code  Lc  nrfx_uart.o [7]
tx_done_event              0x2'a255    0x1e  Code  Lc  nrfx_uart.o [7]
tx_done_event              0x2'9d41    0x1e  Code  Lc  nrfx_uarte.o [7]
uart_event_handle          0x2'6305   0x44a  Code  Gb  main.o [1]
uart_event_handle::data_array
                        0x2000'51c4    0x64  Data  Lc  main.o [1]
uart_event_handle::index
                        0x2000'519c     0x2  Data  Lc  main.o [1]
uart_event_handler         0x2'755b    0x94  Code  Lc  app_uart_fifo.o [8]
uart_evt_handler           0x2'a44d     0x2  Code  Lc  nrf_drv_uart.o [7]
uart_init::comm_params     0x2'6da8    0x18  Data  Lc  main.o [1]
uart_init{1}{2}::rx_buf
                        0x2000'6af0   0x100  Data  Lc  main.o [1]
uart_init{1}{2}::tx_buf
                        0x2000'6bf0   0x100  Data  Lc  main.o [1]
uarte_evt_handler          0x2'a449     0x4  Code  Lc  nrf_drv_uart.o [7]
unsigned_print             0x2'b3a1    0xa2  Code  Lc  nrf_fprintf_format.o [8]
unsigned_print::_aV2C      0x2'b680    0x10  Data  Lc  nrf_fprintf_format.o [8]
wakeup_button_cfg          0x2'7975    0x3a  Code  Lc  bsp.o [2]


[1] = C:\Users\Michelangelo\Desktop\FINALE\Firmware\Central BLE\examples\ble_central\ble_app_multilink_central_V2\pca10040\s132\iar\_build\Application
[2] = C:\Users\Michelangelo\Desktop\FINALE\Firmware\Central BLE\examples\ble_central\ble_app_multilink_central_V2\pca10040\s132\iar\_build\Board Support
[3] = C:\Users\Michelangelo\Desktop\FINALE\Firmware\Central BLE\examples\ble_central\ble_app_multilink_central_V2\pca10040\s132\iar\_build\None
[4] = C:\Users\Michelangelo\Desktop\FINALE\Firmware\Central BLE\examples\ble_central\ble_app_multilink_central_V2\pca10040\s132\iar\_build\UTF8\UTF16 converter
[5] = C:\Users\Michelangelo\Desktop\FINALE\Firmware\Central BLE\examples\ble_central\ble_app_multilink_central_V2\pca10040\s132\iar\_build\nRF_BLE
[6] = C:\Users\Michelangelo\Desktop\FINALE\Firmware\Central BLE\examples\ble_central\ble_app_multilink_central_V2\pca10040\s132\iar\_build\nRF_BLE_Services
[7] = C:\Users\Michelangelo\Desktop\FINALE\Firmware\Central BLE\examples\ble_central\ble_app_multilink_central_V2\pca10040\s132\iar\_build\nRF_Drivers
[8] = C:\Users\Michelangelo\Desktop\FINALE\Firmware\Central BLE\examples\ble_central\ble_app_multilink_central_V2\pca10040\s132\iar\_build\nRF_Libraries
[9] = C:\Users\Michelangelo\Desktop\FINALE\Firmware\Central BLE\examples\ble_central\ble_app_multilink_central_V2\pca10040\s132\iar\_build\nRF_Log
[10] = C:\Users\Michelangelo\Desktop\FINALE\Firmware\Central BLE\examples\ble_central\ble_app_multilink_central_V2\pca10040\s132\iar\_build\nRF_Segger_RTT
[11] = C:\Users\Michelangelo\Desktop\FINALE\Firmware\Central BLE\examples\ble_central\ble_app_multilink_central_V2\pca10040\s132\iar\_build\nRF_SoftDevice
[12] = dl7M_tlf.a
[13] = m7M_tls.a
[14] = rt7M_tl.a

  24'450 bytes of readonly  code memory
   3'931 bytes of readonly  data memory
  30'105 bytes of readwrite data memory

Errors: none
Warnings: none
